Component: ARM Compiler 5.05 update 2 (build 169) Tool: armlink [4d0f33]

==============================================================================

Section Cross References

    startup_stm32f427xx.o(RESET) refers to startup_stm32f427xx.o(STACK) for __initial_sp
    startup_stm32f427xx.o(RESET) refers to startup_stm32f427xx.o(.text) for Reset_Handler
    startup_stm32f427xx.o(RESET) refers to stm32f4xx_it.o(i.NMI_Handler) for NMI_Handler
    startup_stm32f427xx.o(RESET) refers to stm32f4xx_it.o(i.HardFault_Handler) for HardFault_Handler
    startup_stm32f427xx.o(RESET) refers to stm32f4xx_it.o(i.MemManage_Handler) for MemManage_Handler
    startup_stm32f427xx.o(RESET) refers to stm32f4xx_it.o(i.BusFault_Handler) for BusFault_Handler
    startup_stm32f427xx.o(RESET) refers to stm32f4xx_it.o(i.UsageFault_Handler) for UsageFault_Handler
    startup_stm32f427xx.o(RESET) refers to stm32f4xx_it.o(i.SVC_Handler) for SVC_Handler
    startup_stm32f427xx.o(RESET) refers to stm32f4xx_it.o(i.DebugMon_Handler) for DebugMon_Handler
    startup_stm32f427xx.o(RESET) refers to stm32f4xx_it.o(i.PendSV_Handler) for PendSV_Handler
    startup_stm32f427xx.o(RESET) refers to stm32f4xx_it.o(i.SysTick_Handler) for SysTick_Handler
    startup_stm32f427xx.o(RESET) refers to stm32f4xx_it.o(i.EXTI1_IRQHandler) for EXTI1_IRQHandler
    startup_stm32f427xx.o(RESET) refers to stm32f4xx_it.o(i.CAN1_TX_IRQHandler) for CAN1_TX_IRQHandler
    startup_stm32f427xx.o(RESET) refers to stm32f4xx_it.o(i.CAN1_RX0_IRQHandler) for CAN1_RX0_IRQHandler
    startup_stm32f427xx.o(RESET) refers to tim.o(i.TIM3_IRQHandler) for TIM3_IRQHandler
    startup_stm32f427xx.o(RESET) refers to usart.o(i.USART1_IRQHandler) for USART1_IRQHandler
    startup_stm32f427xx.o(RESET) refers to usart.o(i.USART2_IRQHandler) for USART2_IRQHandler
    startup_stm32f427xx.o(RESET) refers to usart.o(i.USART3_IRQHandler) for USART3_IRQHandler
    startup_stm32f427xx.o(RESET) refers to tim.o(i.TIM5_IRQHandler) for TIM5_IRQHandler
    startup_stm32f427xx.o(RESET) refers to dma.o(i.DMA2_Stream2_IRQHandler) for DMA2_Stream2_IRQHandler
    startup_stm32f427xx.o(RESET) refers to stm32f4xx_it.o(i.CAN2_TX_IRQHandler) for CAN2_TX_IRQHandler
    startup_stm32f427xx.o(RESET) refers to stm32f4xx_it.o(i.CAN2_RX0_IRQHandler) for CAN2_RX0_IRQHandler
    startup_stm32f427xx.o(RESET) refers to stm32f4xx_it.o(i.OTG_FS_IRQHandler) for OTG_FS_IRQHandler
    startup_stm32f427xx.o(RESET) refers to stm32f4xx_it.o(i.USART6_IRQHandler) for USART6_IRQHandler
    startup_stm32f427xx.o(.text) refers to system_stm32f4xx.o(i.SystemInit) for SystemInit
    startup_stm32f427xx.o(.text) refers to entry.o(.ARM.Collect$$$$00000000) for __main
    stm32f4xx_hal_pcd.o(i.HAL_PCD_DeInit) refers to stm32f4xx_hal_pcd.o(i.HAL_PCD_Stop) for HAL_PCD_Stop
    stm32f4xx_hal_pcd.o(i.HAL_PCD_DeInit) refers to usbd_conf.o(i.HAL_PCD_MspDeInit) for HAL_PCD_MspDeInit
    stm32f4xx_hal_pcd.o(i.HAL_PCD_DevConnect) refers to stm32f4xx_ll_usb.o(i.USB_DevConnect) for USB_DevConnect
    stm32f4xx_hal_pcd.o(i.HAL_PCD_DevDisconnect) refers to stm32f4xx_ll_usb.o(i.USB_DevDisconnect) for USB_DevDisconnect
    stm32f4xx_hal_pcd.o(i.HAL_PCD_EP_Close) refers to stm32f4xx_ll_usb.o(i.USB_DeactivateEndpoint) for USB_DeactivateEndpoint
    stm32f4xx_hal_pcd.o(i.HAL_PCD_EP_ClrStall) refers to stm32f4xx_ll_usb.o(i.USB_EPClearStall) for USB_EPClearStall
    stm32f4xx_hal_pcd.o(i.HAL_PCD_EP_Flush) refers to stm32f4xx_ll_usb.o(i.USB_FlushTxFifo) for USB_FlushTxFifo
    stm32f4xx_hal_pcd.o(i.HAL_PCD_EP_Flush) refers to stm32f4xx_ll_usb.o(i.USB_FlushRxFifo) for USB_FlushRxFifo
    stm32f4xx_hal_pcd.o(i.HAL_PCD_EP_Open) refers to stm32f4xx_ll_usb.o(i.USB_ActivateEndpoint) for USB_ActivateEndpoint
    stm32f4xx_hal_pcd.o(i.HAL_PCD_EP_Receive) refers to stm32f4xx_ll_usb.o(i.USB_EP0StartXfer) for USB_EP0StartXfer
    stm32f4xx_hal_pcd.o(i.HAL_PCD_EP_Receive) refers to stm32f4xx_ll_usb.o(i.USB_EPStartXfer) for USB_EPStartXfer
    stm32f4xx_hal_pcd.o(i.HAL_PCD_EP_SetStall) refers to stm32f4xx_ll_usb.o(i.USB_EPSetStall) for USB_EPSetStall
    stm32f4xx_hal_pcd.o(i.HAL_PCD_EP_SetStall) refers to stm32f4xx_ll_usb.o(i.USB_EP0_OutStart) for USB_EP0_OutStart
    stm32f4xx_hal_pcd.o(i.HAL_PCD_EP_Transmit) refers to stm32f4xx_ll_usb.o(i.USB_EP0StartXfer) for USB_EP0StartXfer
    stm32f4xx_hal_pcd.o(i.HAL_PCD_EP_Transmit) refers to stm32f4xx_ll_usb.o(i.USB_EPStartXfer) for USB_EPStartXfer
    stm32f4xx_hal_pcd.o(i.HAL_PCD_IRQHandler) refers to stm32f4xx_ll_usb.o(i.USB_GetMode) for USB_GetMode
    stm32f4xx_hal_pcd.o(i.HAL_PCD_IRQHandler) refers to stm32f4xx_ll_usb.o(i.USB_ReadInterrupts) for USB_ReadInterrupts
    stm32f4xx_hal_pcd.o(i.HAL_PCD_IRQHandler) refers to stm32f4xx_ll_usb.o(i.USB_ReadDevAllOutEpInterrupt) for USB_ReadDevAllOutEpInterrupt
    stm32f4xx_hal_pcd.o(i.HAL_PCD_IRQHandler) refers to stm32f4xx_ll_usb.o(i.USB_ReadDevOutEPInterrupt) for USB_ReadDevOutEPInterrupt
[...]
    pid_param_init                           0x08007645   Thumb Code    20  pid.o(i.pid_param_init)
    i.pid_reset                              0x08007658   Section        0  pid.o(i.pid_reset)
    i.setinputmode                           0x08007668   Section        0  t_remote.o(i.setinputmode)
    .constdata                               0x08007694   Section       16  stm32f4xx_hal_rcc.o(.constdata)
    .constdata                               0x080076a4   Section        8  stm32f4xx_hal_dma.o(.constdata)
    flagBitshiftOffset                       0x080076a4   Data           8  stm32f4xx_hal_dma.o(.constdata)
    .constdata                               0x080076ac   Section       20  m_imu.o(.constdata)
    .data                                    0x20000000   Section        4  stm32f4xx_hal.o(.data)
    .data                                    0x20000004   Section        1  usbd_ctlreq.o(.data)
    cfgidx                                   0x20000004   Data           1  usbd_ctlreq.o(.data)
    .data                                    0x20000008   Section        4  system_stm32f4xx.o(.data)
    .data                                    0x2000000c   Section       68  t_moto.o(.data)
    NowAngle                                 0x20000048   Data           4  t_moto.o(.data)
    yaw_angle_set                            0x2000004c   Data           4  t_moto.o(.data)
    .data                                    0x20000050   Section        1  control.o(.data)
    state_machine                            0x20000050   Data           1  control.o(.data)
    .data                                    0x20000054   Section       64  t_remote.o(.data)
    shootkey_sta                             0x20000083   Data           1  t_remote.o(.data)
    norkey_sta                               0x20000084   Data           4  t_remote.o(.data)
    normode_sta                              0x20000088   Data           4  t_remote.o(.data)
    mkkey_sta                                0x2000008c   Data           4  t_remote.o(.data)
    mkmode_sta                               0x20000090   Data           4  t_remote.o(.data)
    .data                                    0x20000094   Section       12  t_tk1.o(.data)
    .data                                    0x200000a0   Section       32  egg_task.o(.data)
    .data                                    0x200000c0   Section      144  pid.o(.data)
    .data                                    0x20000150   Section       12  m_remote.o(.data)
    .data                                    0x2000015c   Section       21  m_imu.o(.data)
    MPU_Rx                                   0x2000015d   Data           1  m_imu.o(.data)
    MPU_Tx                                   0x2000015e   Data           1  m_imu.o(.data)
    MPU_Rx                                   0x2000015f   Data           1  m_imu.o(.data)
    MPU_Tx                                   0x20000160   Data           1  m_imu.o(.data)
    MPU_Rx                                   0x20000161   Data           1  m_imu.o(.data)
    MPU_Tx                                   0x20000162   Data           1  m_imu.o(.data)
    MPU_Tx_buff                              0x20000163   Data          14  m_imu.o(.data)
    .data                                    0x20000174   Section        8  m_moto.o(.data)
    .data                                    0x2000017c   Section        4  can.o(.data)
    HAL_RCC_CAN1_CLK_ENABLED                 0x2000017c   Data           4  can.o(.data)
    .bss                                     0x20000180   Section      160  t_moto.o(.bss)
    .bss                                     0x20000220   Section      286  control.o(.bss)
    .bss                                     0x20000340   Section     2916  pid.o(.bss)
    .bss                                     0x20000ea4   Section       56  m_remote.o(.bss)
    .bss                                     0x20000edc   Section       52  m_imu.o(.bss)
    .bss                                     0x20000f10   Section      528  m_moto.o(.bss)
    .bss                                     0x20001120   Section      384  can.o(.bss)
    Tx1Message                               0x200011a0   Data          28  can.o(.bss)
    Rx1Message                               0x200011bc   Data          36  can.o(.bss)
    Tx2Message                               0x200011e0   Data          28  can.o(.bss)
    Rx2Message                               0x200011fc   Data          36  can.o(.bss)
    Tx1Message                               0x20001220   Data          28  can.o(.bss)
    Rx1Message                               0x2000123c   Data          36  can.o(.bss)
    Tx2Message                               0x20001260   Data          28  can.o(.bss)
    Rx2Message                               0x2000127c   Data          36  can.o(.bss)
    .bss                                     0x200012a0   Section      384  dma.o(.bss)
    .bss                                     0x20001420   Section       88  spi.o(.bss)
    .bss                                     0x20001478   Section      536  tim.o(.bss)
    .bss                                     0x20001690   Section      256  usart.o(.bss)
    .bss                                     0x20001790   Section      952  usbd_conf.o(.bss)
    STACK                                    0x20001b48   Section     1024  startup_stm32f427xx.o(STACK)

    Global Symbols

    Symbol Name                              Value     Ov Type        Size  Object(Section)

    BuildAttributes$$THM_ISAv4$E$P$D$K$B$S$7EM$VFPi3$EXTD16$VFPS$VFMA$PE$A:L22UL41UL21$X:L11$S22US41US21$IEEE1$IW$USESV6$~STKCKD$USESV7$~SHL$OTIME$ROPI$EBA8$MICROLIB$REQ8$PRES8$EABIv2 0x00000000   Number         0  anon$$obj.o ABSOLUTE
    __ARM_use_no_argv                        0x00000000   Number         0  main.o ABSOLUTE
    _printf_a                                0x00000000   Number         0  stubs.o ABSOLUTE
    _printf_c                                0x00000000   Number         0  stubs.o ABSOLUTE
    _printf_charcount                        0x00000000   Number         0  stubs.o ABSOLUTE
    _printf_d                                0x00000000   Number         0  stubs.o ABSOLUTE
    _printf_e                                0x00000000   Number         0  stubs.o ABSOLUTE
    _printf_f                                0x00000000   Number         0  stubs.o ABSOLUTE
    _printf_flags                            0x00000000   Number         0  stubs.o ABSOLUTE
    _printf_fp_dec                           0x00000000   Number         0  stubs.o ABSOLUTE
    _printf_fp_hex                           0x00000000   Number         0  stubs.o ABSOLUTE
    _printf_g                                0x00000000   Number         0  stubs.o ABSOLUTE
    _printf_i                                0x00000000   Number         0  stubs.o ABSOLUTE
    _printf_int_dec                          0x00000000   Number         0  stubs.o ABSOLUTE
    _printf_l                                0x00000000   Number         0  stubs.o ABSOLUTE
    _printf_lc                               0x00000000   Number         0  stubs.o ABSOLUTE
    _printf_ll                               0x00000000   Number         0  stubs.o ABSOLUTE
    _printf_lld                              0x00000000   Number         0  stubs.o ABSOLUTE
    _printf_lli                              0x00000000   Number         0  stubs.o ABSOLUTE
    _printf_llo                              0x00000000   Number         0  stubs.o ABSOLUTE
    _printf_llu                              0x00000000   Number         0  stubs.o ABSOLUTE
    _printf_llx                              0x00000000   Number         0  stubs.o ABSOLUTE
    _printf_longlong_dec                     0x00000000   Number         0  stubs.o ABSOLUTE
    _printf_longlong_hex                     0x00000000   Number         0  stubs.o ABSOLUTE
    _printf_longlong_oct                     0x00000000   Number         0  stubs.o ABSOLUTE
    _printf_ls                               0x00000000   Number         0  stubs.o ABSOLUTE
    _printf_mbtowc                           0x00000000   Number         0  stubs.o ABSOLUTE
    _printf_n                                0x00000000   Number         0  stubs.o ABSOLUTE
    _printf_o                                0x00000000   Number         0  stubs.o ABSOLUTE
    _printf_p                                0x00000000   Number         0  stubs.o ABSOLUTE
    _printf_percent                          0x00000000   Number         0  stubs.o ABSOLUTE
    _printf_pre_padding                      0x00000000   Number         0  stubs.o ABSOLUTE
    _printf_return_value                     0x00000000   Number         0  stubs.o ABSOLUTE
    _printf_s                                0x00000000   Number         0  stubs.o ABSOLUTE
    _printf_sizespec                         0x00000000   Number         0  stubs.o ABSOLUTE
    _printf_str                              0x00000000   Number         0  stubs.o ABSOLUTE
    _printf_truncate_signed                  0x00000000   Number         0  stubs.o ABSOLUTE
    _printf_truncate_unsigned                0x00000000   Number         0  stubs.o ABSOLUTE
    _printf_u                                0x00000000   Number         0  stubs.o ABSOLUTE
    _printf_wc                               0x00000000   Number         0  stubs.o ABSOLUTE
    _printf_wctomb                           0x00000000   Number         0  stubs.o ABSOLUTE
    _printf_widthprec                        0x00000000   Number         0  stubs.o ABSOLUTE
    _printf_x                                0x00000000   Number         0  stubs.o ABSOLUTE
    __cpp_initialize__aeabi_                  - Undefined Weak Reference
    __cxa_finalize                            - Undefined Weak Reference
    _clock_init                               - Undefined Weak Reference
    _microlib_exit                            - Undefined Weak Reference
    __Vectors_Size                           0x000001ac   Number         0  startup_stm32f427xx.o ABSOLUTE
    __Vectors                                0x08000000   Data           4  startup_stm32f427xx.o(RESET)
    __Vectors_End                            0x080001ac   Data           0  startup_stm32f427xx.o(RESET)
    __main                                   0x080001ad   Thumb Code     0  entry.o(.ARM.Collect$$$$00000000)
    _main_stk                                0x080001ad   Thumb Code     0  entry2.o(.ARM.Collect$$$$00000001)
    _main_scatterload                        0x080001b1   Thumb Code     0  entry5.o(.ARM.Collect$$$$00000004)
    __main_after_scatterload                 0x080001b5   Thumb Code     0  entry5.o(.ARM.Collect$$$$00000004)
    _main_clock                              0x080001b5   Thumb Code     0  entry7b.o(.ARM.Collect$$$$00000008)
    _main_cpp_init                           0x080001b5   Thumb Code     0  entry8b.o(.ARM.Collect$$$$0000000A)
    _main_init                               0x080001b5   Thumb Code     0  entry9a.o(.ARM.Collect$$$$0000000B)
    __rt_final_cpp                           0x080001bd   Thumb Code     0  entry10a.o(.ARM.Collect$$$$0000000D)
    __rt_final_exit                          0x080001bd   Thumb Code     0  entry11a.o(.ARM.Collect$$$$0000000F)
    Reset_Handler                            0x080001c1   Thumb Code     8  startup_stm32f427xx.o(.text)
    ADC_IRQHandler                           0x080001db   Thumb Code     0  startup_stm32f427xx.o(.text)
    CAN1_RX1_IRQHandler                      0x080001db   Thumb Code     0  startup_stm32f427xx.o(.text)
    CAN1_SCE_IRQHandler                      0x080001db   Thumb Code     0  startup_stm32f427xx.o(.text)
    CAN2_RX1_IRQHandler                      0x080001db   Thumb Code     0  startup_stm32f427xx.o(.text)
    CAN2_SCE_IRQHandler                      0x080001db   Thumb Code     0  startup_stm32f427xx.o(.text)
    DCMI_IRQHandler                          0x080001db   Thumb Code     0  startup_stm32f427xx.o(.text)
    DMA1_Stream0_IRQHandler                  0x080001db   Thumb Code     0  startup_stm32f427xx.o(.text)
    DMA1_Stream1_IRQHandler                  0x080001db   Thumb Code     0  startup_stm32f427xx.o(.text)
    DMA1_Stream2_IRQHandler                  0x080001db   Thumb Code     0  startup_stm32f427xx.o(.text)
    DMA1_Stream3_IRQHandler                  0x080001db   Thumb Code     0  startup_stm32f427xx.o(.text)
    DMA1_Stream4_IRQHandler                  0x080001db   Thumb Code     0  startup_stm32f427xx.o(.text)
    DMA1_Stream5_IRQHandler                  0x080001db   Thumb Code     0  startup_stm32f427xx.o(.text)
    DMA1_Stream6_IRQHandler                  0x080001db   Thumb Code     0  startup_stm32f427xx.o(.text)
    DMA1_Stream7_IRQHandler                  0x080001db   Thumb Code     0  startup_stm32f427xx.o(.text)
    DMA2D_IRQHandler                         0x080001db   Thumb Code     0  startup_stm32f427xx.o(.text)
    DMA2_Stream0_IRQHandler                  0x080001db   Thumb Code     0  startup_stm32f427xx.o(.text)
    DMA2_Stream1_IRQHandler                  0x080001db   Thumb Code     0  startup_stm32f427xx.o(.text)
    DMA2_Stream3_IRQHandler                  0x080001db   Thumb Code     0  startup_stm32f427xx.o(.text)
    DMA2_Stream4_IRQHandler                  0x080001db   Thumb Code     0  startup_stm32f427xx.o(.text)
    DMA2_Stream5_IRQHandler                  0x080001db   Thumb Code     0  startup_stm32f427xx.o(.text)
    DMA2_Stream6_IRQHandler                  0x080001db   Thumb Code     0  startup_stm32f427xx.o(.text)
    DMA2_Stream7_IRQHandler                  0x080001db   Thumb Code     0  startup_stm32f427xx.o(.text)
    ETH_IRQHandler                           0x080001db   Thumb Code     0  startup_stm32f427xx.o(.text)
    ETH_WKUP_IRQHandler                      0x080001db   Thumb Code     0  startup_stm32f427xx.o(.text)
    EXTI0_IRQHandler                         0x080001db   Thumb Code     0  startup_stm32f427xx.o(.text)
    EXTI15_10_IRQHandler                     0x080001db   Thumb Code     0  startup_stm32f427xx.o(.text)
    EXTI2_IRQHandler                         0x080001db   Thumb Code     0  startup_stm32f427xx.o(.text)
    EXTI3_IRQHandler                         0x080001db   Thumb Code     0  startup_stm32f427xx.o(.text)
    EXTI4_IRQHandler                         0x080001db   Thumb Code     0  startup_stm32f427xx.o(.text)
    EXTI9_5_IRQHandler                       0x080001db   Thumb Code     0  startup_stm32f427xx.o(.text)
    FLASH_IRQHandler                         0x080001db   Thumb Code     0  startup_stm32f427xx.o(.text)
    FMC_IRQHandler                           0x080001db   Thumb Code     0  startup_stm32f427xx.o(.text)
    FPU_IRQHandler                           0x080001db   Thumb Code     0  startup_stm32f427xx.o(.text)
    HASH_RNG_IRQHandler                      0x080001db   Thumb Code     0  startup_stm32f427xx.o(.text)
    I2C1_ER_IRQHandler                       0x080001db   Thumb Code     0  startup_stm32f427xx.o(.text)
    I2C1_EV_IRQHandler                       0x080001db   Thumb Code     0  startup_stm32f427xx.o(.text)
    I2C2_ER_IRQHandler                       0x080001db   Thumb Code     0  startup_stm32f427xx.o(.text)
    I2C2_EV_IRQHandler                       0x080001db   Thumb Code     0  startup_stm32f427xx.o(.text)
    I2C3_ER_IRQHandler                       0x080001db   Thumb Code     0  startup_stm32f427xx.o(.text)
    I2C3_EV_IRQHandler                       0x080001db   Thumb Code     0  startup_stm32f427xx.o(.text)
    OTG_FS_WKUP_IRQHandler                   0x080001db   Thumb Code     0  startup_stm32f427xx.o(.text)
    OTG_HS_EP1_IN_IRQHandler                 0x080001db   Thumb Code     0  startup_stm32f427xx.o(.text)
    OTG_HS_EP1_OUT_IRQHandler                0x080001db   Thumb Code     0  startup_stm32f427xx.o(.text)
    OTG_HS_IRQHandler                        0x080001db   Thumb Code     0  startup_stm32f427xx.o(.text)
    OTG_HS_WKUP_IRQHandler                   0x080001db   Thumb Code     0  startup_stm32f427xx.o(.text)
    PVD_IRQHandler                           0x080001db   Thumb Code     0  startup_stm32f427xx.o(.text)
    RCC_IRQHandler                           0x080001db   Thumb Code     0  startup_stm32f427xx.o(.text)
    RTC_Alarm_IRQHandler                     0x080001db   Thumb Code     0  startup_stm32f427xx.o(.text)
    RTC_WKUP_IRQHandler                      0x080001db   Thumb Code     0  startup_stm32f427xx.o(.text)
    SAI1_IRQHandler                          0x080001db   Thumb Code     0  startup_stm32f427xx.o(.text)
    SDIO_IRQHandler                          0x080001db   Thumb Code     0  startup_stm32f427xx.o(.text)
    SPI1_IRQHandler                          0x080001db   Thumb Code     0  startup_stm32f427xx.o(.text)
    SPI2_IRQHandler                          0x080001db   Thumb Code     0  startup_stm32f427xx.o(.text)
    SPI3_IRQHandler                          0x080001db   Thumb Code     0  startup_stm32f427xx.o(.text)
    SPI4_IRQHandler                          0x080001db   Thumb Code     0  startup_stm32f427xx.o(.text)
    SPI5_IRQHandler                          0x080001db   Thumb Code     0  startup_stm32f427xx.o(.text)
    SPI6_IRQHandler                          0x080001db   Thumb Code     0  startup_stm32f427xx.o(.text)
    TAMP_STAMP_IRQHandler                    0x080001db   Thumb Code     0  startup_stm32f427xx.o(.text)
    TIM1_BRK_TIM9_IRQHandler                 0x080001db   Thumb Code     0  startup_stm32f427xx.o(.text)
    TIM1_CC_IRQHandler                       0x080001db   Thumb Code     0  startup_stm32f427xx.o(.text)
    TIM1_TRG_COM_TIM11_IRQHandler            0x080001db   Thumb Code     0  startup_stm32f427xx.o(.text)
    TIM1_UP_TIM10_IRQHandler                 0x080001db   Thumb Code     0  startup_stm32f427xx.o(.text)
    TIM2_IRQHandler                          0x080001db   Thumb Code     0  startup_stm32f427xx.o(.text)
    TIM4_IRQHandler                          0x080001db   Thumb Code     0  startup_stm32f427xx.o(.text)
    TIM6_DAC_IRQHandler                      0x080001db   Thumb Code     0  startup_stm32f427xx.o(.text)
    TIM7_IRQHandler                          0x080001db   Thumb Code     0  startup_stm32f427xx.o(.text)
    TIM8_BRK_TIM12_IRQHandler                0x080001db   Thumb Code     0  startup_stm32f427xx.o(.text)
    TIM8_CC_IRQHandler                       0x080001db   Thumb Code     0  startup_stm32f427xx.o(.text)
    TIM8_TRG_COM_TIM14_IRQHandler            0x080001db   Thumb Code     0  startup_stm32f427xx.o(.text)
    TIM8_UP_TIM13_IRQHandler                 0x080001db   Thumb Code     0  startup_stm32f427xx.o(.text)
    UART4_IRQHandler                         0x080001db   Thumb Code     0  startup_stm32f427xx.o(.text)
    UART5_IRQHandler                         0x080001db   Thumb Code     0  startup_stm32f427xx.o(.text)
    UART7_IRQHandler                         0x080001db   Thumb Code     0  startup_stm32f427xx.o(.text)
    UART8_IRQHandler                         0x080001db   Thumb Code     0  startup_stm32f427xx.o(.text)
    WWDG_IRQHandler                          0x080001db   Thumb Code     0  startup_stm32f427xx.o(.text)
    __aeabi_memcpy                           0x080001e5   Thumb Code    36  memcpya.o(.text)
    __aeabi_memcpy4                          0x080001e5   Thumb Code     0  memcpya.o(.text)
    __aeabi_memcpy8                          0x080001e5   Thumb Code     0  memcpya.o(.text)
    __aeabi_dadd                             0x08000209   Thumb Code   322  dadd.o(.text)
    __aeabi_dsub                             0x0800034b   Thumb Code     6  dadd.o(.text)
    __aeabi_drsub                            0x08000351   Thumb Code     6  dadd.o(.text)
    __aeabi_dmul                             0x08000357   Thumb Code   228  dmul.o(.text)
    __aeabi_ddiv                             0x0800043b   Thumb Code   222  ddiv.o(.text)
    __aeabi_i2d                              0x08000519   Thumb Code    34  dflti.o(.text)
    __aeabi_ui2d                             0x0800053b   Thumb Code    26  dfltui.o(.text)
    __aeabi_d2iz                             0x08000555   Thumb Code    62  dfixi.o(.text)
    __aeabi_d2f                              0x08000593   Thumb Code    56  d2f.o(.text)
    __aeabi_llsl                             0x080005cb   Thumb Code    30  llshl.o(.text)
    _ll_shift_l                              0x080005cb   Thumb Code     0  llshl.o(.text)
    __aeabi_llsr                             0x080005e9   Thumb Code    32  llushr.o(.text)
    _ll_ushift_r                             0x080005e9   Thumb Code     0  llushr.o(.text)
    __aeabi_lasr                             0x08000609   Thumb Code    36  llsshr.o(.text)
    _ll_sshift_r                             0x08000609   Thumb Code     0  llsshr.o(.text)
    __I$use$fp                               0x0800062d   Thumb Code     0  iusefp.o(.text)
    _float_round                             0x0800062d   Thumb Code    18  fepilogue.o(.text)
    _float_epilogue                          0x0800063f   Thumb Code    92  fepilogue.o(.text)
    _double_round                            0x0800069b   Thumb Code    30  depilogue.o(.text)
    _double_epilogue                         0x080006b9   Thumb Code   156  depilogue.o(.text)
    __scatterload                            0x08000755   Thumb Code    28  init.o(.text)
    __scatterload_rt2                        0x08000755   Thumb Code     0  init.o(.text)
    __decompress                             0x08000779   Thumb Code     0  __dczerorl2.o(.text)
    __decompress1                            0x08000779   Thumb Code    86  __dczerorl2.o(.text)
    BusFault_Handler                         0x080007cf   Thumb Code     4  stm32f4xx_it.o(i.BusFault_Handler)
    CAN1_RX0_IRQHandler                      0x080007d5   Thumb Code    10  stm32f4xx_it.o(i.CAN1_RX0_IRQHandler)
    CAN1_TX_IRQHandler                       0x080007e5   Thumb Code    10  stm32f4xx_it.o(i.CAN1_TX_IRQHandler)
    CAN2_RX0_IRQHandler                      0x080007f5   Thumb Code    10  stm32f4xx_it.o(i.CAN2_RX0_IRQHandler)
    CAN2_TX_IRQHandler                       0x08000805   Thumb Code    10  stm32f4xx_it.o(i.CAN2_TX_IRQHandler)
    Cm3508_spd_ctr                           0x08000a35   Thumb Code   134  t_moto.o(i.Cm3508_spd_ctr)
    DMA2_Stream2_IRQHandler                  0x08000ad1   Thumb Code    10  dma.o(i.DMA2_Stream2_IRQHandler)
    DebugMon_Handler                         0x08000bfb   Thumb Code     2  stm32f4xx_it.o(i.DebugMon_Handler)
    EXTI1_IRQHandler                         0x08000bfd   Thumb Code    10  stm32f4xx_it.o(i.EXTI1_IRQHandler)
    Error_Handler                            0x08000c07   Thumb Code     4  main.o(i.Error_Handler)
    Gm6623_pitch_ang_ctr                     0x08000c0d   Thumb Code   334  t_moto.o(i.Gm6623_pitch_ang_ctr)
    Gm6623_yaw_ang_ctr                       0x08000d91   Thumb Code   168  t_moto.o(i.Gm6623_yaw_ang_ctr)
    HAL_CAN_ConfigFilter                     0x08000e65   Thumb Code   294  stm32f4xx_hal_can.o(i.HAL_CAN_ConfigFilter)
    HAL_CAN_ErrorCallback                    0x08000f91   Thumb Code     2  stm32f4xx_hal_can.o(i.HAL_CAN_ErrorCallback)
    HAL_CAN_IRQHandler                       0x08000f95   Thumb Code   446  stm32f4xx_hal_can.o(i.HAL_CAN_IRQHandler)
    HAL_CAN_Init                             0x08001161   Thumb Code   448  stm32f4xx_hal_can.o(i.HAL_CAN_Init)
    HAL_CAN_MspInit                          0x08001321   Thumb Code   282  can.o(i.HAL_CAN_MspInit)
    HAL_CAN_Receive_IT                       0x08001455   Thumb Code   174  stm32f4xx_hal_can.o(i.HAL_CAN_Receive_IT)
    HAL_CAN_RxCpltCallback                   0x08001505   Thumb Code   404  m_moto.o(i.HAL_CAN_RxCpltCallback)
    HAL_CAN_Transmit                         0x080016a9   Thumb Code   594  stm32f4xx_hal_can.o(i.HAL_CAN_Transmit)
    HAL_CAN_TxCpltCallback                   0x08001909   Thumb Code     2  m_moto.o(i.HAL_CAN_TxCpltCallback)
    HAL_DMA_Abort_IT                         0x0800190b   Thumb Code    40  stm32f4xx_hal_dma.o(i.HAL_DMA_Abort_IT)
    HAL_DMA_DeInit                           0x08001933   Thumb Code    98  stm32f4xx_hal_dma.o(i.HAL_DMA_DeInit)
    HAL_DMA_IRQHandler                       0x08001995   Thumb Code   574  stm32f4xx_hal_dma.o(i.HAL_DMA_IRQHandler)
    HAL_DMA_Init                             0x08001bdd   Thumb Code   228  stm32f4xx_hal_dma.o(i.HAL_DMA_Init)
    HAL_DMA_Start_IT                         0x08001cc5   Thumb Code   158  stm32f4xx_hal_dma.o(i.HAL_DMA_Start_IT)
    HAL_Delay                                0x08001d63   Thumb Code    26  stm32f4xx_hal.o(i.HAL_Delay)
    HAL_GPIO_EXTI_Callback                   0x08001d7d   Thumb Code     2  stm32f4xx_hal_gpio.o(i.HAL_GPIO_EXTI_Callback)
    HAL_GPIO_EXTI_IRQHandler                 0x08001d81   Thumb Code    24  stm32f4xx_hal_gpio.o(i.HAL_GPIO_EXTI_IRQHandler)
    HAL_GPIO_Init                            0x08001d9d   Thumb Code   486  stm32f4xx_hal_gpio.o(i.HAL_GPIO_Init)
    HAL_GPIO_ReadPin                         0x08001fb9   Thumb Code    16  stm32f4xx_hal_gpio.o(i.HAL_GPIO_ReadPin)
    HAL_GPIO_WritePin                        0x08001fc9   Thumb Code    12  stm32f4xx_hal_gpio.o(i.HAL_GPIO_WritePin)
    HAL_GetTick                              0x08001fd5   Thumb Code     6  stm32f4xx_hal.o(i.HAL_GetTick)
    HAL_IncTick                              0x08001fe1   Thumb Code    12  stm32f4xx_hal.o(i.HAL_IncTick)
    HAL_Init                                 0x08001ff1   Thumb Code    54  stm32f4xx_hal.o(i.HAL_Init)
    HAL_InitTick                             0x0800202d   Thumb Code    36  stm32f4xx_hal.o(i.HAL_InitTick)
    HAL_MspInit                              0x08002055   Thumb Code    86  stm32f4xx_hal_msp.o(i.HAL_MspInit)
    HAL_MultiProcessor_Init                  0x080020ab   Thumb Code   154  stm32f4xx_hal_uart.o(i.HAL_MultiProcessor_Init)
    HAL_NVIC_EnableIRQ                       0x08002145   Thumb Code    26  stm32f4xx_hal_cortex.o(i.HAL_NVIC_EnableIRQ)
    HAL_NVIC_SetPriority                     0x0800215f   Thumb Code   124  stm32f4xx_hal_cortex.o(i.HAL_NVIC_SetPriority)
    HAL_NVIC_SetPriorityGrouping             0x080021dd   Thumb Code    32  stm32f4xx_hal_cortex.o(i.HAL_NVIC_SetPriorityGrouping)
    HAL_PCD_ConnectCallback                  0x08002205   Thumb Code    14  usbd_conf.o(i.HAL_PCD_ConnectCallback)
    HAL_PCD_DataInStageCallback              0x08002213   Thumb Code    32  usbd_conf.o(i.HAL_PCD_DataInStageCallback)
    HAL_PCD_DataOutStageCallback             0x08002233   Thumb Code    32  usbd_conf.o(i.HAL_PCD_DataOutStageCallback)
    HAL_PCD_DisconnectCallback               0x08002253   Thumb Code    14  usbd_conf.o(i.HAL_PCD_DisconnectCallback)
    HAL_PCD_EP_ClrStall                      0x08002261   Thumb Code   104  stm32f4xx_hal_pcd.o(i.HAL_PCD_EP_ClrStall)
    HAL_PCD_EP_Open                          0x080022c9   Thumb Code   140  stm32f4xx_hal_pcd.o(i.HAL_PCD_EP_Open)
    HAL_PCD_EP_Receive                       0x08002355   Thumb Code   120  stm32f4xx_hal_pcd.o(i.HAL_PCD_EP_Receive)
    HAL_PCD_EP_SetStall                      0x080023cd   Thumb Code   122  stm32f4xx_hal_pcd.o(i.HAL_PCD_EP_SetStall)
    HAL_PCD_EP_Transmit                      0x08002447   Thumb Code   122  stm32f4xx_hal_pcd.o(i.HAL_PCD_EP_Transmit)
    HAL_PCD_IRQHandler                       0x080024c1   Thumb Code  1642  stm32f4xx_hal_pcd.o(i.HAL_PCD_IRQHandler)
    HAL_PCD_ISOINIncompleteCallback          0x08002b55   Thumb Code    18  usbd_conf.o(i.HAL_PCD_ISOINIncompleteCallback)
    HAL_PCD_ISOOUTIncompleteCallback         0x08002b67   Thumb Code    18  usbd_conf.o(i.HAL_PCD_ISOOUTIncompleteCallback)
    HAL_PCD_ResetCallback                    0x08002b79   Thumb Code    50  usbd_conf.o(i.HAL_PCD_ResetCallback)
    HAL_PCD_ResumeCallback                   0x08002bab   Thumb Code    14  usbd_conf.o(i.HAL_PCD_ResumeCallback)
    HAL_PCD_SOFCallback                      0x08002bb9   Thumb Code    14  usbd_conf.o(i.HAL_PCD_SOFCallback)
    HAL_PCD_SetAddress                       0x08002bc7   Thumb Code    50  stm32f4xx_hal_pcd.o(i.HAL_PCD_SetAddress)
    HAL_PCD_SetupStageCallback               0x08002bf9   Thumb Code    18  usbd_conf.o(i.HAL_PCD_SetupStageCallback)
    HAL_PCD_SuspendCallback                  0x08002c0d   Thumb Code    46  usbd_conf.o(i.HAL_PCD_SuspendCallback)
    HAL_RCC_ClockConfig                      0x08002c41   Thumb Code   446  stm32f4xx_hal_rcc.o(i.HAL_RCC_ClockConfig)
    HAL_RCC_GetHCLKFreq                      0x08002e11   Thumb Code     6  stm32f4xx_hal_rcc.o(i.HAL_RCC_GetHCLKFreq)
    HAL_RCC_GetPCLK1Freq                     0x08002e1d   Thumb Code    36  stm32f4xx_hal_rcc.o(i.HAL_RCC_GetPCLK1Freq)
    HAL_RCC_GetPCLK2Freq                     0x08002e49   Thumb Code    36  stm32f4xx_hal_rcc.o(i.HAL_RCC_GetPCLK2Freq)
    HAL_RCC_GetSysClockFreq                  0x08002e75   Thumb Code   168  stm32f4xx_hal_rcc.o(i.HAL_RCC_GetSysClockFreq)
    HAL_RCC_OscConfig                        0x08002f29   Thumb Code   906  stm32f4xx_hal_rcc.o(i.HAL_RCC_OscConfig)
    HAL_SPI_Init                             0x080032c5   Thumb Code   140  stm32f4xx_hal_spi.o(i.HAL_SPI_Init)
    HAL_SPI_MspInit                          0x08003351   Thumb Code    80  spi.o(i.HAL_SPI_MspInit)
    HAL_SPI_TransmitReceive                  0x080033ad   Thumb Code   542  stm32f4xx_hal_spi.o(i.HAL_SPI_TransmitReceive)
    HAL_SYSTICK_CLKSourceConfig              0x080035cb   Thumb Code    40  stm32f4xx_hal_cortex.o(i.HAL_SYSTICK_CLKSourceConfig)
    HAL_SYSTICK_Callback                     0x080035f3   Thumb Code     2  stm32f4xx_hal_cortex.o(i.HAL_SYSTICK_Callback)
    HAL_SYSTICK_Config                       0x080035f5   Thumb Code    52  stm32f4xx_hal_cortex.o(i.HAL_SYSTICK_Config)
    HAL_SYSTICK_IRQHandler                   0x08003629   Thumb Code     8  stm32f4xx_hal_cortex.o(i.HAL_SYSTICK_IRQHandler)
    HAL_TIMEx_BreakCallback                  0x08003631   Thumb Code     2  stm32f4xx_hal_tim_ex.o(i.HAL_TIMEx_BreakCallback)
    HAL_TIMEx_CommutationCallback            0x08003633   Thumb Code     2  stm32f4xx_hal_tim_ex.o(i.HAL_TIMEx_CommutationCallback)
    HAL_TIMEx_MasterConfigSynchronization    0x08003635   Thumb Code    98  stm32f4xx_hal_tim_ex.o(i.HAL_TIMEx_MasterConfigSynchronization)
    HAL_TIM_Base_Init                        0x08003697   Thumb Code    52  stm32f4xx_hal_tim.o(i.HAL_TIM_Base_Init)
    HAL_TIM_Base_MspInit                     0x080036cd   Thumb Code   344  tim.o(i.HAL_TIM_Base_MspInit)
    HAL_TIM_Base_Start_IT                    0x08003841   Thumb Code    30  stm32f4xx_hal_tim.o(i.HAL_TIM_Base_Start_IT)
    HAL_TIM_ConfigClockSource                0x0800385f   Thumb Code   306  stm32f4xx_hal_tim.o(i.HAL_TIM_ConfigClockSource)
    HAL_TIM_IC_CaptureCallback               0x08003991   Thumb Code     2  stm32f4xx_hal_tim.o(i.HAL_TIM_IC_CaptureCallback)
    HAL_TIM_IRQHandler                       0x08003993   Thumb Code   406  stm32f4xx_hal_tim.o(i.HAL_TIM_IRQHandler)
    HAL_TIM_MspPostInit                      0x08003b29   Thumb Code   256  tim.o(i.HAL_TIM_MspPostInit)
    HAL_TIM_OC_DelayElapsedCallback          0x08003c51   Thumb Code     2  stm32f4xx_hal_tim.o(i.HAL_TIM_OC_DelayElapsedCallback)
    HAL_TIM_PWM_ConfigChannel                0x08003c53   Thumb Code   264  stm32f4xx_hal_tim.o(i.HAL_TIM_PWM_ConfigChannel)
    HAL_TIM_PWM_Init                         0x08003d5b   Thumb Code    52  stm32f4xx_hal_tim.o(i.HAL_TIM_PWM_Init)
    HAL_TIM_PWM_MspInit                      0x08003d91   Thumb Code   106  tim.o(i.HAL_TIM_PWM_MspInit)
    HAL_TIM_PWM_PulseFinishedCallback        0x08003e05   Thumb Code     2  stm32f4xx_hal_tim.o(i.HAL_TIM_PWM_PulseFinishedCallback)
    HAL_TIM_PWM_Start                        0x08003e09   Thumb Code    68  stm32f4xx_hal_tim.o(i.HAL_TIM_PWM_Start)
    HAL_TIM_PeriodElapsedCallback            0x08003e55   Thumb Code   200  control.o(i.HAL_TIM_PeriodElapsedCallback)
    HAL_TIM_TriggerCallback                  0x08003f31   Thumb Code     2  stm32f4xx_hal_tim.o(i.HAL_TIM_TriggerCallback)
    HAL_UART_ErrorCallback                   0x08003f33   Thumb Code     2  stm32f4xx_hal_uart.o(i.HAL_UART_ErrorCallback)
    HAL_UART_IRQHandler                      0x08003f35   Thumb Code   326  stm32f4xx_hal_uart.o(i.HAL_UART_IRQHandler)
    HAL_UART_MspInit                         0x08004081   Thumb Code   348  usart.o(i.HAL_UART_MspInit)
    HAL_UART_Receive_DMA                     0x080041fd   Thumb Code   154  stm32f4xx_hal_uart.o(i.HAL_UART_Receive_DMA)
    HAL_UART_Receive_IT                      0x080042a5   Thumb Code   100  stm32f4xx_hal_uart.o(i.HAL_UART_Receive_IT)
    HAL_UART_RxCpltCallback                  0x08004309   Thumb Code    52  control.o(i.HAL_UART_RxCpltCallback)
    HAL_UART_RxHalfCpltCallback              0x08004351   Thumb Code     2  stm32f4xx_hal_uart.o(i.HAL_UART_RxHalfCpltCallback)
    HAL_UART_TxCpltCallback                  0x08004353   Thumb Code     2  stm32f4xx_hal_uart.o(i.HAL_UART_TxCpltCallback)
    HardFault_Handler                        0x08004355   Thumb Code     4  stm32f4xx_it.o(i.HardFault_Handler)
    IMU_Get_Data                             0x08004359   Thumb Code   158  m_imu.o(i.IMU_Get_Data)
    MPU6500_Init                             0x08004401   Thumb Code    74  m_imu.o(i.MPU6500_Init)
    MPU6500_Read_Reg                         0x08004455   Thumb Code    68  m_imu.o(i.MPU6500_Read_Reg)
    MPU6500_Read_Regs                        0x080044a9   Thumb Code    80  m_imu.o(i.MPU6500_Read_Regs)
    MPU6500_Write_Reg                        0x0800450d   Thumb Code    72  m_imu.o(i.MPU6500_Write_Reg)
    MX_CAN1_Init                             0x08004565   Thumb Code    60  can.o(i.MX_CAN1_Init)
    MX_GPIO_Init                             0x080045a9   Thumb Code   274  gpio.o(i.MX_GPIO_Init)
    MX_SPI5_Init                             0x080046c5   Thumb Code    60  spi.o(i.MX_SPI5_Init)
    MX_TIM2_Init                             0x08004709   Thumb Code   184  tim.o(i.MX_TIM2_Init)
    MX_USART1_UART_Init                      0x080047c5   Thumb Code    52  usart.o(i.MX_USART1_UART_Init)
    MX_USART2_UART_Init                      0x08004805   Thumb Code    50  usart.o(i.MX_USART2_UART_Init)
    MX_USART3_UART_Init                      0x08004841   Thumb Code    50  usart.o(i.MX_USART3_UART_Init)
    MYDMA_Config                             0x0800487d   Thumb Code   178  dma.o(i.MYDMA_Config)
    MemManage_Handler                        0x08004941   Thumb Code     4  stm32f4xx_it.o(i.MemManage_Handler)
    NMI_Handler                              0x08004945   Thumb Code     2  stm32f4xx_it.o(i.NMI_Handler)
    OTG_FS_IRQHandler                        0x08004981   Thumb Code    10  stm32f4xx_it.o(i.OTG_FS_IRQHandler)
    PID_struct_init                          0x08004a35   Thumb Code    70  pid.o(i.PID_struct_init)
    PendSV_Handler                           0x08004a85   Thumb Code     2  stm32f4xx_it.o(i.PendSV_Handler)
    RemoteDataProcess                        0x08004a89   Thumb Code   312  m_remote.o(i.RemoteDataProcess)
    SVC_Handler                              0x08004cbb   Thumb Code     2  stm32f4xx_it.o(i.SVC_Handler)
    Set_3508_current                         0x08004cbd   Thumb Code    98  m_moto.o(i.Set_3508_current)
    Set_6623_current                         0x08004d1f   Thumb Code    98  m_moto.o(i.Set_6623_current)
    SysTick_Handler                          0x08004d81   Thumb Code    12  stm32f4xx_it.o(i.SysTick_Handler)
    SystemClock_Config                       0x08004d8d   Thumb Code   188  main.o(i.SystemClock_Config)
    SystemInit                               0x08004e51   Thumb Code    82  system_stm32f4xx.o(i.SystemInit)
    TIM12_PWM_Init                           0x08004eb5   Thumb Code   116  tim.o(i.TIM12_PWM_Init)
    TIM3_IRQHandler                          0x08004f39   Thumb Code    10  tim.o(i.TIM3_IRQHandler)
    TIM3_Init                                0x08004f49   Thumb Code    36  tim.o(i.TIM3_Init)
    TIM5_IRQHandler                          0x08004f75   Thumb Code    10  tim.o(i.TIM5_IRQHandler)
    TIM5_Init                                0x08004f85   Thumb Code    36  tim.o(i.TIM5_Init)
    TIM_Base_SetConfig                       0x08004fb1   Thumb Code   184  stm32f4xx_hal_tim.o(i.TIM_Base_SetConfig)
    TIM_CCxChannelCmd                        0x08005095   Thumb Code    28  stm32f4xx_hal_tim.o(i.TIM_CCxChannelCmd)
    TIM_OC2_SetConfig                        0x0800514d   Thumb Code   112  stm32f4xx_hal_tim.o(i.TIM_OC2_SetConfig)
    Tk1DataProcess                           0x080052f5   Thumb Code   100  t_tk1.o(i.Tk1DataProcess)
    USART1_IRQHandler                        0x080058e1   Thumb Code    10  usart.o(i.USART1_IRQHandler)
    USART2_IRQHandler                        0x080058f1   Thumb Code    10  usart.o(i.USART2_IRQHandler)
    USART3_IRQHandler                        0x08005901   Thumb Code    10  usart.o(i.USART3_IRQHandler)
    USART6_IRQHandler                        0x08005911   Thumb Code    10  stm32f4xx_it.o(i.USART6_IRQHandler)
    USBD_ClrClassConfig                      0x08005921   Thumb Code    22  usbd_core.o(i.USBD_ClrClassConfig)
    USBD_CtlContinueRx                       0x0800597b   Thumb Code    24  usbd_ioreq.o(i.USBD_CtlContinueRx)
    USBD_CtlContinueSendData                 0x08005993   Thumb Code    24  usbd_ioreq.o(i.USBD_CtlContinueSendData)
    USBD_CtlError                            0x080059ab   Thumb Code    24  usbd_ctlreq.o(i.USBD_CtlError)
    USBD_CtlReceiveStatus                    0x080059c3   Thumb Code    26  usbd_ioreq.o(i.USBD_CtlReceiveStatus)
    USBD_CtlSendData                         0x080059dd   Thumb Code    34  usbd_ioreq.o(i.USBD_CtlSendData)
    USBD_CtlSendStatus                       0x080059ff   Thumb Code    26  usbd_ioreq.o(i.USBD_CtlSendStatus)
    USBD_LL_ClearStallEP                     0x08005bf5   Thumb Code    20  usbd_conf.o(i.USBD_LL_ClearStallEP)
    USBD_LL_DataInStage                      0x08005c09   Thumb Code   218  usbd_core.o(i.USBD_LL_DataInStage)
    USBD_LL_DataOutStage                     0x08005ce3   Thumb Code   134  usbd_core.o(i.USBD_LL_DataOutStage)
    USBD_LL_DevConnected                     0x08005d69   Thumb Code     6  usbd_core.o(i.USBD_LL_DevConnected)
    USBD_LL_DevDisconnected                  0x08005d6f   Thumb Code    26  usbd_core.o(i.USBD_LL_DevDisconnected)
    USBD_LL_IsStallEP                        0x08005d89   Thumb Code    56  usbd_conf.o(i.USBD_LL_IsStallEP)
    USBD_LL_IsoINIncomplete                  0x08005dc1   Thumb Code     6  usbd_core.o(i.USBD_LL_IsoINIncomplete)
    USBD_LL_IsoOUTIncomplete                 0x08005dc7   Thumb Code     6  usbd_core.o(i.USBD_LL_IsoOUTIncomplete)
    USBD_LL_OpenEP                           0x08005dcd   Thumb Code    32  usbd_conf.o(i.USBD_LL_OpenEP)
    USBD_LL_PrepareReceive                   0x08005ded   Thumb Code    32  usbd_conf.o(i.USBD_LL_PrepareReceive)
    USBD_LL_Reset                            0x08005e0d   Thumb Code    68  usbd_core.o(i.USBD_LL_Reset)
    USBD_LL_Resume                           0x08005e51   Thumb Code    14  usbd_core.o(i.USBD_LL_Resume)
    USBD_LL_SOF                              0x08005e5f   Thumb Code    34  usbd_core.o(i.USBD_LL_SOF)
    USBD_LL_SetSpeed                         0x08005e81   Thumb Code     8  usbd_core.o(i.USBD_LL_SetSpeed)
    USBD_LL_SetUSBAddress                    0x08005e89   Thumb Code    20  usbd_conf.o(i.USBD_LL_SetUSBAddress)
    USBD_LL_SetupStage                       0x08005e9d   Thumb Code   110  usbd_core.o(i.USBD_LL_SetupStage)
    USBD_LL_StallEP                          0x08005f0b   Thumb Code    20  usbd_conf.o(i.USBD_LL_StallEP)
    USBD_LL_Suspend                          0x08005f1f   Thumb Code    20  usbd_core.o(i.USBD_LL_Suspend)
    USBD_LL_Transmit                         0x08005f33   Thumb Code    32  usbd_conf.o(i.USBD_LL_Transmit)
    USBD_ParseSetupRequest                   0x08005f53   Thumb Code    40  usbd_ctlreq.o(i.USBD_ParseSetupRequest)
    USBD_RunTestMode                         0x08005f7b   Thumb Code     6  usbd_core.o(i.USBD_RunTestMode)
    USBD_SetClassConfig                      0x08005fd5   Thumb Code    34  usbd_core.o(i.USBD_SetClassConfig)
    USBD_StdDevReq                           0x080060fd   Thumb Code   114  usbd_ctlreq.o(i.USBD_StdDevReq)
    USBD_StdEPReq                            0x0800616f   Thumb Code   342  usbd_ctlreq.o(i.USBD_StdEPReq)
    USBD_StdItfReq                           0x080062c5   Thumb Code    74  usbd_ctlreq.o(i.USBD_StdItfReq)
    USB_ActivateEndpoint                     0x08006311   Thumb Code   192  stm32f4xx_ll_usb.o(i.USB_ActivateEndpoint)
    USB_ActivateSetup                        0x080063d5   Thumb Code    68  stm32f4xx_ll_usb.o(i.USB_ActivateSetup)
    USB_EP0StartXfer                         0x08006419   Thumb Code   426  stm32f4xx_ll_usb.o(i.USB_EP0StartXfer)
    USB_EP0_OutStart                         0x080065c9   Thumb Code    68  stm32f4xx_ll_usb.o(i.USB_EP0_OutStart)
    USB_EPClearStall                         0x0800660d   Thumb Code   136  stm32f4xx_ll_usb.o(i.USB_EPClearStall)
    USB_EPSetStall                           0x08006695   Thumb Code   140  stm32f4xx_ll_usb.o(i.USB_EPSetStall)
    USB_EPStartXfer                          0x08006721   Thumb Code   714  stm32f4xx_ll_usb.o(i.USB_EPStartXfer)
    USB_FlushTxFifo                          0x080069f1   Thumb Code    44  stm32f4xx_ll_usb.o(i.USB_FlushTxFifo)
    USB_GetDevSpeed                          0x08006a21   Thumb Code    68  stm32f4xx_ll_usb.o(i.USB_GetDevSpeed)
    USB_GetMode                              0x08006a65   Thumb Code    10  stm32f4xx_ll_usb.o(i.USB_GetMode)
    USB_ReadDevAllInEpInterrupt              0x08006a6f   Thumb Code    18  stm32f4xx_ll_usb.o(i.USB_ReadDevAllInEpInterrupt)
    USB_ReadDevAllOutEpInterrupt             0x08006a81   Thumb Code    18  stm32f4xx_ll_usb.o(i.USB_ReadDevAllOutEpInterrupt)
    USB_ReadDevInEPInterrupt                 0x08006a93   Thumb Code    44  stm32f4xx_ll_usb.o(i.USB_ReadDevInEPInterrupt)
    USB_ReadDevOutEPInterrupt                0x08006abf   Thumb Code    22  stm32f4xx_ll_usb.o(i.USB_ReadDevOutEPInterrupt)
    USB_ReadInterrupts                       0x08006ad5   Thumb Code    12  stm32f4xx_ll_usb.o(i.USB_ReadInterrupts)
    USB_ReadPacket                           0x08006ae1   Thumb Code    34  stm32f4xx_ll_usb.o(i.USB_ReadPacket)
    USB_SetDevAddress                        0x08006b03   Thumb Code    36  stm32f4xx_ll_usb.o(i.USB_SetDevAddress)
    USB_WritePacket                          0x08006b27   Thumb Code    48  stm32f4xx_ll_usb.o(i.USB_WritePacket)
    UsageFault_Handler                       0x08006b57   Thumb Code     4  stm32f4xx_it.o(i.UsageFault_Handler)
    __scatterload_copy                       0x08006b5b   Thumb Code    14  handlers.o(i.__scatterload_copy)
    __scatterload_null                       0x08006b69   Thumb Code     2  handlers.o(i.__scatterload_null)
    __scatterload_zeroinit                   0x08006b6b   Thumb Code    14  handlers.o(i.__scatterload_zeroinit)
    abs_limit                                0x08006b79   Thumb Code    46  pid.o(i.abs_limit)
    all_bsp_init                             0x08006ba9   Thumb Code   238  main.o(i.all_bsp_init)
    all_pid_init                             0x08006cc9   Thumb Code   386  main.o(i.all_pid_init)
    ctrcm                                    0x08006eed   Thumb Code   130  t_remote.o(i.ctrcm)
    ctrcmallrun                              0x08006f81   Thumb Code   574  t_remote.o(i.ctrcmallrun)
    ctrcmsqin                                0x080071e1   Thumb Code   278  t_remote.o(i.ctrcmsqin)
    get_moto_measure                         0x08007315   Thumb Code   116  m_moto.o(i.get_moto_measure)
    get_moto_offset                          0x08007389   Thumb Code    20  m_moto.o(i.get_moto_offset)
    main                                     0x0800739d   Thumb Code    26  main.o(i.main)
    my_can_filter_init_recv_all              0x080073c1   Thumb Code    88  can.o(i.my_can_filter_init_recv_all)
    pid_calc                                 0x08007431   Thumb Code   528  pid.o(i.pid_calc)
    pid_reset                                0x08007659   Thumb Code    14  pid.o(i.pid_reset)
    setinputmode                             0x08007669   Thumb Code    38  t_remote.o(i.setinputmode)
    APBAHBPrescTable                         0x08007694   Data          16  stm32f4xx_hal_rcc.o(.constdata)
    Region$$Table$$Base                      0x080076c0   Number         0  anon$$obj.o(Region$$Table)
    Region$$Table$$Limit                     0x080076e0   Number         0  anon$$obj.o(Region$$Table)
    uwTick                                   0x20000000   Data           4  stm32f4xx_hal.o(.data)
    SystemCoreClock                          0x20000008   Data           4  system_stm32f4xx.o(.data)
    offsetang                                0x2000000c   Data           2  t_moto.o(.data)
    lastoffsetang                            0x2000000e   Data           2  t_moto.o(.data)
    Gm6623_pit_ang_set                       0x20000010   Data           4  t_moto.o(.data)
    Gm6623_pit_spd_set                       0x20000014   Data           4  t_moto.o(.data)
    Gm6623_pit_ang_offset                    0x20000018   Data           4  t_moto.o(.data)
    Gm6623_yaw_ang_set                       0x2000001c   Data           4  t_moto.o(.data)
    Gm6623_yaw_spd_set                       0x20000020   Data           4  t_moto.o(.data)
    Gm6623_yaw_ang_give                      0x20000024   Data           4  t_moto.o(.data)
    yaw6623_AngleAdjust                      0x20000028   Data           4  t_moto.o(.data)
    yawimu_AngleAdjust                       0x2000002c   Data           4  t_moto.o(.data)
    pitimu_AngleAdjust                       0x20000030   Data           4  t_moto.o(.data)
    autu_Gm6623_yaw_ang_set                  0x20000034   Data           4  t_moto.o(.data)
    autu_yaw6623_AngleAdjust                 0x20000038   Data           4  t_moto.o(.data)
    autu_yawimu_AngleAdjust                  0x2000003c   Data           4  t_moto.o(.data)
    err                                      0x20000040   Data           4  t_moto.o(.data)
    offset                                   0x20000044   Data           4  t_moto.o(.data)
    inputmode                                0x20000054   Data           1  t_remote.o(.data)
    leftsidemode                             0x20000055   Data           1  t_remote.o(.data)
    mousekeymode                             0x20000056   Data           1  t_remote.o(.data)
    mousekeynormode                          0x20000057   Data           1  t_remote.o(.data)
    Rub2323_spd                              0x20000058   Data           4  t_remote.o(.data)
    Cm3508_offset_state                      0x2000005c   Data           1  t_remote.o(.data)
    yaw_tk1_angle                            0x20000060   Data           4  t_remote.o(.data)
    mousekey_spd                             0x20000064   Data          24  t_remote.o(.data)
    shiftcount                               0x2000007c   Data           2  t_remote.o(.data)
    press2count                              0x2000007e   Data           2  t_remote.o(.data)
    shootflag                                0x20000080   Data           1  t_remote.o(.data)
    usetogger                                0x20000081   Data           1  t_remote.o(.data)
    usedtogger                               0x20000082   Data           1  t_remote.o(.data)
    autuaim_flag                             0x20000094   Data           1  t_tk1.o(.data)
    autuang_limit                            0x20000095   Data           1  t_tk1.o(.data)
    uart2_rx_bytes                           0x20000096   Data           1  t_tk1.o(.data)
    USART_RX_STA                             0x20000098   Data           2  t_tk1.o(.data)
    Tk1pointang                              0x2000009a   Data           6  t_tk1.o(.data)
    cyl_ang                                  0x200000a0   Data           4  egg_task.o(.data)
    cyl_spd                                  0x200000a4   Data           4  egg_task.o(.data)
    cyl_err                                  0x200000a8   Data           4  egg_task.o(.data)
    tog_spd                                  0x200000ac   Data           4  egg_task.o(.data)
    egg_task_flag                            0x200000b0   Data           2  egg_task.o(.data)
    egg_task_temp                            0x200000b2   Data           2  egg_task.o(.data)
    timeofegg                                0x200000b4   Data           4  egg_task.o(.data)
    limitswt                                 0x200000b8   Data           3  egg_task.o(.data)
    testspd                                  0x200000bc   Data           4  egg_task.o(.data)
    P_cyl_spd                                0x200000c0   Data           4  pid.o(.data)
    I_cyl_spd                                0x200000c4   Data           4  pid.o(.data)
    D_cyl_spd                                0x200000c8   Data           4  pid.o(.data)
    P_cyl_ang                                0x200000cc   Data           4  pid.o(.data)
    I_cyl_ang                                0x200000d0   Data           4  pid.o(.data)
    D_cyl_ang                                0x200000d4   Data           4  pid.o(.data)
    P_3508_spd                               0x200000d8   Data           4  pid.o(.data)
    I_3508_spd                               0x200000dc   Data           4  pid.o(.data)
    D_3508_spd                               0x200000e0   Data           4  pid.o(.data)
    P_Follow                                 0x200000e4   Data           4  pid.o(.data)
    I_Follow                                 0x200000e8   Data           4  pid.o(.data)
    D_Follow                                 0x200000ec   Data           4  pid.o(.data)
    P_6623_yaw_ang                           0x200000f0   Data           4  pid.o(.data)
    I_6623_yaw_ang                           0x200000f4   Data           4  pid.o(.data)
    D_6623_yaw_ang                           0x200000f8   Data           4  pid.o(.data)
    P_yaw_spd                                0x200000fc   Data           4  pid.o(.data)
    I_yaw_spd                                0x20000100   Data           4  pid.o(.data)
    D_yaw_spd                                0x20000104   Data           4  pid.o(.data)
    P_autu_6623_yaw_ang                      0x20000108   Data           4  pid.o(.data)
    I_autu_6623_yaw_ang                      0x2000010c   Data           4  pid.o(.data)
    D_autu_6623_yaw_ang                      0x20000110   Data           4  pid.o(.data)
    P_6623_pit_spd                           0x20000114   Data           4  pid.o(.data)
    I_6623_pit_spd                           0x20000118   Data           4  pid.o(.data)
    D_6623_pit_spd                           0x2000011c   Data           4  pid.o(.data)
    P_6623_pit_ang                           0x20000120   Data           4  pid.o(.data)
    I_6623_pit_ang                           0x20000124   Data           4  pid.o(.data)
    D_6623_pit_ang                           0x20000128   Data           4  pid.o(.data)
    autu_P_6623_pit_ang                      0x2000012c   Data           4  pid.o(.data)
    autu_I_6623_pit_ang                      0x20000130   Data           4  pid.o(.data)
    autu_D_6623_pit_ang                      0x20000134   Data           4  pid.o(.data)
    P_tog_ang                                0x20000138   Data           4  pid.o(.data)
    I_tog_ang                                0x2000013c   Data           4  pid.o(.data)
    D_tog_ang                                0x20000140   Data           4  pid.o(.data)
    P_tog_spd                                0x20000144   Data           4  pid.o(.data)
    I_tog_spd                                0x20000148   Data           4  pid.o(.data)
    D_tog_spd                                0x2000014c   Data           4  pid.o(.data)
    limitswtch                               0x20000150   Data           4  m_remote.o(.data)
    pidswitch_flag                           0x20000154   Data           6  m_remote.o(.data)
    setrunof2312                             0x2000015a   Data           2  m_remote.o(.data)
    MPU_id                                   0x2000015c   Data           1  m_imu.o(.data)
    i                                        0x20000174   Data           1  m_moto.o(.data)
    ZGyroModuleAngle                         0x20000178   Data           4  m_moto.o(.data)
    Cm3508_spd_get                           0x20000180   Data          16  t_moto.o(.bss)
    Cm3508_spd_xset                          0x20000190   Data          16  t_moto.o(.bss)
    Cm3508_spd_yset                          0x200001a0   Data          16  t_moto.o(.bss)
    Cm3505_spd_sqin                          0x200001b0   Data          16  t_moto.o(.bss)
    Cm3508_spd_set                           0x200001c0   Data          16  t_moto.o(.bss)
    Cm3508_total_set                         0x200001d0   Data          16  t_moto.o(.bss)
    Cm3508_spd_offset                        0x200001e0   Data          16  t_moto.o(.bss)
    follow_6623yaw_imu_data                  0x200001f0   Data          24  t_moto.o(.bss)
    autu_6623yaw_imu_data                    0x20000208   Data          24  t_moto.o(.bss)
    uart1_rx_buff                            0x20000220   Data          18  control.o(.bss)
    uart2_rx_buff                            0x20000232   Data         200  control.o(.bss)
    uart3_rx_buff                            0x200002fa   Data          68  control.o(.bss)
    Power_pid                                0x20000340   Data         108  pid.o(.bss)
    Cmsqinspd                                0x200003ac   Data         108  pid.o(.bss)
    Cm3508_spd_pid                           0x20000418   Data         648  pid.o(.bss)
    Gm6623_pit_ang_pid                       0x200006a0   Data         108  pid.o(.bss)
    Gm6623_pit_spd_pid                       0x2000070c   Data         108  pid.o(.bss)
    Gm6623_yaw_ang_pid                       0x20000778   Data         108  pid.o(.bss)
    Gm6623_yaw_spd_pid                       0x200007e4   Data         108  pid.o(.bss)
    autu_Gm6623_yaw_ang_pid                  0x20000850   Data         108  pid.o(.bss)
    autu_Gm6623_pit_ang_pid                  0x200008bc   Data         108  pid.o(.bss)
    autu_Gm6623_yaw_spd_pid                  0x20000928   Data         108  pid.o(.bss)
    pid_Toggler_ang                          0x20000994   Data         108  pid.o(.bss)
    pid_Toggler_spd                          0x20000a00   Data         108  pid.o(.bss)
    Toggler_spd_pid                          0x20000a6c   Data         108  pid.o(.bss)
    pid_yaw_Iner                             0x20000ad8   Data         108  pid.o(.bss)
    pid_pit_Iner                             0x20000b44   Data         108  pid.o(.bss)
    Follw_3508_pid                           0x20000bb0   Data         108  pid.o(.bss)
    pid_omg                                  0x20000c1c   Data         108  pid.o(.bss)
    pid_pos                                  0x20000c88   Data         108  pid.o(.bss)
    pid_spd                                  0x20000cf4   Data         432  pid.o(.bss)
    sbus_rx_buffer                           0x20000ea4   Data          36  m_remote.o(.bss)
    RC_CtrlData                              0x20000ec8   Data          20  m_remote.o(.bss)
    imu_data                                 0x20000edc   Data          26  m_imu.o(.bss)
    imu_data_offest                          0x20000ef6   Data          26  m_imu.o(.bss)
    moto_chassis                             0x20000f10   Data         264  m_moto.o(.bss)
    moto_gym                                 0x20001018   Data          88  m_moto.o(.bss)
    moto_toggle                              0x20001070   Data          44  m_moto.o(.bss)
    moto_3508_info                           0x2000109c   Data          44  m_moto.o(.bss)
    moto_6623_info                           0x200010c8   Data          44  m_moto.o(.bss)
    moto_info                                0x200010f4   Data          44  m_moto.o(.bss)
    hcan1                                    0x20001120   Data          64  can.o(.bss)
    hcan2                                    0x20001160   Data          64  can.o(.bss)
    hdma_usart1_rx                           0x200012a0   Data          96  dma.o(.bss)
    hdma_usart2_rx                           0x20001300   Data          96  dma.o(.bss)
    hdma_usart3_rx                           0x20001360   Data          96  dma.o(.bss)
    hdma_usart6_rx                           0x200013c0   Data          96  dma.o(.bss)
    hspi5                                    0x20001420   Data          88  spi.o(.bss)
    htim2                                    0x20001478   Data          60  tim.o(.bss)
    htim3                                    0x200014b4   Data          60  tim.o(.bss)
    htim4                                    0x200014f0   Data          60  tim.o(.bss)
    htim5                                    0x2000152c   Data          60  tim.o(.bss)
    htim6                                    0x20001568   Data          60  tim.o(.bss)
    htim8                                    0x200015a4   Data          60  tim.o(.bss)
    htim12                                   0x200015e0   Data          60  tim.o(.bss)
    TIM12_Handler                            0x2000161c   Data          60  tim.o(.bss)
    TIM12_CH1Handler                         0x20001658   Data          28  tim.o(.bss)
    TIM12_CH2Handler                         0x20001674   Data          28  tim.o(.bss)
    huart1                                   0x20001690   Data          64  usart.o(.bss)
    huart2                                   0x200016d0   Data          64  usart.o(.bss)
    huart3                                   0x20001710   Data          64  usart.o(.bss)
    huart6                                   0x20001750   Data          64  usart.o(.bss)
    hpcd_USB_OTG_FS                          0x20001790   Data         952  usbd_conf.o(.bss)
    __initial_sp                             0x20001f48   Data           0  startup_stm32f427xx.o(STACK)



==============================================================================

Memory Map of the image

  Image Entry point : 0x080001ad

  Load Region LR_IROM1 (Base: 0x08000000, Size: 0x00007860, Max: 0x00200000, ABSOLUTE, COMPRESSED[0x0000776c])

    Execution Region ER_IROM1 (Base: 0x08000000, Size: 0x000076e0, Max: 0x00200000, ABSOLUTE)

    Base Addr    Size         Type   Attr      Idx    E Section Name        Object

    0x08000000   0x000001ac   Data   RO            3    RESET               startup_stm32f427xx.o
    0x080001ac   0x00000000   Code   RO         5653  * .ARM.Collect$$$$00000000  mc_w.l(entry.o)
    0x080001ac   0x00000004   Code   RO         5965    .ARM.Collect$$$$00000001  mc_w.l(entry2.o)
    0x080001b0   0x00000004   Code   RO         5968    .ARM.Collect$$$$00000004  mc_w.l(entry5.o)
    0x080001b4   0x00000000   Code   RO         5970    .ARM.Collect$$$$00000008  mc_w.l(entry7b.o)
    0x080001b4   0x00000000   Code   RO         5972    .ARM.Collect$$$$0000000A  mc_w.l(entry8b.o)
    0x080001b4   0x00000008   Code   RO         5973    .ARM.Collect$$$$0000000B  mc_w.l(entry9a.o)
    0x080001bc   0x00000000   Code   RO         5975    .ARM.Collect$$$$0000000D  mc_w.l(entry10a.o)
    0x080001bc   0x00000000   Code   RO         5977    .ARM.Collect$$$$0000000F  mc_w.l(entry11a.o)
    0x080001bc   0x00000004   Code   RO         5966    .ARM.Collect$$$$00002712  mc_w.l(entry2.o)
    0x080001c0   0x00000024   Code   RO            4    .text               startup_stm32f427xx.o
    0x080001e4   0x00000024   Code   RO         5656    .text               mc_w.l(memcpya.o)
    0x08000208   0x0000014e   Code   RO         5949    .text               mf_w.l(dadd.o)
    0x08000356   0x000000e4   Code   RO         5951    .text               mf_w.l(dmul.o)
    0x0800043a   0x000000de   Code   RO         5953    .text               mf_w.l(ddiv.o)
    0x08000518   0x00000022   Code   RO         5957    .text               mf_w.l(dflti.o)
    0x0800053a   0x0000001a   Code   RO         5959    .text               mf_w.l(dfltui.o)
    0x08000554   0x0000003e   Code   RO         5961    .text               mf_w.l(dfixi.o)
    0x08000592   0x00000038   Code   RO         5963    .text               mf_w.l(d2f.o)
    0x080005ca   0x0000001e   Code   RO         5984    .text               mc_w.l(llshl.o)
    0x080005e8   0x00000020   Code   RO         5986    .text               mc_w.l(llushr.o)
    0x08000608   0x00000024   Code   RO         5988    .text               mc_w.l(llsshr.o)
    0x0800062c   0x00000000   Code   RO         5992    .text               mc_w.l(iusefp.o)
    0x0800062c   0x0000006e   Code   RO         5993    .text               mf_w.l(fepilogue.o)
    0x0800069a   0x000000ba   Code   RO         5995    .text               mf_w.l(depilogue.o)
    0x08000754   0x00000024   Code   RO         6001    .text               mc_w.l(init.o)
    0x08000778   0x00000056   Code   RO         6011    .text               mc_w.l(__dczerorl2.o)
    0x080007ce   0x00000004   Code   RO         3937    i.BusFault_Handler  stm32f4xx_it.o
    0x080007d2   0x00000002   PAD
    0x080007d4   0x00000010   Code   RO         3938    i.CAN1_RX0_IRQHandler  stm32f4xx_it.o
    0x080007e4   0x00000010   Code   RO         3939    i.CAN1_TX_IRQHandler  stm32f4xx_it.o
    0x080007f4   0x00000010   Code   RO         3940    i.CAN2_RX0_IRQHandler  stm32f4xx_it.o
    0x08000804   0x00000010   Code   RO         3941    i.CAN2_TX_IRQHandler  stm32f4xx_it.o
    0x08000814   0x000001ac   Code   RO          699    i.CAN_Receive_IT    stm32f4xx_hal_can.o
    0x080009c0   0x00000074   Code   RO          700    i.CAN_Transmit_IT   stm32f4xx_hal_can.o
    0x08000a34   0x0000009c   Code   RO         4094    i.Cm3508_spd_ctr    t_moto.o
    0x08000ad0   0x00000010   Code   RO         4962    i.DMA2_Stream2_IRQHandler  dma.o
    0x08000ae0   0x00000034   Code   RO         1108    i.DMA_CalcBaseAndBitshift  stm32f4xx_hal_dma.o
    0x08000b14   0x000000ba   Code   RO         1109    i.DMA_CheckFifoParam  stm32f4xx_hal_dma.o
    0x08000bce   0x0000002c   Code   RO         1110    i.DMA_SetConfig     stm32f4xx_hal_dma.o
    0x08000bfa   0x00000002   Code   RO         3942    i.DebugMon_Handler  stm32f4xx_it.o
    0x08000bfc   0x0000000a   Code   RO         3943    i.EXTI1_IRQHandler  stm32f4xx_it.o
    0x08000c06   0x00000004   Code   RO         3795    i.Error_Handler     main.o
    0x08000c0a   0x00000002   PAD
    0x08000c0c   0x00000184   Code   RO         4096    i.Gm6623_pitch_ang_ctr  t_moto.o
    0x08000d90   0x000000d4   Code   RO         4097    i.Gm6623_yaw_ang_ctr  t_moto.o
    0x08000e64   0x0000012c   Code   RO          701    i.HAL_CAN_ConfigFilter  stm32f4xx_hal_can.o
    0x08000f90   0x00000002   Code   RO          703    i.HAL_CAN_ErrorCallback  stm32f4xx_hal_can.o
    0x08000f92   0x00000002   PAD
    0x08000f94   0x000001cc   Code   RO          706    i.HAL_CAN_IRQHandler  stm32f4xx_hal_can.o
    0x08001160   0x000001c0   Code   RO          707    i.HAL_CAN_Init      stm32f4xx_hal_can.o
    0x08001320   0x00000134   Code   RO         4897    i.HAL_CAN_MspInit   can.o
    0x08001454   0x000000ae   Code   RO          711    i.HAL_CAN_Receive_IT  stm32f4xx_hal_can.o
    0x08001502   0x00000002   PAD
    0x08001504   0x000001a4   Code   RO         4821    i.HAL_CAN_RxCpltCallback  m_moto.o
    0x080016a8   0x00000260   Code   RO          714    i.HAL_CAN_Transmit  stm32f4xx_hal_can.o
    0x08001908   0x00000002   Code   RO         4822    i.HAL_CAN_TxCpltCallback  m_moto.o
    0x0800190a   0x00000028   Code   RO         1112    i.HAL_DMA_Abort_IT  stm32f4xx_hal_dma.o
    0x08001932   0x00000062   Code   RO         1113    i.HAL_DMA_DeInit    stm32f4xx_hal_dma.o
    0x08001994   0x00000248   Code   RO         1116    i.HAL_DMA_IRQHandler  stm32f4xx_hal_dma.o
    0x08001bdc   0x000000e8   Code   RO         1117    i.HAL_DMA_Init      stm32f4xx_hal_dma.o
    0x08001cc4   0x0000009e   Code   RO         1121    i.HAL_DMA_Start_IT  stm32f4xx_hal_dma.o
    0x08001d62   0x0000001a   Code   RO         2545    i.HAL_Delay         stm32f4xx_hal.o
    0x08001d7c   0x00000002   Code   RO         2078    i.HAL_GPIO_EXTI_Callback  stm32f4xx_hal_gpio.o
    0x08001d7e   0x00000002   PAD
    0x08001d80   0x0000001c   Code   RO         2079    i.HAL_GPIO_EXTI_IRQHandler  stm32f4xx_hal_gpio.o
    0x08001d9c   0x0000021c   Code   RO         2080    i.HAL_GPIO_Init     stm32f4xx_hal_gpio.o
    0x08001fb8   0x00000010   Code   RO         2082    i.HAL_GPIO_ReadPin  stm32f4xx_hal_gpio.o
    0x08001fc8   0x0000000c   Code   RO         2084    i.HAL_GPIO_WritePin  stm32f4xx_hal_gpio.o
    0x08001fd4   0x0000000c   Code   RO         2553    i.HAL_GetTick       stm32f4xx_hal.o
    0x08001fe0   0x00000010   Code   RO         2554    i.HAL_IncTick       stm32f4xx_hal.o
    0x08001ff0   0x0000003c   Code   RO         2555    i.HAL_Init          stm32f4xx_hal.o
    0x0800202c   0x00000028   Code   RO         2556    i.HAL_InitTick      stm32f4xx_hal.o
    0x08002054   0x00000056   Code   RO         5076    i.HAL_MspInit       stm32f4xx_hal_msp.o
    0x080020aa   0x0000009a   Code   RO          449    i.HAL_MultiProcessor_Init  stm32f4xx_hal_uart.o
    0x08002144   0x0000001a   Code   RO         3136    i.HAL_NVIC_EnableIRQ  stm32f4xx_hal_cortex.o
    0x0800215e   0x0000007c   Code   RO         3142    i.HAL_NVIC_SetPriority  stm32f4xx_hal_cortex.o
    0x080021da   0x00000002   PAD
    0x080021dc   0x00000028   Code   RO         3143    i.HAL_NVIC_SetPriorityGrouping  stm32f4xx_hal_cortex.o
    0x08002204   0x0000000e   Code   RO         5400    i.HAL_PCD_ConnectCallback  usbd_conf.o
    0x08002212   0x00000020   Code   RO         5401    i.HAL_PCD_DataInStageCallback  usbd_conf.o
    0x08002232   0x00000020   Code   RO         5402    i.HAL_PCD_DataOutStageCallback  usbd_conf.o
    0x08002252   0x0000000e   Code   RO         5403    i.HAL_PCD_DisconnectCallback  usbd_conf.o
    0x08002260   0x00000068   Code   RO           23    i.HAL_PCD_EP_ClrStall  stm32f4xx_hal_pcd.o
    0x080022c8   0x0000008c   Code   RO           26    i.HAL_PCD_EP_Open   stm32f4xx_hal_pcd.o
    0x08002354   0x00000078   Code   RO           27    i.HAL_PCD_EP_Receive  stm32f4xx_hal_pcd.o
    0x080023cc   0x0000007a   Code   RO           28    i.HAL_PCD_EP_SetStall  stm32f4xx_hal_pcd.o
    0x08002446   0x0000007a   Code   RO           29    i.HAL_PCD_EP_Transmit  stm32f4xx_hal_pcd.o
    0x080024c0   0x00000694   Code   RO           31    i.HAL_PCD_IRQHandler  stm32f4xx_hal_pcd.o
    0x08002b54   0x00000012   Code   RO         5404    i.HAL_PCD_ISOINIncompleteCallback  usbd_conf.o
    0x08002b66   0x00000012   Code   RO         5405    i.HAL_PCD_ISOOUTIncompleteCallback  usbd_conf.o
    0x08002b78   0x00000032   Code   RO         5408    i.HAL_PCD_ResetCallback  usbd_conf.o
    0x08002baa   0x0000000e   Code   RO         5409    i.HAL_PCD_ResumeCallback  usbd_conf.o
    0x08002bb8   0x0000000e   Code   RO         5410    i.HAL_PCD_SOFCallback  usbd_conf.o
    0x08002bc6   0x00000032   Code   RO           40    i.HAL_PCD_SetAddress  stm32f4xx_hal_pcd.o
    0x08002bf8   0x00000012   Code   RO         5411    i.HAL_PCD_SetupStageCallback  usbd_conf.o
    0x08002c0a   0x00000002   PAD
    0x08002c0c   0x00000034   Code   RO         5412    i.HAL_PCD_SuspendCallback  usbd_conf.o
    0x08002c40   0x000001d0   Code   RO          338    i.HAL_RCC_ClockConfig  stm32f4xx_hal_rcc.o
    0x08002e10   0x0000000c   Code   RO          343    i.HAL_RCC_GetHCLKFreq  stm32f4xx_hal_rcc.o
    0x08002e1c   0x0000002c   Code   RO          345    i.HAL_RCC_GetPCLK1Freq  stm32f4xx_hal_rcc.o
    0x08002e48   0x0000002c   Code   RO          346    i.HAL_RCC_GetPCLK2Freq  stm32f4xx_hal_rcc.o
    0x08002e74   0x000000b4   Code   RO          347    i.HAL_RCC_GetSysClockFreq  stm32f4xx_hal_rcc.o
    0x08002f28   0x0000039c   Code   RO          350    i.HAL_RCC_OscConfig  stm32f4xx_hal_rcc.o
    0x080032c4   0x0000008c   Code   RO          837    i.HAL_SPI_Init      stm32f4xx_hal_spi.o
    0x08003350   0x0000005c   Code   RO         5035    i.HAL_SPI_MspInit   spi.o
    0x080033ac   0x0000021e   Code   RO          846    i.HAL_SPI_TransmitReceive  stm32f4xx_hal_spi.o
    0x080035ca   0x00000028   Code   RO         3145    i.HAL_SYSTICK_CLKSourceConfig  stm32f4xx_hal_cortex.o
    0x080035f2   0x00000002   Code   RO         3146    i.HAL_SYSTICK_Callback  stm32f4xx_hal_cortex.o
    0x080035f4   0x00000034   Code   RO         3147    i.HAL_SYSTICK_Config  stm32f4xx_hal_cortex.o
    0x08003628   0x00000008   Code   RO         3148    i.HAL_SYSTICK_IRQHandler  stm32f4xx_hal_cortex.o
    0x08003630   0x00000002   Code   RO         2143    i.HAL_TIMEx_BreakCallback  stm32f4xx_hal_tim_ex.o
    0x08003632   0x00000002   Code   RO         2144    i.HAL_TIMEx_CommutationCallback  stm32f4xx_hal_tim_ex.o
    0x08003634   0x00000062   Code   RO         2160    i.HAL_TIMEx_MasterConfigSynchronization  stm32f4xx_hal_tim_ex.o
    0x08003696   0x00000034   Code   RO         1288    i.HAL_TIM_Base_Init  stm32f4xx_hal_tim.o
    0x080036ca   0x00000002   PAD
    0x080036cc   0x00000174   Code   RO         5101    i.HAL_TIM_Base_MspInit  tim.o
    0x08003840   0x0000001e   Code   RO         1293    i.HAL_TIM_Base_Start_IT  stm32f4xx_hal_tim.o
    0x0800385e   0x00000132   Code   RO         1297    i.HAL_TIM_ConfigClockSource  stm32f4xx_hal_tim.o
    0x08003990   0x00000002   Code   RO         1317    i.HAL_TIM_IC_CaptureCallback  stm32f4xx_hal_tim.o
    0x08003992   0x00000196   Code   RO         1330    i.HAL_TIM_IRQHandler  stm32f4xx_hal_tim.o
    0x08003b28   0x00000128   Code   RO         5102    i.HAL_TIM_MspPostInit  tim.o
    0x08003c50   0x00000002   Code   RO         1333    i.HAL_TIM_OC_DelayElapsedCallback  stm32f4xx_hal_tim.o
    0x08003c52   0x00000108   Code   RO         1354    i.HAL_TIM_PWM_ConfigChannel  stm32f4xx_hal_tim.o
    0x08003d5a   0x00000034   Code   RO         1357    i.HAL_TIM_PWM_Init  stm32f4xx_hal_tim.o
    0x08003d8e   0x00000002   PAD
    0x08003d90   0x00000074   Code   RO         5103    i.HAL_TIM_PWM_MspInit  tim.o
    0x08003e04   0x00000002   Code   RO         1360    i.HAL_TIM_PWM_PulseFinishedCallback  stm32f4xx_hal_tim.o
    0x08003e06   0x00000002   PAD
    0x08003e08   0x0000004c   Code   RO         1361    i.HAL_TIM_PWM_Start  stm32f4xx_hal_tim.o
    0x08003e54   0x000000dc   Code   RO         4160    i.HAL_TIM_PeriodElapsedCallback  control.o
    0x08003f30   0x00000002   Code   RO         1371    i.HAL_TIM_TriggerCallback  stm32f4xx_hal_tim.o
    0x08003f32   0x00000002   Code   RO          454    i.HAL_UART_ErrorCallback  stm32f4xx_hal_uart.o
    0x08003f34   0x0000014c   Code   RO          457    i.HAL_UART_IRQHandler  stm32f4xx_hal_uart.o
    0x08004080   0x0000017c   Code   RO         5227    i.HAL_UART_MspInit  usart.o
    0x080041fc   0x000000a8   Code   RO          462    i.HAL_UART_Receive_DMA  stm32f4xx_hal_uart.o
    0x080042a4   0x00000064   Code   RO          463    i.HAL_UART_Receive_IT  stm32f4xx_hal_uart.o
    0x08004308   0x00000048   Code   RO         4161    i.HAL_UART_RxCpltCallback  control.o
    0x08004350   0x00000002   Code   RO          465    i.HAL_UART_RxHalfCpltCallback  stm32f4xx_hal_uart.o
    0x08004352   0x00000002   Code   RO          469    i.HAL_UART_TxCpltCallback  stm32f4xx_hal_uart.o
    0x08004354   0x00000004   Code   RO         3944    i.HardFault_Handler  stm32f4xx_it.o
    0x08004358   0x000000a8   Code   RO         4726    i.IMU_Get_Data      m_imu.o
    0x08004400   0x00000054   Code   RO         4730    i.MPU6500_Init      m_imu.o
    0x08004454   0x00000054   Code   RO         4731    i.MPU6500_Read_Reg  m_imu.o
    0x080044a8   0x00000064   Code   RO         4732    i.MPU6500_Read_Regs  m_imu.o
    0x0800450c   0x00000058   Code   RO         4735    i.MPU6500_Write_Reg  m_imu.o
    0x08004564   0x00000044   Code   RO         4898    i.MX_CAN1_Init      can.o
    0x080045a8   0x0000011c   Code   RO         5010    i.MX_GPIO_Init      gpio.o
    0x080046c4   0x00000044   Code   RO         5036    i.MX_SPI5_Init      spi.o
    0x08004708   0x000000bc   Code   RO         5105    i.MX_TIM2_Init      tim.o
    0x080047c4   0x00000040   Code   RO         5228    i.MX_USART1_UART_Init  usart.o
    0x08004804   0x0000003c   Code   RO         5229    i.MX_USART2_UART_Init  usart.o
    0x08004840   0x0000003c   Code   RO         5230    i.MX_USART3_UART_Init  usart.o
    0x0800487c   0x000000c4   Code   RO         4964    i.MYDMA_Config      dma.o
    0x08004940   0x00000004   Code   RO         3945    i.MemManage_Handler  stm32f4xx_it.o
    0x08004944   0x00000002   Code   RO         3946    i.NMI_Handler       stm32f4xx_it.o
    0x08004946   0x00000002   PAD
    0x08004948   0x00000010   Code   RO         3149    i.NVIC_GetPriorityGrouping  stm32f4xx_hal_cortex.o
    0x08004958   0x00000028   Code   RO         3150    i.NVIC_SetPriority  stm32f4xx_hal_cortex.o
    0x08004980   0x00000010   Code   RO         3947    i.OTG_FS_IRQHandler  stm32f4xx_it.o
    0x08004990   0x000000a2   Code   RO           45    i.PCD_WriteEmptyTxFifo  stm32f4xx_hal_pcd.o
    0x08004a32   0x00000002   PAD
    0x08004a34   0x00000050   Code   RO         4485    i.PID_struct_init   pid.o
    0x08004a84   0x00000002   Code   RO         3948    i.PendSV_Handler    stm32f4xx_it.o
    0x08004a86   0x00000002   PAD
    0x08004a88   0x00000160   Code   RO         4594    i.RemoteDataProcess  m_remote.o
    0x08004be8   0x00000028   Code   RO          859    i.SPI_CheckFlag_BSY  stm32f4xx_hal_spi.o
    0x08004c10   0x000000aa   Code   RO          875    i.SPI_WaitFlagStateUntilTimeout  stm32f4xx_hal_spi.o
    0x08004cba   0x00000002   Code   RO         3949    i.SVC_Handler       stm32f4xx_it.o
    0x08004cbc   0x00000062   Code   RO         4823    i.Set_3508_current  m_moto.o
    0x08004d1e   0x00000062   Code   RO         4824    i.Set_6623_current  m_moto.o
    0x08004d80   0x0000000c   Code   RO         3950    i.SysTick_Handler   stm32f4xx_it.o
    0x08004d8c   0x000000c4   Code   RO         3796    i.SystemClock_Config  main.o
    0x08004e50   0x00000064   Code   RO         3744    i.SystemInit        system_stm32f4xx.o
    0x08004eb4   0x00000084   Code   RO         5111    i.TIM12_PWM_Init    tim.o
    0x08004f38   0x00000010   Code   RO         5112    i.TIM3_IRQHandler   tim.o
    0x08004f48   0x0000002c   Code   RO         5113    i.TIM3_Init         tim.o
    0x08004f74   0x00000010   Code   RO         5114    i.TIM5_IRQHandler   tim.o
    0x08004f84   0x0000002c   Code   RO         5115    i.TIM5_Init         tim.o
    0x08004fb0   0x000000e4   Code   RO         1372    i.TIM_Base_SetConfig  stm32f4xx_hal_tim.o
    0x08005094   0x0000001c   Code   RO         1373    i.TIM_CCxChannelCmd  stm32f4xx_hal_tim.o
    0x080050b0   0x00000018   Code   RO         1379    i.TIM_ETR_SetConfig  stm32f4xx_hal_tim.o
    0x080050c8   0x00000014   Code   RO         1380    i.TIM_ITRx_SetConfig  stm32f4xx_hal_tim.o
    0x080050dc   0x00000070   Code   RO         1381    i.TIM_OC1_SetConfig  stm32f4xx_hal_tim.o
    0x0800514c   0x00000078   Code   RO         1382    i.TIM_OC2_SetConfig  stm32f4xx_hal_tim.o
    0x080051c4   0x00000078   Code   RO         1383    i.TIM_OC3_SetConfig  stm32f4xx_hal_tim.o
    0x0800523c   0x00000060   Code   RO         1384    i.TIM_OC4_SetConfig  stm32f4xx_hal_tim.o
    0x0800529c   0x0000002a   Code   RO         1386    i.TIM_TI1_ConfigInputStage  stm32f4xx_hal_tim.o
    0x080052c6   0x0000002c   Code   RO         1388    i.TIM_TI2_ConfigInputStage  stm32f4xx_hal_tim.o
    0x080052f2   0x00000002   PAD
    0x080052f4   0x00000074   Code   RO         4376    i.Tk1DataProcess    t_tk1.o
    0x08005368   0x00000014   Code   RO          471    i.UART_DMAAbortOnError  stm32f4xx_hal_uart.o
    0x0800537c   0x00000050   Code   RO          472    i.UART_DMAError     stm32f4xx_hal_uart.o
    0x080053cc   0x00000046   Code   RO          473    i.UART_DMAReceiveCplt  stm32f4xx_hal_uart.o
    0x08005412   0x0000000e   Code   RO          474    i.UART_DMARxHalfCplt  stm32f4xx_hal_uart.o
    0x08005420   0x00000020   Code   RO          477    i.UART_EndRxTransfer  stm32f4xx_hal_uart.o
    0x08005440   0x00000020   Code   RO          478    i.UART_EndTransmit_IT  stm32f4xx_hal_uart.o
    0x08005460   0x00000014   Code   RO          479    i.UART_EndTxTransfer  stm32f4xx_hal_uart.o
    0x08005474   0x0000009a   Code   RO          480    i.UART_Receive_IT   stm32f4xx_hal_uart.o
    0x0800550e   0x00000002   PAD
    0x08005510   0x00000368   Code   RO          481    i.UART_SetConfig    stm32f4xx_hal_uart.o
    0x08005878   0x00000068   Code   RO          482    i.UART_Transmit_IT  stm32f4xx_hal_uart.o
    0x080058e0   0x00000010   Code   RO         5232    i.USART1_IRQHandler  usart.o
    0x080058f0   0x00000010   Code   RO         5233    i.USART2_IRQHandler  usart.o
    0x08005900   0x00000010   Code   RO         5234    i.USART3_IRQHandler  usart.o
    0x08005910   0x00000010   Code   RO         3951    i.USART6_IRQHandler  stm32f4xx_it.o
    0x08005920   0x00000016   Code   RO         3545    i.USBD_ClrClassConfig  usbd_core.o
    0x08005936   0x00000044   Code   RO         3450    i.USBD_ClrFeature   usbd_ctlreq.o
    0x0800597a   0x00000018   Code   RO         3683    i.USBD_CtlContinueRx  usbd_ioreq.o
    0x08005992   0x00000018   Code   RO         3684    i.USBD_CtlContinueSendData  usbd_ioreq.o
    0x080059aa   0x00000018   Code   RO         3451    i.USBD_CtlError     usbd_ctlreq.o
    0x080059c2   0x0000001a   Code   RO         3686    i.USBD_CtlReceiveStatus  usbd_ioreq.o
    0x080059dc   0x00000022   Code   RO         3687    i.USBD_CtlSendData  usbd_ioreq.o
    0x080059fe   0x0000001a   Code   RO         3688    i.USBD_CtlSendStatus  usbd_ioreq.o
    0x08005a18   0x00000050   Code   RO         3452    i.USBD_GetConfig    usbd_ctlreq.o
    0x08005a68   0x00000148   Code   RO         3453    i.USBD_GetDescriptor  usbd_ctlreq.o
    0x08005bb0   0x00000044   Code   RO         3455    i.USBD_GetStatus    usbd_ctlreq.o
    0x08005bf4   0x00000014   Code   RO         5413    i.USBD_LL_ClearStallEP  usbd_conf.o
    0x08005c08   0x000000da   Code   RO         3548    i.USBD_LL_DataInStage  usbd_core.o
    0x08005ce2   0x00000086   Code   RO         3549    i.USBD_LL_DataOutStage  usbd_core.o
    0x08005d68   0x00000006   Code   RO         3550    i.USBD_LL_DevConnected  usbd_core.o
    0x08005d6e   0x0000001a   Code   RO         3551    i.USBD_LL_DevDisconnected  usbd_core.o
    0x08005d88   0x00000038   Code   RO         5420    i.USBD_LL_IsStallEP  usbd_conf.o
    0x08005dc0   0x00000006   Code   RO         3552    i.USBD_LL_IsoINIncomplete  usbd_core.o
    0x08005dc6   0x00000006   Code   RO         3553    i.USBD_LL_IsoOUTIncomplete  usbd_core.o
    0x08005dcc   0x00000020   Code   RO         5421    i.USBD_LL_OpenEP    usbd_conf.o
    0x08005dec   0x00000020   Code   RO         5422    i.USBD_LL_PrepareReceive  usbd_conf.o
    0x08005e0c   0x00000044   Code   RO         3554    i.USBD_LL_Reset     usbd_core.o
    0x08005e50   0x0000000e   Code   RO         3555    i.USBD_LL_Resume    usbd_core.o
    0x08005e5e   0x00000022   Code   RO         3556    i.USBD_LL_SOF       usbd_core.o
    0x08005e80   0x00000008   Code   RO         3557    i.USBD_LL_SetSpeed  usbd_core.o
    0x08005e88   0x00000014   Code   RO         5423    i.USBD_LL_SetUSBAddress  usbd_conf.o
    0x08005e9c   0x0000006e   Code   RO         3558    i.USBD_LL_SetupStage  usbd_core.o
    0x08005f0a   0x00000014   Code   RO         5424    i.USBD_LL_StallEP   usbd_conf.o
    0x08005f1e   0x00000014   Code   RO         3559    i.USBD_LL_Suspend   usbd_core.o
    0x08005f32   0x00000020   Code   RO         5427    i.USBD_LL_Transmit  usbd_conf.o
    0x08005f52   0x00000028   Code   RO         3457    i.USBD_ParseSetupRequest  usbd_ctlreq.o
    0x08005f7a   0x00000006   Code   RO         3561    i.USBD_RunTestMode  usbd_core.o
    0x08005f80   0x00000054   Code   RO         3458    i.USBD_SetAddress   usbd_ctlreq.o
    0x08005fd4   0x00000022   Code   RO         3562    i.USBD_SetClassConfig  usbd_core.o
    0x08005ff6   0x00000002   PAD
    0x08005ff8   0x000000e0   Code   RO         3459    i.USBD_SetConfig    usbd_ctlreq.o
    0x080060d8   0x00000024   Code   RO         3460    i.USBD_SetFeature   usbd_ctlreq.o
    0x080060fc   0x00000072   Code   RO         3461    i.USBD_StdDevReq    usbd_ctlreq.o
    0x0800616e   0x00000156   Code   RO         3462    i.USBD_StdEPReq     usbd_ctlreq.o
    0x080062c4   0x0000004a   Code   RO         3463    i.USBD_StdItfReq    usbd_ctlreq.o
    0x0800630e   0x00000002   PAD
    0x08006310   0x000000c4   Code   RO         2816    i.USB_ActivateEndpoint  stm32f4xx_ll_usb.o
    0x080063d4   0x00000044   Code   RO         2817    i.USB_ActivateSetup  stm32f4xx_ll_usb.o
    0x08006418   0x000001b0   Code   RO         2829    i.USB_EP0StartXfer  stm32f4xx_ll_usb.o
    0x080065c8   0x00000044   Code   RO         2830    i.USB_EP0_OutStart  stm32f4xx_ll_usb.o
    0x0800660c   0x00000088   Code   RO         2831    i.USB_EPClearStall  stm32f4xx_ll_usb.o
    0x08006694   0x0000008c   Code   RO         2832    i.USB_EPSetStall    stm32f4xx_ll_usb.o
    0x08006720   0x000002d0   Code   RO         2833    i.USB_EPStartXfer   stm32f4xx_ll_usb.o
    0x080069f0   0x00000030   Code   RO         2836    i.USB_FlushTxFifo   stm32f4xx_ll_usb.o
    0x08006a20   0x00000044   Code   RO         2838    i.USB_GetDevSpeed   stm32f4xx_ll_usb.o
    0x08006a64   0x0000000a   Code   RO         2840    i.USB_GetMode       stm32f4xx_ll_usb.o
    0x08006a6e   0x00000012   Code   RO         2847    i.USB_ReadDevAllInEpInterrupt  stm32f4xx_ll_usb.o
    0x08006a80   0x00000012   Code   RO         2848    i.USB_ReadDevAllOutEpInterrupt  stm32f4xx_ll_usb.o
    0x08006a92   0x0000002c   Code   RO         2849    i.USB_ReadDevInEPInterrupt  stm32f4xx_ll_usb.o
    0x08006abe   0x00000016   Code   RO         2850    i.USB_ReadDevOutEPInterrupt  stm32f4xx_ll_usb.o
    0x08006ad4   0x0000000c   Code   RO         2851    i.USB_ReadInterrupts  stm32f4xx_ll_usb.o
    0x08006ae0   0x00000022   Code   RO         2852    i.USB_ReadPacket    stm32f4xx_ll_usb.o
    0x08006b02   0x00000024   Code   RO         2855    i.USB_SetDevAddress  stm32f4xx_ll_usb.o
    0x08006b26   0x00000030   Code   RO         2859    i.USB_WritePacket   stm32f4xx_ll_usb.o
    0x08006b56   0x00000004   Code   RO         3952    i.UsageFault_Handler  stm32f4xx_it.o
    0x08006b5a   0x0000000e   Code   RO         6005    i.__scatterload_copy  mc_w.l(handlers.o)
    0x08006b68   0x00000002   Code   RO         6006    i.__scatterload_null  mc_w.l(handlers.o)
    0x08006b6a   0x0000000e   Code   RO         6007    i.__scatterload_zeroinit  mc_w.l(handlers.o)
    0x08006b78   0x0000002e   Code   RO         4486    i.abs_limit         pid.o
    0x08006ba6   0x00000002   PAD
    0x08006ba8   0x00000120   Code   RO         3797    i.all_bsp_init      main.o
    0x08006cc8   0x00000224   Code   RO         3798    i.all_pid_init      main.o
    0x08006eec   0x00000094   Code   RO         4207    i.ctrcm             t_remote.o
    0x08006f80   0x00000260   Code   RO         4208    i.ctrcmallrun       t_remote.o
    0x080071e0   0x00000134   Code   RO         4209    i.ctrcmsqin         t_remote.o
    0x08007314   0x00000074   Code   RO         4826    i.get_moto_measure  m_moto.o
    0x08007388   0x00000014   Code   RO         4827    i.get_moto_offset   m_moto.o
    0x0800739c   0x00000024   Code   RO         3800    i.main              main.o
    0x080073c0   0x00000070   Code   RO         4901    i.my_can_filter_init_recv_all  can.o
    0x08007430   0x00000214   Code   RO         4489    i.pid_calc          pid.o
    0x08007644   0x00000014   Code   RO         4495    i.pid_param_init    pid.o
    0x08007658   0x0000000e   Code   RO         4496    i.pid_reset         pid.o
    0x08007666   0x00000002   PAD
    0x08007668   0x0000002c   Code   RO         4227    i.setinputmode      t_remote.o
    0x08007694   0x00000010   Data   RO          351    .constdata          stm32f4xx_hal_rcc.o
    0x080076a4   0x00000008   Data   RO         1123    .constdata          stm32f4xx_hal_dma.o
    0x080076ac   0x00000014   Data   RO         4738    .constdata          m_imu.o
    0x080076c0   0x00000020   Data   RO         6003    Region$$Table       anon$$obj.o


    Execution Region RW_IRAM1 (Base: 0x20000000, Size: 0x00001f48, Max: 0x00030000, ABSOLUTE, COMPRESSED[0x0000008c])

    Base Addr    Size         Type   Attr      Idx    E Section Name        Object

    0x20000000   0x00000004   Data   RW         2561    .data               stm32f4xx_hal.o
    0x20000004   0x00000001   Data   RW         3464    .data               usbd_ctlreq.o
    0x20000005   0x00000003   PAD
    0x20000008   0x00000004   Data   RW         3746    .data               system_stm32f4xx.o
    0x2000000c   0x00000044   Data   RW         4100    .data               t_moto.o
    0x20000050   0x00000001   Data   RW         4163    .data               control.o
    0x20000051   0x00000003   PAD
    0x20000054   0x00000040   Data   RW         4231    .data               t_remote.o
    0x20000094   0x0000000c   Data   RW         4377    .data               t_tk1.o
    0x200000a0   0x00000020   Data   RW         4407    .data               egg_task.o
    0x200000c0   0x00000090   Data   RW         4500    .data               pid.o
    0x20000150   0x0000000c   Data   RW         4596    .data               m_remote.o
    0x2000015c   0x00000015   Data   RW         4739    .data               m_imu.o
    0x20000171   0x00000003   PAD
    0x20000174   0x00000008   Data   RW         4830    .data               m_moto.o
    0x2000017c   0x00000004   Data   RW         4903    .data               can.o
    0x20000180   0x000000a0   Zero   RW         4099    .bss                t_moto.o
    0x20000220   0x0000011e   Zero   RW         4162    .bss                control.o
    0x2000033e   0x00000002   PAD
    0x20000340   0x00000b64   Zero   RW         4499    .bss                pid.o
    0x20000ea4   0x00000038   Zero   RW         4595    .bss                m_remote.o
    0x20000edc   0x00000034   Zero   RW         4737    .bss                m_imu.o
    0x20000f10   0x00000210   Zero   RW         4829    .bss                m_moto.o
    0x20001120   0x00000180   Zero   RW         4902    .bss                can.o
    0x200012a0   0x00000180   Zero   RW         4966    .bss                dma.o
    0x20001420   0x00000058   Zero   RW         5037    .bss                spi.o
    0x20001478   0x00000218   Zero   RW         5117    .bss                tim.o
    0x20001690   0x00000100   Zero   RW         5236    .bss                usart.o
    0x20001790   0x000003b8   Zero   RW         5428    .bss                usbd_conf.o
    0x20001b48   0x00000400   Zero   RW            1    STACK               startup_stm32f427xx.o


==============================================================================

Image component sizes


      Code (inc. data)   RO Data    RW Data    ZI Data      Debug   Object Name

       488         58          0          4        384       3288   can.o
       292         40          0          1        286       2014   control.o
       212         24          0          0        384       1839   dma.o
         0          0          0         32          0        889   egg_task.o
       284         10          0          0          0       1131   gpio.o
       524         72         20         21         52       4431   m_imu.o
       754         24          0          8        528       6055   m_moto.o
       352         40          0         12         56       2912   m_remote.o
      1072        230          0          0          0       7087   main.o
       692         14          0        144       2916       7726   pid.o
       160         20          0          0         88       1629   spi.o
        36          8        428          0       1024        832   startup_stm32f427xx.o
       154         20          0          4          0       4167   stm32f4xx_hal.o
      2536         34          0          0          0       6863   stm32f4xx_hal_can.o
       348         22          0          0          0      32537   stm32f4xx_hal_cortex.o
      1394         20          8          0          0       6819   stm32f4xx_hal_dma.o
       598         58          0          0          0       4243   stm32f4xx_hal_gpio.o
        86          0          0          0          0        522   stm32f4xx_hal_msp.o
      2504         46          0          0          0     370871   stm32f4xx_hal_pcd.o
      1668         70         16          0          0       5631   stm32f4xx_hal_rcc.o
       892          0          0          0          0       4149   stm32f4xx_hal_spi.o
      2028         88          0          0          0      15114   stm32f4xx_hal_tim.o
       102          0          0          0          0       2314   stm32f4xx_hal_tim_ex.o
      2158         28          0          0          0      11738   stm32f4xx_hal_uart.o
       142         36          0          0          0       7603   stm32f4xx_it.o
      2118         20          0          0          0      12809   stm32f4xx_ll_usb.o
       100         18          0          4          0       1329   system_stm32f4xx.o
       756        120          0         68        160       4522   t_moto.o
      1108         88          0         64          0       6149   t_remote.o
       116         16          0         12          0       1222   t_tk1.o
      1224        126          0          0        536       6564   tim.o
       612         82          0          0        256       4591   usart.o
         0          0          0          0          0       4368   usbd_cdc.o
       488          6          0          0        952      11391   usbd_conf.o
       712          0          0          0          0      10455   usbd_core.o
      1482         30          0          1          0       9203   usbd_ctlreq.o
       134          0          0          0          0       3820   usbd_ioreq.o

    ----------------------------------------------------------------------
     28364       1468        504        384       7624     588827   Object Totals
         0          0         32          0          0          0   (incl. Generated)
        38          0          0          9          2          0   (incl. Padding)

    ----------------------------------------------------------------------

      Code (inc. data)   RO Data    RW Data    ZI Data      Debug   Library Member Name

        86          0          0          0          0          0   __dczerorl2.o
         0          0          0          0          0          0   entry.o
         0          0          0          0          0          0   entry10a.o
         0          0          0          0          0          0   entry11a.o
         8          4          0          0          0          0   entry2.o
         4          0          0          0          0          0   entry5.o
         0          0          0          0          0          0   entry7b.o
         0          0          0          0          0          0   entry8b.o
         8          4          0          0          0          0   entry9a.o
        30          0          0          0          0          0   handlers.o
        36          8          0          0          0         68   init.o
         0          0          0          0          0          0   iusefp.o
        30          0          0          0          0         68   llshl.o
        36          0          0          0          0         68   llsshr.o
        32          0          0          0          0         68   llushr.o
        36          0          0          0          0         68   memcpya.o
        56          0          0          0          0         88   d2f.o
       334          0          0          0          0        148   dadd.o
       222          0          0          0          0        100   ddiv.o
       186          0          0          0          0        176   depilogue.o
        62          0          0          0          0         80   dfixi.o
        34          0          0          0          0         76   dflti.o
        26          0          0          0          0         76   dfltui.o
       228          0          0          0          0         96   dmul.o
       110          0          0          0          0        168   fepilogue.o

    ----------------------------------------------------------------------
      1564         16          0          0          0       1348   Library Totals
         0          0          0          0          0          0   (incl. Padding)

    ----------------------------------------------------------------------

      Code (inc. data)   RO Data    RW Data    ZI Data      Debug   Library Name

       306         16          0          0          0        340   mc_w.l
      1258          0          0          0          0       1008   mf_w.l

    ----------------------------------------------------------------------
      1564         16          0          0          0       1348   Library Totals

    ----------------------------------------------------------------------

==============================================================================


      Code (inc. data)   RO Data    RW Data    ZI Data      Debug   

     29928       1484        504        384       7624     567135   Grand Totals
     29928       1484        504        140       7624     567135   ELF Image Totals (compressed)
     29928       1484        504        140          0          0   ROM Totals

==============================================================================

    Total RO  Size (Code + RO Data)                30432 (  29.72kB)
    Total RW  Size (RW Data + ZI Data)              8008 (   7.82kB)
    Total ROM Size (Code + RO Data + RW Data)      30572 (  29.86kB)

==============================================================================

