Component: ARM Compiler 5.05 update 2 (build 169) Tool: armlink [4d0f33]

==============================================================================

Section Cross References

    startup_stm32f427xx.o(RESET) refers to startup_stm32f427xx.o(STACK) for __initial_sp
    startup_stm32f427xx.o(RESET) refers to startup_stm32f427xx.o(.text) for Reset_Handler
    startup_stm32f427xx.o(RESET) refers to stm32f4xx_it.o(i.NMI_Handler) for NMI_Handler
    startup_stm32f427xx.o(RESET) refers to stm32f4xx_it.o(i.HardFault_Handler) for HardFault_Handler
    startup_stm32f427xx.o(RESET) refers to stm32f4xx_it.o(i.MemManage_Handler) for MemManage_Handler
    startup_stm32f427xx.o(RESET) refers to stm32f4xx_it.o(i.BusFault_Handler) for BusFault_Handler
    startup_stm32f427xx.o(RESET) refers to stm32f4xx_it.o(i.UsageFault_Handler) for UsageFault_Handler
    startup_stm32f427xx.o(RESET) refers to stm32f4xx_it.o(i.SVC_Handler) for SVC_Handler
    startup_stm32f427xx.o(RESET) refers to stm32f4xx_it.o(i.DebugMon_Handler) for DebugMon_Handler
    startup_stm32f427xx.o(RESET) refers to stm32f4xx_it.o(i.PendSV_Handler) for PendSV_Handler
    startup_stm32f427xx.o(RESET) refers to stm32f4xx_it.o(i.SysTick_Handler) for SysTick_Handler
    startup_stm32f427xx.o(RESET) refers to stm32f4xx_it.o(i.EXTI1_IRQHandler) for EXTI1_IRQHandler
    startup_stm32f427xx.o(RESET) refers to stm32f4xx_it.o(i.CAN1_TX_IRQHandler) for CAN1_TX_IRQHandler
    startup_stm32f427xx.o(RESET) refers to stm32f4xx_it.o(i.CAN1_RX0_IRQHandler) for CAN1_RX0_IRQHandler
    startup_stm32f427xx.o(RESET) refers to tim.o(i.TIM3_IRQHandler) for TIM3_IRQHandler
    startup_stm32f427xx.o(RESET) refers to usart.o(i.USART1_IRQHandler) for USART1_IRQHandler
    startup_stm32f427xx.o(RESET) refers to usart.o(i.USART2_IRQHandler) for USART2_IRQHandler
    startup_stm32f427xx.o(RESET) refers to usart.o(i.USART3_IRQHandler) for USART3_IRQHandler
    startup_stm32f427xx.o(RESET) refers to tim.o(i.TIM5_IRQHandler) for TIM5_IRQHandler
    startup_stm32f427xx.o(RESET) refers to dma.o(i.DMA2_Stream2_IRQHandler) for DMA2_Stream2_IRQHandler
    startup_stm32f427xx.o(RESET) refers to stm32f4xx_it.o(i.CAN2_TX_IRQHandler) for CAN2_TX_IRQHandler
    startup_stm32f427xx.o(RESET) refers to stm32f4xx_it.o(i.CAN2_RX0_IRQHandler) for CAN2_RX0_IRQHandler
    startup_stm32f427xx.o(RESET) refers to stm32f4xx_it.o(i.OTG_FS_IRQHandler) for OTG_FS_IRQHandler
    startup_stm32f427xx.o(RESET) refers to stm32f4xx_it.o(i.USART6_IRQHandler) for USART6_IRQHandler
    startup_stm32f427xx.o(.text) refers to system_stm32f4xx.o(i.SystemInit) for SystemInit
    startup_stm32f427xx.o(.text) refers to entry.o(.ARM.Collect$$$$00000000) for __main
    stm32f4xx_hal_pcd.o(i.HAL_PCD_DeInit) refers to stm32f4xx_hal_pcd.o(i.HAL_PCD_Stop) for HAL_PCD_Stop
    stm32f4xx_hal_pcd.o(i.HAL_PCD_DeInit) refers to usbd_conf.o(i.HAL_PCD_MspDeInit) for HAL_PCD_MspDeInit
    stm32f4xx_hal_pcd.o(i.HAL_PCD_DevConnect) refers to stm32f4xx_ll_usb.o(i.USB_DevConnect) for USB_DevConnect
    stm32f4xx_hal_pcd.o(i.HAL_PCD_DevDisconnect) refers to stm32f4xx_ll_usb.o(i.USB_DevDisconnect) for USB_DevDisconnect
    stm32f4xx_hal_pcd.o(i.HAL_PCD_EP_Close) refers to stm32f4xx_ll_usb.o(i.USB_DeactivateEndpoint) for USB_DeactivateEndpoint
    stm32f4xx_hal_pcd.o(i.HAL_PCD_EP_ClrStall) refers to stm32f4xx_ll_usb.o(i.USB_EPClearStall) for USB_EPClearStall
    stm32f4xx_hal_pcd.o(i.HAL_PCD_EP_Flush) refers to stm32f4xx_ll_usb.o(i.USB_FlushTxFifo) for USB_FlushTxFifo
    stm32f4xx_hal_pcd.o(i.HAL_PCD_EP_Flush) refers to stm32f4xx_ll_usb.o(i.USB_FlushRxFifo) for USB_FlushRxFifo
    stm32f4xx_hal_pcd.o(i.HAL_PCD_EP_Open) refers to stm32f4xx_ll_usb.o(i.USB_ActivateEndpoint) for USB_ActivateEndpoint
    stm32f4xx_hal_pcd.o(i.HAL_PCD_EP_Receive) refers to stm32f4xx_ll_usb.o(i.USB_EP0StartXfer) for USB_EP0StartXfer
    stm32f4xx_hal_pcd.o(i.HAL_PCD_EP_Receive) refers to stm32f4xx_ll_usb.o(i.USB_EPStartXfer) for USB_EPStartXfer
    stm32f4xx_hal_pcd.o(i.HAL_PCD_EP_SetStall) refers to stm32f4xx_ll_usb.o(i.USB_EPSetStall) for USB_EPSetStall
    stm32f4xx_hal_pcd.o(i.HAL_PCD_EP_SetStall) refers to stm32f4xx_ll_usb.o(i.USB_EP0_OutStart) for USB_EP0_OutStart
    stm32f4xx_hal_pcd.o(i.HAL_PCD_EP_Transmit) refers to stm32f4xx_ll_usb.o(i.USB_EP0StartXfer) for USB_EP0StartXfer
    stm32f4xx_hal_pcd.o(i.HAL_PCD_EP_Transmit) refers to stm32f4xx_ll_usb.o(i.USB_EPStartXfer) for USB_EPStartXfer
    stm32f4xx_hal_pcd.o(i.HAL_PCD_IRQHandler) refers to stm32f4xx_ll_usb.o(i.USB_GetMode) for USB_GetMode
    stm32f4xx_hal_pcd.o(i.HAL_PCD_IRQHandler) refers to stm32f4xx_ll_usb.o(i.USB_ReadInterrupts) for USB_ReadInterrupts
    stm32f4xx_hal_pcd.o(i.HAL_PCD_IRQHandler) refers to stm32f4xx_ll_usb.o(i.USB_ReadDevAllOutEpInterrupt) for USB_ReadDevAllOutEpInterrupt
    stm32f4xx_hal_pcd.o(i.HAL_PCD_IRQHandler) refers to stm32f4xx_ll_usb.o(i.USB_ReadDevOutEPInterrupt) for USB_ReadDevOutEPInterrupt
[...]
    DMA1_Stream3_IRQHandler                  0x080001db   Thumb Code     0  startup_stm32f427xx.o(.text)
    DMA1_Stream4_IRQHandler                  0x080001db   Thumb Code     0  startup_stm32f427xx.o(.text)
    DMA1_Stream5_IRQHandler                  0x080001db   Thumb Code     0  startup_stm32f427xx.o(.text)
    DMA1_Stream6_IRQHandler                  0x080001db   Thumb Code     0  startup_stm32f427xx.o(.text)
    DMA1_Stream7_IRQHandler                  0x080001db   Thumb Code     0  startup_stm32f427xx.o(.text)
    DMA2D_IRQHandler                         0x080001db   Thumb Code     0  startup_stm32f427xx.o(.text)
    DMA2_Stream0_IRQHandler                  0x080001db   Thumb Code     0  startup_stm32f427xx.o(.text)
    DMA2_Stream1_IRQHandler                  0x080001db   Thumb Code     0  startup_stm32f427xx.o(.text)
    DMA2_Stream3_IRQHandler                  0x080001db   Thumb Code     0  startup_stm32f427xx.o(.text)
    DMA2_Stream4_IRQHandler                  0x080001db   Thumb Code     0  startup_stm32f427xx.o(.text)
    DMA2_Stream5_IRQHandler                  0x080001db   Thumb Code     0  startup_stm32f427xx.o(.text)
    DMA2_Stream6_IRQHandler                  0x080001db   Thumb Code     0  startup_stm32f427xx.o(.text)
    DMA2_Stream7_IRQHandler                  0x080001db   Thumb Code     0  startup_stm32f427xx.o(.text)
    ETH_IRQHandler                           0x080001db   Thumb Code     0  startup_stm32f427xx.o(.text)
    ETH_WKUP_IRQHandler                      0x080001db   Thumb Code     0  startup_stm32f427xx.o(.text)
    EXTI0_IRQHandler                         0x080001db   Thumb Code     0  startup_stm32f427xx.o(.text)
    EXTI15_10_IRQHandler                     0x080001db   Thumb Code     0  startup_stm32f427xx.o(.text)
    EXTI2_IRQHandler                         0x080001db   Thumb Code     0  startup_stm32f427xx.o(.text)
    EXTI3_IRQHandler                         0x080001db   Thumb Code     0  startup_stm32f427xx.o(.text)
    EXTI4_IRQHandler                         0x080001db   Thumb Code     0  startup_stm32f427xx.o(.text)
    EXTI9_5_IRQHandler                       0x080001db   Thumb Code     0  startup_stm32f427xx.o(.text)
    FLASH_IRQHandler                         0x080001db   Thumb Code     0  startup_stm32f427xx.o(.text)
    FMC_IRQHandler                           0x080001db   Thumb Code     0  startup_stm32f427xx.o(.text)
    FPU_IRQHandler                           0x080001db   Thumb Code     0  startup_stm32f427xx.o(.text)
    HASH_RNG_IRQHandler                      0x080001db   Thumb Code     0  startup_stm32f427xx.o(.text)
    I2C1_ER_IRQHandler                       0x080001db   Thumb Code     0  startup_stm32f427xx.o(.text)
    I2C1_EV_IRQHandler                       0x080001db   Thumb Code     0  startup_stm32f427xx.o(.text)
    I2C2_ER_IRQHandler                       0x080001db   Thumb Code     0  startup_stm32f427xx.o(.text)
    I2C2_EV_IRQHandler                       0x080001db   Thumb Code     0  startup_stm32f427xx.o(.text)
    I2C3_ER_IRQHandler                       0x080001db   Thumb Code     0  startup_stm32f427xx.o(.text)
    I2C3_EV_IRQHandler                       0x080001db   Thumb Code     0  startup_stm32f427xx.o(.text)
    OTG_FS_WKUP_IRQHandler                   0x080001db   Thumb Code     0  startup_stm32f427xx.o(.text)
    OTG_HS_EP1_IN_IRQHandler                 0x080001db   Thumb Code     0  startup_stm32f427xx.o(.text)
    OTG_HS_EP1_OUT_IRQHandler                0x080001db   Thumb Code     0  startup_stm32f427xx.o(.text)
    OTG_HS_IRQHandler                        0x080001db   Thumb Code     0  startup_stm32f427xx.o(.text)
    OTG_HS_WKUP_IRQHandler                   0x080001db   Thumb Code     0  startup_stm32f427xx.o(.text)
    PVD_IRQHandler                           0x080001db   Thumb Code     0  startup_stm32f427xx.o(.text)
    RCC_IRQHandler                           0x080001db   Thumb Code     0  startup_stm32f427xx.o(.text)
    RTC_Alarm_IRQHandler                     0x080001db   Thumb Code     0  startup_stm32f427xx.o(.text)
    RTC_WKUP_IRQHandler                      0x080001db   Thumb Code     0  startup_stm32f427xx.o(.text)
    SAI1_IRQHandler                          0x080001db   Thumb Code     0  startup_stm32f427xx.o(.text)
    SDIO_IRQHandler                          0x080001db   Thumb Code     0  startup_stm32f427xx.o(.text)
    SPI1_IRQHandler                          0x080001db   Thumb Code     0  startup_stm32f427xx.o(.text)
    SPI2_IRQHandler                          0x080001db   Thumb Code     0  startup_stm32f427xx.o(.text)
    SPI3_IRQHandler                          0x080001db   Thumb Code     0  startup_stm32f427xx.o(.text)
    SPI4_IRQHandler                          0x080001db   Thumb Code     0  startup_stm32f427xx.o(.text)
    SPI5_IRQHandler                          0x080001db   Thumb Code     0  startup_stm32f427xx.o(.text)
    SPI6_IRQHandler                          0x080001db   Thumb Code     0  startup_stm32f427xx.o(.text)
    TAMP_STAMP_IRQHandler                    0x080001db   Thumb Code     0  startup_stm32f427xx.o(.text)
    TIM1_BRK_TIM9_IRQHandler                 0x080001db   Thumb Code     0  startup_stm32f427xx.o(.text)
    TIM1_CC_IRQHandler                       0x080001db   Thumb Code     0  startup_stm32f427xx.o(.text)
    TIM1_TRG_COM_TIM11_IRQHandler            0x080001db   Thumb Code     0  startup_stm32f427xx.o(.text)
    TIM1_UP_TIM10_IRQHandler                 0x080001db   Thumb Code     0  startup_stm32f427xx.o(.text)
    TIM2_IRQHandler                          0x080001db   Thumb Code     0  startup_stm32f427xx.o(.text)
    TIM4_IRQHandler                          0x080001db   Thumb Code     0  startup_stm32f427xx.o(.text)
    TIM6_DAC_IRQHandler                      0x080001db   Thumb Code     0  startup_stm32f427xx.o(.text)
    TIM7_IRQHandler                          0x080001db   Thumb Code     0  startup_stm32f427xx.o(.text)
    TIM8_BRK_TIM12_IRQHandler                0x080001db   Thumb Code     0  startup_stm32f427xx.o(.text)
    TIM8_CC_IRQHandler                       0x080001db   Thumb Code     0  startup_stm32f427xx.o(.text)
    TIM8_TRG_COM_TIM14_IRQHandler            0x080001db   Thumb Code     0  startup_stm32f427xx.o(.text)
    TIM8_UP_TIM13_IRQHandler                 0x080001db   Thumb Code     0  startup_stm32f427xx.o(.text)
    UART4_IRQHandler                         0x080001db   Thumb Code     0  startup_stm32f427xx.o(.text)
    UART5_IRQHandler                         0x080001db   Thumb Code     0  startup_stm32f427xx.o(.text)
    UART7_IRQHandler                         0x080001db   Thumb Code     0  startup_stm32f427xx.o(.text)
    UART8_IRQHandler                         0x080001db   Thumb Code     0  startup_stm32f427xx.o(.text)
    WWDG_IRQHandler                          0x080001db   Thumb Code     0  startup_stm32f427xx.o(.text)
    __aeabi_memcpy                           0x080001e5   Thumb Code    36  memcpya.o(.text)
    __aeabi_memcpy4                          0x080001e5   Thumb Code     0  memcpya.o(.text)
    __aeabi_memcpy8                          0x080001e5   Thumb Code     0  memcpya.o(.text)
    __aeabi_dadd                             0x08000209   Thumb Code   322  dadd.o(.text)
    __aeabi_dsub                             0x0800034b   Thumb Code     6  dadd.o(.text)
    __aeabi_drsub                            0x08000351   Thumb Code     6  dadd.o(.text)
    __aeabi_dmul                             0x08000357   Thumb Code   228  dmul.o(.text)
    __aeabi_ddiv                             0x0800043b   Thumb Code   222  ddiv.o(.text)
    __aeabi_i2d                              0x08000519   Thumb Code    34  dflti.o(.text)
    __aeabi_ui2d                             0x0800053b   Thumb Code    26  dfltui.o(.text)
    __aeabi_d2iz                             0x08000555   Thumb Code    62  dfixi.o(.text)
    __aeabi_f2d                              0x08000593   Thumb Code    38  f2d.o(.text)
    __aeabi_d2f                              0x080005b9   Thumb Code    56  d2f.o(.text)
    __aeabi_llsl                             0x080005f1   Thumb Code    30  llshl.o(.text)
    _ll_shift_l                              0x080005f1   Thumb Code     0  llshl.o(.text)
    __aeabi_llsr                             0x0800060f   Thumb Code    32  llushr.o(.text)
    _ll_ushift_r                             0x0800060f   Thumb Code     0  llushr.o(.text)
    __aeabi_lasr                             0x0800062f   Thumb Code    36  llsshr.o(.text)
    _ll_sshift_r                             0x0800062f   Thumb Code     0  llsshr.o(.text)
    __I$use$fp                               0x08000653   Thumb Code     0  iusefp.o(.text)
    _float_round                             0x08000653   Thumb Code    18  fepilogue.o(.text)
    _float_epilogue                          0x08000665   Thumb Code    92  fepilogue.o(.text)
    _double_round                            0x080006c1   Thumb Code    30  depilogue.o(.text)
    _double_epilogue                         0x080006df   Thumb Code   156  depilogue.o(.text)
    __scatterload                            0x0800077d   Thumb Code    28  init.o(.text)
    __scatterload_rt2                        0x0800077d   Thumb Code     0  init.o(.text)
    __decompress                             0x080007a1   Thumb Code     0  __dczerorl2.o(.text)
    __decompress1                            0x080007a1   Thumb Code    86  __dczerorl2.o(.text)
    BusFault_Handler                         0x080007f7   Thumb Code     4  stm32f4xx_it.o(i.BusFault_Handler)
    CAN1_RX0_IRQHandler                      0x080007fd   Thumb Code    10  stm32f4xx_it.o(i.CAN1_RX0_IRQHandler)
    CAN1_TX_IRQHandler                       0x0800080d   Thumb Code    10  stm32f4xx_it.o(i.CAN1_TX_IRQHandler)
    CAN2_RX0_IRQHandler                      0x0800081d   Thumb Code    10  stm32f4xx_it.o(i.CAN2_RX0_IRQHandler)
    CAN2_TX_IRQHandler                       0x0800082d   Thumb Code    10  stm32f4xx_it.o(i.CAN2_TX_IRQHandler)
    CM_ctr                                   0x08000a5d   Thumb Code    24  t_moto.o(i.CM_ctr)
    DMA2_Stream2_IRQHandler                  0x08000a79   Thumb Code    10  dma.o(i.DMA2_Stream2_IRQHandler)
    DataAnalysis                             0x08000ba5   Thumb Code   270  m_protocol.o(i.DataAnalysis)
    DebugMon_Handler                         0x08000cc5   Thumb Code     2  stm32f4xx_it.o(i.DebugMon_Handler)
    EXTI1_IRQHandler                         0x08000cc7   Thumb Code    10  stm32f4xx_it.o(i.EXTI1_IRQHandler)
    Error_Handler                            0x08000cd1   Thumb Code     4  main.o(i.Error_Handler)
    Get_CRC16_Check_Sum                      0x08000cd5   Thumb Code    46  m_protocol.o(i.Get_CRC16_Check_Sum)
    Get_CRC8_Check_Sum                       0x08000d09   Thumb Code    30  m_protocol.o(i.Get_CRC8_Check_Sum)
    Gm6623_pitch_ang_ctr                     0x08000d2d   Thumb Code    60  t_moto.o(i.Gm6623_pitch_ang_ctr)
    Gm6623_yaw_ang_ctr                       0x08000d75   Thumb Code    60  t_moto.o(i.Gm6623_yaw_ang_ctr)
    HAL_CAN_ConfigFilter                     0x08000dbd   Thumb Code   294  stm32f4xx_hal_can.o(i.HAL_CAN_ConfigFilter)
    HAL_CAN_ErrorCallback                    0x08000ee9   Thumb Code     2  stm32f4xx_hal_can.o(i.HAL_CAN_ErrorCallback)
    HAL_CAN_IRQHandler                       0x08000eed   Thumb Code   446  stm32f4xx_hal_can.o(i.HAL_CAN_IRQHandler)
    HAL_CAN_Init                             0x080010b9   Thumb Code   448  stm32f4xx_hal_can.o(i.HAL_CAN_Init)
    HAL_CAN_MspInit                          0x08001279   Thumb Code   282  can.o(i.HAL_CAN_MspInit)
    HAL_CAN_Receive_IT                       0x080013ad   Thumb Code   174  stm32f4xx_hal_can.o(i.HAL_CAN_Receive_IT)
    HAL_CAN_RxCpltCallback                   0x0800145d   Thumb Code   348  m_moto.o(i.HAL_CAN_RxCpltCallback)
    HAL_CAN_Transmit                         0x080015cd   Thumb Code   594  stm32f4xx_hal_can.o(i.HAL_CAN_Transmit)
    HAL_CAN_TxCpltCallback                   0x0800182d   Thumb Code     2  m_moto.o(i.HAL_CAN_TxCpltCallback)
    HAL_DMA_Abort_IT                         0x0800182f   Thumb Code    40  stm32f4xx_hal_dma.o(i.HAL_DMA_Abort_IT)
    HAL_DMA_DeInit                           0x08001857   Thumb Code    98  stm32f4xx_hal_dma.o(i.HAL_DMA_DeInit)
    HAL_DMA_IRQHandler                       0x080018b9   Thumb Code   574  stm32f4xx_hal_dma.o(i.HAL_DMA_IRQHandler)
    HAL_DMA_Init                             0x08001b01   Thumb Code   228  stm32f4xx_hal_dma.o(i.HAL_DMA_Init)
    HAL_DMA_Start_IT                         0x08001be9   Thumb Code   158  stm32f4xx_hal_dma.o(i.HAL_DMA_Start_IT)
    HAL_Delay                                0x08001c87   Thumb Code    26  stm32f4xx_hal.o(i.HAL_Delay)
    HAL_GPIO_EXTI_Callback                   0x08001ca1   Thumb Code     2  stm32f4xx_hal_gpio.o(i.HAL_GPIO_EXTI_Callback)
    HAL_GPIO_EXTI_IRQHandler                 0x08001ca5   Thumb Code    24  stm32f4xx_hal_gpio.o(i.HAL_GPIO_EXTI_IRQHandler)
    HAL_GPIO_Init                            0x08001cc1   Thumb Code   486  stm32f4xx_hal_gpio.o(i.HAL_GPIO_Init)
    HAL_GPIO_WritePin                        0x08001edd   Thumb Code    12  stm32f4xx_hal_gpio.o(i.HAL_GPIO_WritePin)
    HAL_GetTick                              0x08001ee9   Thumb Code     6  stm32f4xx_hal.o(i.HAL_GetTick)
    HAL_IncTick                              0x08001ef5   Thumb Code    12  stm32f4xx_hal.o(i.HAL_IncTick)
    HAL_Init                                 0x08001f05   Thumb Code    54  stm32f4xx_hal.o(i.HAL_Init)
    HAL_InitTick                             0x08001f41   Thumb Code    36  stm32f4xx_hal.o(i.HAL_InitTick)
    HAL_MspInit                              0x08001f69   Thumb Code    86  stm32f4xx_hal_msp.o(i.HAL_MspInit)
    HAL_MultiProcessor_Init                  0x08001fbf   Thumb Code   154  stm32f4xx_hal_uart.o(i.HAL_MultiProcessor_Init)
    HAL_NVIC_EnableIRQ                       0x08002059   Thumb Code    26  stm32f4xx_hal_cortex.o(i.HAL_NVIC_EnableIRQ)
    HAL_NVIC_SetPriority                     0x08002073   Thumb Code   124  stm32f4xx_hal_cortex.o(i.HAL_NVIC_SetPriority)
    HAL_NVIC_SetPriorityGrouping             0x080020f1   Thumb Code    32  stm32f4xx_hal_cortex.o(i.HAL_NVIC_SetPriorityGrouping)
    HAL_PCD_ConnectCallback                  0x08002119   Thumb Code    14  usbd_conf.o(i.HAL_PCD_ConnectCallback)
    HAL_PCD_DataInStageCallback              0x08002127   Thumb Code    32  usbd_conf.o(i.HAL_PCD_DataInStageCallback)
    HAL_PCD_DataOutStageCallback             0x08002147   Thumb Code    32  usbd_conf.o(i.HAL_PCD_DataOutStageCallback)
    HAL_PCD_DisconnectCallback               0x08002167   Thumb Code    14  usbd_conf.o(i.HAL_PCD_DisconnectCallback)
    HAL_PCD_EP_ClrStall                      0x08002175   Thumb Code   104  stm32f4xx_hal_pcd.o(i.HAL_PCD_EP_ClrStall)
    HAL_PCD_EP_Open                          0x080021dd   Thumb Code   140  stm32f4xx_hal_pcd.o(i.HAL_PCD_EP_Open)
    HAL_PCD_EP_Receive                       0x08002269   Thumb Code   120  stm32f4xx_hal_pcd.o(i.HAL_PCD_EP_Receive)
    HAL_PCD_EP_SetStall                      0x080022e1   Thumb Code   122  stm32f4xx_hal_pcd.o(i.HAL_PCD_EP_SetStall)
    HAL_PCD_EP_Transmit                      0x0800235b   Thumb Code   122  stm32f4xx_hal_pcd.o(i.HAL_PCD_EP_Transmit)
    HAL_PCD_IRQHandler                       0x080023d5   Thumb Code  1642  stm32f4xx_hal_pcd.o(i.HAL_PCD_IRQHandler)
    HAL_PCD_ISOINIncompleteCallback          0x08002a69   Thumb Code    18  usbd_conf.o(i.HAL_PCD_ISOINIncompleteCallback)
    HAL_PCD_ISOOUTIncompleteCallback         0x08002a7b   Thumb Code    18  usbd_conf.o(i.HAL_PCD_ISOOUTIncompleteCallback)
    HAL_PCD_ResetCallback                    0x08002a8d   Thumb Code    50  usbd_conf.o(i.HAL_PCD_ResetCallback)
    HAL_PCD_ResumeCallback                   0x08002abf   Thumb Code    14  usbd_conf.o(i.HAL_PCD_ResumeCallback)
    HAL_PCD_SOFCallback                      0x08002acd   Thumb Code    14  usbd_conf.o(i.HAL_PCD_SOFCallback)
    HAL_PCD_SetAddress                       0x08002adb   Thumb Code    50  stm32f4xx_hal_pcd.o(i.HAL_PCD_SetAddress)
    HAL_PCD_SetupStageCallback               0x08002b0d   Thumb Code    18  usbd_conf.o(i.HAL_PCD_SetupStageCallback)
    HAL_PCD_SuspendCallback                  0x08002b21   Thumb Code    46  usbd_conf.o(i.HAL_PCD_SuspendCallback)
    HAL_RCC_ClockConfig                      0x08002b55   Thumb Code   446  stm32f4xx_hal_rcc.o(i.HAL_RCC_ClockConfig)
    HAL_RCC_GetHCLKFreq                      0x08002d25   Thumb Code     6  stm32f4xx_hal_rcc.o(i.HAL_RCC_GetHCLKFreq)
    HAL_RCC_GetPCLK1Freq                     0x08002d31   Thumb Code    36  stm32f4xx_hal_rcc.o(i.HAL_RCC_GetPCLK1Freq)
    HAL_RCC_GetPCLK2Freq                     0x08002d5d   Thumb Code    36  stm32f4xx_hal_rcc.o(i.HAL_RCC_GetPCLK2Freq)
    HAL_RCC_GetSysClockFreq                  0x08002d89   Thumb Code   168  stm32f4xx_hal_rcc.o(i.HAL_RCC_GetSysClockFreq)
    HAL_RCC_OscConfig                        0x08002e3d   Thumb Code   906  stm32f4xx_hal_rcc.o(i.HAL_RCC_OscConfig)
    HAL_SPI_Init                             0x080031d9   Thumb Code   140  stm32f4xx_hal_spi.o(i.HAL_SPI_Init)
    HAL_SPI_MspInit                          0x08003265   Thumb Code    80  spi.o(i.HAL_SPI_MspInit)
    HAL_SPI_TransmitReceive                  0x080032c1   Thumb Code   542  stm32f4xx_hal_spi.o(i.HAL_SPI_TransmitReceive)
    HAL_SYSTICK_CLKSourceConfig              0x080034df   Thumb Code    40  stm32f4xx_hal_cortex.o(i.HAL_SYSTICK_CLKSourceConfig)
    HAL_SYSTICK_Callback                     0x08003507   Thumb Code     2  stm32f4xx_hal_cortex.o(i.HAL_SYSTICK_Callback)
    HAL_SYSTICK_Config                       0x08003509   Thumb Code    52  stm32f4xx_hal_cortex.o(i.HAL_SYSTICK_Config)
    HAL_SYSTICK_IRQHandler                   0x0800353d   Thumb Code     8  stm32f4xx_hal_cortex.o(i.HAL_SYSTICK_IRQHandler)
    HAL_TIMEx_BreakCallback                  0x08003545   Thumb Code     2  stm32f4xx_hal_tim_ex.o(i.HAL_TIMEx_BreakCallback)
    HAL_TIMEx_CommutationCallback            0x08003547   Thumb Code     2  stm32f4xx_hal_tim_ex.o(i.HAL_TIMEx_CommutationCallback)
    HAL_TIMEx_MasterConfigSynchronization    0x08003549   Thumb Code    98  stm32f4xx_hal_tim_ex.o(i.HAL_TIMEx_MasterConfigSynchronization)
    HAL_TIM_Base_Init                        0x080035ab   Thumb Code    52  stm32f4xx_hal_tim.o(i.HAL_TIM_Base_Init)
    HAL_TIM_Base_MspInit                     0x080035e1   Thumb Code   344  tim.o(i.HAL_TIM_Base_MspInit)
    HAL_TIM_Base_Start_IT                    0x08003755   Thumb Code    30  stm32f4xx_hal_tim.o(i.HAL_TIM_Base_Start_IT)
    HAL_TIM_ConfigClockSource                0x08003773   Thumb Code   306  stm32f4xx_hal_tim.o(i.HAL_TIM_ConfigClockSource)
    HAL_TIM_IC_CaptureCallback               0x080038a5   Thumb Code     2  stm32f4xx_hal_tim.o(i.HAL_TIM_IC_CaptureCallback)
    HAL_TIM_IRQHandler                       0x080038a7   Thumb Code   406  stm32f4xx_hal_tim.o(i.HAL_TIM_IRQHandler)
    HAL_TIM_MspPostInit                      0x08003a3d   Thumb Code   256  tim.o(i.HAL_TIM_MspPostInit)
    HAL_TIM_OC_DelayElapsedCallback          0x08003b65   Thumb Code     2  stm32f4xx_hal_tim.o(i.HAL_TIM_OC_DelayElapsedCallback)
    HAL_TIM_PWM_ConfigChannel                0x08003b67   Thumb Code   264  stm32f4xx_hal_tim.o(i.HAL_TIM_PWM_ConfigChannel)
    HAL_TIM_PWM_Init                         0x08003c6f   Thumb Code    52  stm32f4xx_hal_tim.o(i.HAL_TIM_PWM_Init)
    HAL_TIM_PWM_MspInit                      0x08003ca5   Thumb Code   106  tim.o(i.HAL_TIM_PWM_MspInit)
    HAL_TIM_PWM_PulseFinishedCallback        0x08003d19   Thumb Code     2  stm32f4xx_hal_tim.o(i.HAL_TIM_PWM_PulseFinishedCallback)
    HAL_TIM_PWM_Start                        0x08003d1d   Thumb Code    68  stm32f4xx_hal_tim.o(i.HAL_TIM_PWM_Start)
    HAL_TIM_PeriodElapsedCallback            0x08003d69   Thumb Code   382  control.o(i.HAL_TIM_PeriodElapsedCallback)
    HAL_TIM_TriggerCallback                  0x08003f19   Thumb Code     2  stm32f4xx_hal_tim.o(i.HAL_TIM_TriggerCallback)
    HAL_UART_ErrorCallback                   0x08003f1b   Thumb Code     2  stm32f4xx_hal_uart.o(i.HAL_UART_ErrorCallback)
    HAL_UART_IRQHandler                      0x08003f1d   Thumb Code   326  stm32f4xx_hal_uart.o(i.HAL_UART_IRQHandler)
    HAL_UART_MspInit                         0x08004069   Thumb Code   348  usart.o(i.HAL_UART_MspInit)
    HAL_UART_Receive_DMA                     0x080041e5   Thumb Code   154  stm32f4xx_hal_uart.o(i.HAL_UART_Receive_DMA)
    HAL_UART_Receive_IT                      0x0800428d   Thumb Code   100  stm32f4xx_hal_uart.o(i.HAL_UART_Receive_IT)
    HAL_UART_RxCpltCallback                  0x080042f1   Thumb Code    74  control.o(i.HAL_UART_RxCpltCallback)
    HAL_UART_RxHalfCpltCallback              0x08004359   Thumb Code     2  stm32f4xx_hal_uart.o(i.HAL_UART_RxHalfCpltCallback)
    HAL_UART_Transmit                        0x0800435b   Thumb Code   214  stm32f4xx_hal_uart.o(i.HAL_UART_Transmit)
    HAL_UART_TxCpltCallback                  0x08004431   Thumb Code     2  stm32f4xx_hal_uart.o(i.HAL_UART_TxCpltCallback)
    HardFault_Handler                        0x08004433   Thumb Code     4  stm32f4xx_it.o(i.HardFault_Handler)
    IMU_Get_Data                             0x08004439   Thumb Code   260  m_imu.o(i.IMU_Get_Data)
    MPU6500_Init                             0x08004545   Thumb Code    74  m_imu.o(i.MPU6500_Init)
    MPU6500_Read_Reg                         0x08004599   Thumb Code    68  m_imu.o(i.MPU6500_Read_Reg)
    MPU6500_Read_Regs                        0x080045ed   Thumb Code    80  m_imu.o(i.MPU6500_Read_Regs)
    MPU6500_Write_Reg                        0x08004651   Thumb Code    72  m_imu.o(i.MPU6500_Write_Reg)
    MX_CAN1_Init                             0x080046a9   Thumb Code    60  can.o(i.MX_CAN1_Init)
    MX_GPIO_Init                             0x080046ed   Thumb Code   412  gpio.o(i.MX_GPIO_Init)
    MX_SPI5_Init                             0x080048a1   Thumb Code    60  spi.o(i.MX_SPI5_Init)
    MX_TIM2_Init                             0x080048e5   Thumb Code   184  tim.o(i.MX_TIM2_Init)
    MX_USART1_UART_Init                      0x080049a1   Thumb Code    52  usart.o(i.MX_USART1_UART_Init)
    MX_USART2_UART_Init                      0x080049e1   Thumb Code    50  usart.o(i.MX_USART2_UART_Init)
    MX_USART3_UART_Init                      0x08004a1d   Thumb Code    50  usart.o(i.MX_USART3_UART_Init)
    MX_USART6_UART_Init                      0x08004a59   Thumb Code    50  usart.o(i.MX_USART6_UART_Init)
    MYDMA_Config                             0x08004a95   Thumb Code   178  dma.o(i.MYDMA_Config)
    MemManage_Handler                        0x08004b59   Thumb Code     4  stm32f4xx_it.o(i.MemManage_Handler)
    NMI_Handler                              0x08004b5d   Thumb Code     2  stm32f4xx_it.o(i.NMI_Handler)
    OTG_FS_IRQHandler                        0x08004b99   Thumb Code    10  stm32f4xx_it.o(i.OTG_FS_IRQHandler)
    PIDT_struct_init                         0x08004c4b   Thumb Code    32  pid.o(i.PIDT_struct_init)
    PID_struct_init                          0x08004c6d   Thumb Code    70  pid.o(i.PID_struct_init)
    PendSV_Handler                           0x08004cbd   Thumb Code     2  stm32f4xx_it.o(i.PendSV_Handler)
    RemoteDataProcess                        0x08004cc1   Thumb Code   220  m_remote.o(i.RemoteDataProcess)
    SVC_Handler                              0x08004e73   Thumb Code     2  stm32f4xx_it.o(i.SVC_Handler)
    Set_3508_current                         0x08004e75   Thumb Code    96  m_moto.o(i.Set_3508_current)
    Set_6623_current                         0x08004ed5   Thumb Code    96  m_moto.o(i.Set_6623_current)
    SysTick_Handler                          0x08004f35   Thumb Code    12  stm32f4xx_it.o(i.SysTick_Handler)
    SystemClock_Config                       0x08004f41   Thumb Code   188  main.o(i.SystemClock_Config)
    SystemInit                               0x08005005   Thumb Code    82  system_stm32f4xx.o(i.SystemInit)
    TIM12_PWM_Init                           0x08005069   Thumb Code   116  tim.o(i.TIM12_PWM_Init)
    TIM3_IRQHandler                          0x080050ed   Thumb Code    10  tim.o(i.TIM3_IRQHandler)
    TIM3_Init                                0x080050fd   Thumb Code    36  tim.o(i.TIM3_Init)
    TIM5_IRQHandler                          0x08005129   Thumb Code    10  tim.o(i.TIM5_IRQHandler)
    TIM5_Init                                0x08005139   Thumb Code    36  tim.o(i.TIM5_Init)
    TIM_Base_SetConfig                       0x08005165   Thumb Code   184  stm32f4xx_hal_tim.o(i.TIM_Base_SetConfig)
    TIM_CCxChannelCmd                        0x08005249   Thumb Code    28  stm32f4xx_hal_tim.o(i.TIM_CCxChannelCmd)
    TIM_OC2_SetConfig                        0x08005301   Thumb Code   112  stm32f4xx_hal_tim.o(i.TIM_OC2_SetConfig)
    Tk1DataProcess                           0x080054a9   Thumb Code    60  t_tk1.o(i.Tk1DataProcess)
    Toggler_ctr                              0x080054ed   Thumb Code   248  m_toggle.o(i.Toggler_ctr)
    USART1_IRQHandler                        0x08005bf9   Thumb Code    10  usart.o(i.USART1_IRQHandler)
    USART2_IRQHandler                        0x08005c09   Thumb Code    10  usart.o(i.USART2_IRQHandler)
    USART3_IRQHandler                        0x08005c19   Thumb Code    10  usart.o(i.USART3_IRQHandler)
    USART6_IRQHandler                        0x08005c29   Thumb Code    10  stm32f4xx_it.o(i.USART6_IRQHandler)
    USBD_ClrClassConfig                      0x08005c39   Thumb Code    22  usbd_core.o(i.USBD_ClrClassConfig)
    USBD_CtlContinueRx                       0x08005c93   Thumb Code    24  usbd_ioreq.o(i.USBD_CtlContinueRx)
    USBD_CtlContinueSendData                 0x08005cab   Thumb Code    24  usbd_ioreq.o(i.USBD_CtlContinueSendData)
    USBD_CtlError                            0x08005cc3   Thumb Code    24  usbd_ctlreq.o(i.USBD_CtlError)
    USBD_CtlReceiveStatus                    0x08005cdb   Thumb Code    26  usbd_ioreq.o(i.USBD_CtlReceiveStatus)
    USBD_CtlSendData                         0x08005cf5   Thumb Code    34  usbd_ioreq.o(i.USBD_CtlSendData)
    USBD_CtlSendStatus                       0x08005d17   Thumb Code    26  usbd_ioreq.o(i.USBD_CtlSendStatus)
    USBD_LL_ClearStallEP                     0x08005f0d   Thumb Code    20  usbd_conf.o(i.USBD_LL_ClearStallEP)
    USBD_LL_DataInStage                      0x08005f21   Thumb Code   218  usbd_core.o(i.USBD_LL_DataInStage)
    USBD_LL_DataOutStage                     0x08005ffb   Thumb Code   134  usbd_core.o(i.USBD_LL_DataOutStage)
    USBD_LL_DevConnected                     0x08006081   Thumb Code     6  usbd_core.o(i.USBD_LL_DevConnected)
    USBD_LL_DevDisconnected                  0x08006087   Thumb Code    26  usbd_core.o(i.USBD_LL_DevDisconnected)
    USBD_LL_IsStallEP                        0x080060a1   Thumb Code    56  usbd_conf.o(i.USBD_LL_IsStallEP)
    USBD_LL_IsoINIncomplete                  0x080060d9   Thumb Code     6  usbd_core.o(i.USBD_LL_IsoINIncomplete)
    USBD_LL_IsoOUTIncomplete                 0x080060df   Thumb Code     6  usbd_core.o(i.USBD_LL_IsoOUTIncomplete)
    USBD_LL_OpenEP                           0x080060e5   Thumb Code    32  usbd_conf.o(i.USBD_LL_OpenEP)
    USBD_LL_PrepareReceive                   0x08006105   Thumb Code    32  usbd_conf.o(i.USBD_LL_PrepareReceive)
    USBD_LL_Reset                            0x08006125   Thumb Code    68  usbd_core.o(i.USBD_LL_Reset)
    USBD_LL_Resume                           0x08006169   Thumb Code    14  usbd_core.o(i.USBD_LL_Resume)
    USBD_LL_SOF                              0x08006177   Thumb Code    34  usbd_core.o(i.USBD_LL_SOF)
    USBD_LL_SetSpeed                         0x08006199   Thumb Code     8  usbd_core.o(i.USBD_LL_SetSpeed)
    USBD_LL_SetUSBAddress                    0x080061a1   Thumb Code    20  usbd_conf.o(i.USBD_LL_SetUSBAddress)
    USBD_LL_SetupStage                       0x080061b5   Thumb Code   110  usbd_core.o(i.USBD_LL_SetupStage)
    USBD_LL_StallEP                          0x08006223   Thumb Code    20  usbd_conf.o(i.USBD_LL_StallEP)
    USBD_LL_Suspend                          0x08006237   Thumb Code    20  usbd_core.o(i.USBD_LL_Suspend)
    USBD_LL_Transmit                         0x0800624b   Thumb Code    32  usbd_conf.o(i.USBD_LL_Transmit)
    USBD_ParseSetupRequest                   0x0800626b   Thumb Code    40  usbd_ctlreq.o(i.USBD_ParseSetupRequest)
    USBD_RunTestMode                         0x08006293   Thumb Code     6  usbd_core.o(i.USBD_RunTestMode)
    USBD_SetClassConfig                      0x080062ed   Thumb Code    34  usbd_core.o(i.USBD_SetClassConfig)
    USBD_StdDevReq                           0x08006415   Thumb Code   114  usbd_ctlreq.o(i.USBD_StdDevReq)
    USBD_StdEPReq                            0x08006487   Thumb Code   342  usbd_ctlreq.o(i.USBD_StdEPReq)
    USBD_StdItfReq                           0x080065dd   Thumb Code    74  usbd_ctlreq.o(i.USBD_StdItfReq)
    USB_ActivateEndpoint                     0x08006629   Thumb Code   192  stm32f4xx_ll_usb.o(i.USB_ActivateEndpoint)
    USB_ActivateSetup                        0x080066ed   Thumb Code    68  stm32f4xx_ll_usb.o(i.USB_ActivateSetup)
    USB_EP0StartXfer                         0x08006731   Thumb Code   426  stm32f4xx_ll_usb.o(i.USB_EP0StartXfer)
    USB_EP0_OutStart                         0x080068e1   Thumb Code    68  stm32f4xx_ll_usb.o(i.USB_EP0_OutStart)
    USB_EPClearStall                         0x08006925   Thumb Code   136  stm32f4xx_ll_usb.o(i.USB_EPClearStall)
    USB_EPSetStall                           0x080069ad   Thumb Code   140  stm32f4xx_ll_usb.o(i.USB_EPSetStall)
    USB_EPStartXfer                          0x08006a39   Thumb Code   714  stm32f4xx_ll_usb.o(i.USB_EPStartXfer)
    USB_FlushTxFifo                          0x08006d09   Thumb Code    44  stm32f4xx_ll_usb.o(i.USB_FlushTxFifo)
    USB_GetDevSpeed                          0x08006d39   Thumb Code    68  stm32f4xx_ll_usb.o(i.USB_GetDevSpeed)
    USB_GetMode                              0x08006d7d   Thumb Code    10  stm32f4xx_ll_usb.o(i.USB_GetMode)
    USB_ReadDevAllInEpInterrupt              0x08006d87   Thumb Code    18  stm32f4xx_ll_usb.o(i.USB_ReadDevAllInEpInterrupt)
    USB_ReadDevAllOutEpInterrupt             0x08006d99   Thumb Code    18  stm32f4xx_ll_usb.o(i.USB_ReadDevAllOutEpInterrupt)
    USB_ReadDevInEPInterrupt                 0x08006dab   Thumb Code    44  stm32f4xx_ll_usb.o(i.USB_ReadDevInEPInterrupt)
    USB_ReadDevOutEPInterrupt                0x08006dd7   Thumb Code    22  stm32f4xx_ll_usb.o(i.USB_ReadDevOutEPInterrupt)
    USB_ReadInterrupts                       0x08006ded   Thumb Code    12  stm32f4xx_ll_usb.o(i.USB_ReadInterrupts)
    USB_ReadPacket                           0x08006df9   Thumb Code    34  stm32f4xx_ll_usb.o(i.USB_ReadPacket)
    USB_SetDevAddress                        0x08006e1b   Thumb Code    36  stm32f4xx_ll_usb.o(i.USB_SetDevAddress)
    USB_WritePacket                          0x08006e3f   Thumb Code    48  stm32f4xx_ll_usb.o(i.USB_WritePacket)
    UsageFault_Handler                       0x08006e6f   Thumb Code     4  stm32f4xx_it.o(i.UsageFault_Handler)
    Verify_CRC16_Check_Sum                   0x08006e75   Thumb Code    60  m_protocol.o(i.Verify_CRC16_Check_Sum)
    Verify_CRC8_Check_Sum                    0x08006eb5   Thumb Code    46  m_protocol.o(i.Verify_CRC8_Check_Sum)
    __scatterload_copy                       0x08006ee3   Thumb Code    14  handlers.o(i.__scatterload_copy)
    __scatterload_null                       0x08006ef1   Thumb Code     2  handlers.o(i.__scatterload_null)
    __scatterload_zeroinit                   0x08006ef3   Thumb Code    14  handlers.o(i.__scatterload_zeroinit)
    abs_limit                                0x08006f01   Thumb Code    46  pid.o(i.abs_limit)
    all_bsp_init                             0x08006f31   Thumb Code   242  main.o(i.all_bsp_init)
    all_pid_init                             0x08007055   Thumb Code   572  main.o(i.all_pid_init)
    cm_follow                                0x08007399   Thumb Code   226  t_moto.o(i.cm_follow)
    cm_spd_ctr                               0x0800749d   Thumb Code    68  t_moto.o(i.cm_spd_ctr)
    cm_unfollow                              0x080074ed   Thumb Code    50  t_moto.o(i.cm_unfollow)
    ctrcmsqin                                0x08007529   Thumb Code   338  t_remote.o(i.ctrcmsqin)
    get_moto_measure                         0x080076a5   Thumb Code   138  m_moto.o(i.get_moto_measure)
    get_moto_offset                          0x0800772f   Thumb Code    20  m_moto.o(i.get_moto_offset)
    getinputmode                             0x08007745   Thumb Code     6  t_remote.o(i.getinputmode)
    km_au_pit_ctr                            0x08007751   Thumb Code   414  t_moto.o(i.km_au_pit_ctr)
    km_au_yaw_ctr                            0x08007955   Thumb Code   366  t_moto.o(i.km_au_yaw_ctr)
    km_nor_pit_ctr                           0x08007b29   Thumb Code   366  t_moto.o(i.km_nor_pit_ctr)
    km_nor_yaw_ctr                           0x08007ce1   Thumb Code   456  t_moto.o(i.km_nor_yaw_ctr)
    main                                     0x08007f05   Thumb Code   166  main.o(i.main)
    mkallrun                                 0x08007fd1   Thumb Code   330  t_remote.o(i.mkallrun)
    mkfollow                                 0x0800812d   Thumb Code   138  t_remote.o(i.mkfollow)
    mknormal                                 0x080081cd   Thumb Code    16  t_remote.o(i.mknormal)
    mktotalrun                               0x080081e5   Thumb Code   130  t_remote.o(i.mktotalrun)
    mousekeycontrolprocess                   0x08008279   Thumb Code    30  t_remote.o(i.mousekeycontrolprocess)
    my_can_filter_init_recv_all              0x0800829d   Thumb Code    88  can.o(i.my_can_filter_init_recv_all)
    pid_calc                                 0x0800830d   Thumb Code   528  pid.o(i.pid_calc)
    pid_follow_calc                          0x08008521   Thumb Code   216  pid.o(i.pid_follow_calc)
    pid_reset                                0x08008611   Thumb Code    14  pid.o(i.pid_reset)
    readkey                                  0x08008621   Thumb Code   354  t_remote.o(i.readkey)
    setinputmode                             0x08008789   Thumb Code    38  t_remote.o(i.setinputmode)
    shoot                                    0x080087b5   Thumb Code   220  t_remote.o(i.shoot)
    spd_updown                               0x080088ad   Thumb Code   286  t_remote.o(i.spd_updown)
    toggle_heat_ctr                          0x080089e9   Thumb Code   400  t_toggle.o(i.toggle_heat_ctr)
    vcan_sendware                            0x08008ba1   Thumb Code    62  main.o(i.vcan_sendware)
    APBAHBPrescTable                         0x08008bec   Data          16  stm32f4xx_hal_rcc.o(.constdata)
    CRC8_INIT                                0x08008c0c   Data           1  m_protocol.o(.constdata)
    CRC8_TAB                                 0x08008c0d   Data         256  m_protocol.o(.constdata)
    wCRC_Table                               0x08008d0e   Data         512  m_protocol.o(.constdata)
    Region$$Table$$Base                      0x08008f24   Number         0  anon$$obj.o(Region$$Table)
    Region$$Table$$Limit                     0x08008f44   Number         0  anon$$obj.o(Region$$Table)
    uwTick                                   0x20000000   Data           4  stm32f4xx_hal.o(.data)
    SystemCoreClock                          0x20000008   Data           4  system_stm32f4xx.o(.data)
    angle_set                                0x2000000c   Data           4  main.o(.data)
    var                                      0x20000010   Data          28  main.o(.data)
    uart2_rx_buff                            0x2000002c   Data           7  control.o(.data)
    timeof2312                               0x20000034   Data           2  control.o(.data)
    timeof_selfrun                           0x20000038   Data           4  control.o(.data)
    stateof_selfsun                          0x2000003c   Data           2  control.o(.data)
    en_flagof2312                            0x2000003e   Data           1  control.o(.data)
    timeofimu                                0x20000040   Data           2  control.o(.data)
    en_flagofimu                             0x20000042   Data           1  control.o(.data)
    Gm6623_pit_ang_set                       0x20000048   Data           4  t_moto.o(.data)
    Gm6623_pit_spd_set                       0x2000004c   Data           4  t_moto.o(.data)
    Gm6623_pit_ang_offset                    0x20000050   Data           4  t_moto.o(.data)
    Gm6623_yaw_ang_set                       0x20000054   Data           4  t_moto.o(.data)
    Gm6623_yaw_spd_set                       0x20000058   Data           4  t_moto.o(.data)
    Gm6623_yaw_ang_give                      0x2000005c   Data           4  t_moto.o(.data)
    yaw6623_AngleAdjust                      0x20000060   Data           4  t_moto.o(.data)
    yawimu_AngleAdjust                       0x20000064   Data           4  t_moto.o(.data)
    pitimu_AngleAdjust                       0x20000068   Data           4  t_moto.o(.data)
    autu_Gm6623_yaw_ang_set                  0x2000006c   Data           4  t_moto.o(.data)
    autu_yaw6623_AngleAdjust                 0x20000070   Data           4  t_moto.o(.data)
    autu_yawimu_AngleAdjust                  0x20000074   Data           4  t_moto.o(.data)
    autu_Gm6623_pit_ang_set                  0x20000078   Data           4  t_moto.o(.data)
    autu_pit6623_AngleAdjust                 0x2000007c   Data           4  t_moto.o(.data)
    autu_pitimu_AngleAdjust                  0x20000080   Data           4  t_moto.o(.data)
    err                                      0x20000084   Data           4  t_moto.o(.data)
    offset                                   0x20000088   Data           4  t_moto.o(.data)
    km_nor_yaw_temang                        0x20000090   Data           8  t_moto.o(.data)
    km_nor_yaw_ang_fb                        0x20000098   Data           8  t_moto.o(.data)
    km_nor_yaw_spd_fb                        0x200000a0   Data           8  t_moto.o(.data)
    km_nor_yaw_ang_set                       0x200000a8   Data           8  t_moto.o(.data)
    yaw_Nowangle                             0x200000b0   Data           4  t_moto.o(.data)
    km_nor_pit_temang                        0x200000b8   Data           8  t_moto.o(.data)
    km_nor_pit_ang_fb                        0x200000c0   Data           8  t_moto.o(.data)
    km_nor_pit_spd_fb                        0x200000c8   Data           8  t_moto.o(.data)
    km_nor_pit_ang_set                       0x200000d0   Data           8  t_moto.o(.data)
    pit_Nowangle                             0x200000d8   Data           4  t_moto.o(.data)
    send_current_yaw                         0x200000e0   Data           8  t_moto.o(.data)
    send_current_pit                         0x200000e8   Data           8  t_moto.o(.data)
    a                                        0x200000f0   Data           4  t_moto.o(.data)
    C_Filter_speed_pitch                     0x200000f4   Data           4  t_moto.o(.data)
    C_Filter_angle_pitch                     0x200000f8   Data           4  t_moto.o(.data)
    SiQu_mouse_y                             0x200000fc   Data           2  t_moto.o(.data)
    k_mouse_y                                0x20000100   Data           4  t_moto.o(.data)
    up                                       0x20000104   Data           2  t_moto.o(.data)
    down                                     0x20000106   Data           2  t_moto.o(.data)
    km_nor_pit_angle_set                     0x20000108   Data           4  t_moto.o(.data)
    km_nor_pit_angle_set_temp                0x2000010c   Data           4  t_moto.o(.data)
    km_nor_pit_spd_set                       0x20000110   Data           4  t_moto.o(.data)
    auto_Piych_offset                        0x20000114   Data           4  t_moto.o(.data)
    fact_shoot                               0x20000118   Data           4  t_moto.o(.data)
    C_Filter_speed_yaw                       0x2000011c   Data           4  t_moto.o(.data)
    C_Filter_angle_yaw                       0x20000120   Data           4  t_moto.o(.data)
    SiQu_mouse_x                             0x20000124   Data           2  t_moto.o(.data)
    k_mouse_x                                0x20000128   Data           4  t_moto.o(.data)
    auto_yaw_offset                          0x2000012c   Data           4  t_moto.o(.data)
    yaw_auto_angle_set                       0x20000130   Data           4  t_moto.o(.data)
    JiaJiao_now                              0x20000134   Data           4  t_moto.o(.data)
    JiaJiao_last                             0x20000138   Data           4  t_moto.o(.data)
    w_JiaJiao                                0x2000013c   Data           4  t_moto.o(.data)
    inputmode                                0x20000164   Data           1  t_remote.o(.data)
    leftsidemode                             0x20000165   Data           1  t_remote.o(.data)
    mousekeymode                             0x20000166   Data           1  t_remote.o(.data)
    mousekeynormode                          0x20000167   Data           1  t_remote.o(.data)
    follow_flag                              0x20000168   Data           2  t_remote.o(.data)
    Rub2323_spd                              0x2000016c   Data           4  t_remote.o(.data)
    yaw_tk1_angle                            0x20000170   Data           4  t_remote.o(.data)
    mousekey_spd                             0x20000174   Data          24  t_remote.o(.data)
    shiftcount                               0x2000018c   Data           2  t_remote.o(.data)
    press2count                              0x2000018e   Data           2  t_remote.o(.data)
    shootflag                                0x20000190   Data           1  t_remote.o(.data)
    usetogger                                0x20000191   Data           1  t_remote.o(.data)
    usedtogger                               0x20000192   Data           1  t_remote.o(.data)
    autuaim_flag                             0x200001a6   Data           1  t_tk1.o(.data)
    autuang_limit                            0x200001a7   Data           1  t_tk1.o(.data)
    USART_RX_STA                             0x200001a8   Data           2  t_tk1.o(.data)
    Tk1pointang                              0x200001aa   Data           6  t_tk1.o(.data)
    shootnum                                 0x200001b0   Data           2  t_toggle.o(.data)
    P_pos_ang                                0x200001b8   Data           4  pid.o(.data)
    I_pos_ang                                0x200001bc   Data           4  pid.o(.data)
    D_pos_ang                                0x200001c0   Data           4  pid.o(.data)
    P_3508_spd                               0x200001c4   Data           4  pid.o(.data)
    I_3508_spd                               0x200001c8   Data           4  pid.o(.data)
    D_3508_spd                               0x200001cc   Data           4  pid.o(.data)
    P_Follow                                 0x200001d0   Data           4  pid.o(.data)
    I_Follow                                 0x200001d4   Data           4  pid.o(.data)
    D_Follow                                 0x200001d8   Data           4  pid.o(.data)
    P_Follow_speed                           0x200001dc   Data           4  pid.o(.data)
    I_Follow_speed                           0x200001e0   Data           4  pid.o(.data)
    D_Follow_speed                           0x200001e4   Data           4  pid.o(.data)
    P_Power                                  0x200001e8   Data           4  pid.o(.data)
    I_Power                                  0x200001ec   Data           4  pid.o(.data)
    D_Power                                  0x200001f0   Data           4  pid.o(.data)
    P_6623_yaw_pos                           0x200001f4   Data           4  pid.o(.data)
    I_6623_yaw_pos                           0x200001f8   Data           4  pid.o(.data)
    D_6623_yaw_pos                           0x200001fc   Data           4  pid.o(.data)
    P_6623_yaw_ang                           0x20000200   Data           4  pid.o(.data)
    I_6623_yaw_ang                           0x20000204   Data           4  pid.o(.data)
    D_6623_yaw_ang                           0x20000208   Data           4  pid.o(.data)
    P_6623_yaw_spd                           0x2000020c   Data           4  pid.o(.data)
    I_6623_yaw_spd                           0x20000210   Data           4  pid.o(.data)
    D_6623_yaw_spd                           0x20000214   Data           4  pid.o(.data)
    P_autu_6623_yaw_ang                      0x20000218   Data           4  pid.o(.data)
    I_autu_6623_yaw_ang                      0x2000021c   Data           4  pid.o(.data)
    D_autu_6623_yaw_ang                      0x20000220   Data           4  pid.o(.data)
    P_6623_pit_pos_up                        0x20000224   Data           4  pid.o(.data)
    I_6623_pit_pos_up                        0x20000228   Data           4  pid.o(.data)
    D_6623_pit_pos_up                        0x2000022c   Data           4  pid.o(.data)
    P_6623_pit_pos_down                      0x20000230   Data           4  pid.o(.data)
    I_6623_pit_pos_down                      0x20000234   Data           4  pid.o(.data)
    D_6623_pit_pos_down                      0x20000238   Data           4  pid.o(.data)
    P_6623_pit_ang                           0x2000023c   Data           4  pid.o(.data)
    I_6623_pit_ang                           0x20000240   Data           4  pid.o(.data)
    D_6623_pit_ang                           0x20000244   Data           4  pid.o(.data)
    P_6623_pit_spd                           0x20000248   Data           4  pid.o(.data)
    I_6623_pit_spd                           0x2000024c   Data           4  pid.o(.data)
    D_6623_pit_spd                           0x20000250   Data           4  pid.o(.data)
    autu_P_6623_pit_ang                      0x20000254   Data           4  pid.o(.data)
    autu_I_6623_pit_ang                      0x20000258   Data           4  pid.o(.data)
    autu_D_6623_pit_ang                      0x2000025c   Data           4  pid.o(.data)
    P_tog_ang                                0x20000260   Data           4  pid.o(.data)
    I_tog_ang                                0x20000264   Data           4  pid.o(.data)
    D_tog_ang                                0x20000268   Data           4  pid.o(.data)
    P_tog_spd                                0x2000026c   Data           4  pid.o(.data)
    I_tog_spd                                0x20000270   Data           4  pid.o(.data)
    D_tog_spd                                0x20000274   Data           4  pid.o(.data)
    modeswitch_flag                          0x20000278   Data           6  m_remote.o(.data)
    setrunof2312                             0x2000027e   Data           2  m_remote.o(.data)
    FrameData                                0x20000280   Data           4  m_protocol.o(.data)
    strickid1                                0x20000284   Data           1  m_protocol.o(.data)
    CRC16_INIT                               0x20000286   Data           2  m_protocol.o(.data)
    Toggler_ang_set                          0x20000288   Data           4  m_toggle.o(.data)
    speedtest                                0x2000028c   Data           4  m_toggle.o(.data)
    Toggler_working_time                     0x20000290   Data           4  m_toggle.o(.data)
    Backangle                                0x20000294   Data           4  m_toggle.o(.data)
    error1                                   0x20000298   Data           4  m_toggle.o(.data)
    error2                                   0x2000029c   Data           4  m_toggle.o(.data)
    MPU_id                                   0x200002a0   Data           1  m_imu.o(.data)
    i                                        0x200002b8   Data           1  m_moto.o(.data)
    ZGyroModuleAngle                         0x200002bc   Data           4  m_moto.o(.data)
    uart1_rx_buff                            0x200002c4   Data          18  control.o(.bss)
    uart6_rx_buff                            0x200002d6   Data          44  control.o(.bss)
    Cm3508_spd_get                           0x20000304   Data          16  t_moto.o(.bss)
    Cm3508_spd_xset                          0x20000314   Data          16  t_moto.o(.bss)
    Cm3508_spd_yset                          0x20000324   Data          16  t_moto.o(.bss)
    Cm3505_spd_sqin                          0x20000334   Data          16  t_moto.o(.bss)
    Cm3508_spd_set                           0x20000344   Data          16  t_moto.o(.bss)
    Cm3508_total_set                         0x20000354   Data          16  t_moto.o(.bss)
    follow_6623yaw_imu_data                  0x20000364   Data          24  t_moto.o(.bss)
    autu_6623yaw_imu_data                    0x2000037c   Data          24  t_moto.o(.bss)
    KeyBoard                                 0x20000394   Data          16  t_remote.o(.bss)
    uart2_rx_bytes                           0x200003a4   Data          16  t_tk1.o(.bss)
    pid_yaw_pos                              0x200003b4   Data         112  pid.o(.bss)
    pid_pit_pos_down_up                      0x20000424   Data          92  pid.o(.bss)
    Power_pid                                0x20000480   Data         112  pid.o(.bss)
    Cmsqinspd                                0x200004f0   Data         112  pid.o(.bss)
    Cm3508_ang_pid                           0x20000560   Data         672  pid.o(.bss)
    Cm3508_spd_pid                           0x20000800   Data         672  pid.o(.bss)
    Gm6623_pit_ang_pid                       0x20000aa0   Data         112  pid.o(.bss)
    Gm6623_pit_spd_pid                       0x20000b10   Data         112  pid.o(.bss)
    Gm6623_yaw_ang_pid                       0x20000b80   Data         112  pid.o(.bss)
    Gm6623_yaw_spd_pid                       0x20000bf0   Data         112  pid.o(.bss)
    autu_Gm6623_yaw_ang_pid                  0x20000c60   Data         112  pid.o(.bss)
    Gm6623_pit_ang_pid_slow                  0x20000cd0   Data         112  pid.o(.bss)
    Gm6623_pit_ang_pid_quick                 0x20000d40   Data         112  pid.o(.bss)
    Gm6623_yaw_ang_pid_slow                  0x20000db0   Data         112  pid.o(.bss)
    Gm6623_yaw_ang_pid_quick                 0x20000e20   Data         112  pid.o(.bss)
    autu_Gm6623_pit_ang_pid                  0x20000e90   Data         112  pid.o(.bss)
    autu_Gm6623_yaw_spd_pid                  0x20000f00   Data         112  pid.o(.bss)
    pid_Toggler_ang                          0x20000f70   Data         112  pid.o(.bss)
    pid_Toggler_spd                          0x20000fe0   Data         112  pid.o(.bss)
    Toggler_spd_pid                          0x20001050   Data         112  pid.o(.bss)
    pid_yaw_Iner                             0x200010c0   Data         112  pid.o(.bss)
    pid_pit_Iner                             0x20001130   Data         112  pid.o(.bss)
    Follw_3508_pid                           0x200011a0   Data         112  pid.o(.bss)
    Follw_3508_pid_speed                     0x20001210   Data         112  pid.o(.bss)
    pid_omg                                  0x20001280   Data         112  pid.o(.bss)
    pid_pos                                  0x200012f0   Data         112  pid.o(.bss)
    pid_spd                                  0x20001360   Data         448  pid.o(.bss)
    sbus_rx_buffer                           0x20001520   Data          36  m_remote.o(.bss)
    RC_CtrlData                              0x20001544   Data          20  m_remote.o(.bss)
    ReadData                                 0x20001558   Data          28  m_protocol.o(.bss)
    imu_data                                 0x20001578   Data          64  m_imu.o(.bss)
    imu_data_offest                          0x200015b8   Data          64  m_imu.o(.bss)
    moto_chassis                             0x200015f8   Data         312  m_moto.o(.bss)
    moto_gym                                 0x20001730   Data         104  m_moto.o(.bss)
    moto_toggle                              0x20001798   Data          52  m_moto.o(.bss)
    moto_3508_info                           0x200017cc   Data          52  m_moto.o(.bss)
    moto_6623_info                           0x20001800   Data          52  m_moto.o(.bss)
    moto_info                                0x20001834   Data          52  m_moto.o(.bss)
    hcan1                                    0x20001868   Data          64  can.o(.bss)
    hcan2                                    0x200018a8   Data          64  can.o(.bss)
    hdma_usart1_rx                           0x200019e8   Data          96  dma.o(.bss)
    hdma_usart2_rx                           0x20001a48   Data          96  dma.o(.bss)
    hdma_usart3_rx                           0x20001aa8   Data          96  dma.o(.bss)
    hdma_usart6_rx                           0x20001b08   Data          96  dma.o(.bss)
    hspi5                                    0x20001b68   Data          88  spi.o(.bss)
    htim2                                    0x20001bc0   Data          60  tim.o(.bss)
    htim3                                    0x20001bfc   Data          60  tim.o(.bss)
    htim4                                    0x20001c38   Data          60  tim.o(.bss)
    htim5                                    0x20001c74   Data          60  tim.o(.bss)
    htim6                                    0x20001cb0   Data          60  tim.o(.bss)
    htim8                                    0x20001cec   Data          60  tim.o(.bss)
    htim12                                   0x20001d28   Data          60  tim.o(.bss)
    TIM12_Handler                            0x20001d64   Data          60  tim.o(.bss)
    TIM12_CH1Handler                         0x20001da0   Data          28  tim.o(.bss)
    TIM12_CH2Handler                         0x20001dbc   Data          28  tim.o(.bss)
    huart1                                   0x20001dd8   Data          64  usart.o(.bss)
    huart2                                   0x20001e18   Data          64  usart.o(.bss)
    huart3                                   0x20001e58   Data          64  usart.o(.bss)
    huart6                                   0x20001e98   Data          64  usart.o(.bss)
    hpcd_USB_OTG_FS                          0x20001ed8   Data         952  usbd_conf.o(.bss)
    __initial_sp                             0x20002690   Data           0  startup_stm32f427xx.o(STACK)



==============================================================================

Memory Map of the image

  Image Entry point : 0x080001ad

  Load Region LR_IROM1 (Base: 0x08000000, Size: 0x00009208, Max: 0x00200000, ABSOLUTE, COMPRESSED[0x00009020])

    Execution Region ER_IROM1 (Base: 0x08000000, Size: 0x00008f44, Max: 0x00200000, ABSOLUTE)

    Base Addr    Size         Type   Attr      Idx    E Section Name        Object

    0x08000000   0x000001ac   Data   RO            3    RESET               startup_stm32f427xx.o
    0x080001ac   0x00000000   Code   RO         5632  * .ARM.Collect$$$$00000000  mc_w.l(entry.o)
    0x080001ac   0x00000004   Code   RO         5685    .ARM.Collect$$$$00000001  mc_w.l(entry2.o)
    0x080001b0   0x00000004   Code   RO         5688    .ARM.Collect$$$$00000004  mc_w.l(entry5.o)
    0x080001b4   0x00000000   Code   RO         5690    .ARM.Collect$$$$00000008  mc_w.l(entry7b.o)
    0x080001b4   0x00000000   Code   RO         5692    .ARM.Collect$$$$0000000A  mc_w.l(entry8b.o)
    0x080001b4   0x00000008   Code   RO         5693    .ARM.Collect$$$$0000000B  mc_w.l(entry9a.o)
    0x080001bc   0x00000000   Code   RO         5695    .ARM.Collect$$$$0000000D  mc_w.l(entry10a.o)
    0x080001bc   0x00000000   Code   RO         5697    .ARM.Collect$$$$0000000F  mc_w.l(entry11a.o)
    0x080001bc   0x00000004   Code   RO         5686    .ARM.Collect$$$$00002712  mc_w.l(entry2.o)
    0x080001c0   0x00000024   Code   RO            4    .text               startup_stm32f427xx.o
    0x080001e4   0x00000024   Code   RO         5635    .text               mc_w.l(memcpya.o)
    0x08000208   0x0000014e   Code   RO         5667    .text               mf_w.l(dadd.o)
    0x08000356   0x000000e4   Code   RO         5669    .text               mf_w.l(dmul.o)
    0x0800043a   0x000000de   Code   RO         5671    .text               mf_w.l(ddiv.o)
    0x08000518   0x00000022   Code   RO         5675    .text               mf_w.l(dflti.o)
    0x0800053a   0x0000001a   Code   RO         5677    .text               mf_w.l(dfltui.o)
    0x08000554   0x0000003e   Code   RO         5679    .text               mf_w.l(dfixi.o)
    0x08000592   0x00000026   Code   RO         5681    .text               mf_w.l(f2d.o)
    0x080005b8   0x00000038   Code   RO         5683    .text               mf_w.l(d2f.o)
    0x080005f0   0x0000001e   Code   RO         5699    .text               mc_w.l(llshl.o)
    0x0800060e   0x00000020   Code   RO         5701    .text               mc_w.l(llushr.o)
    0x0800062e   0x00000024   Code   RO         5703    .text               mc_w.l(llsshr.o)
    0x08000652   0x00000000   Code   RO         5707    .text               mc_w.l(iusefp.o)
    0x08000652   0x0000006e   Code   RO         5708    .text               mf_w.l(fepilogue.o)
    0x080006c0   0x000000ba   Code   RO         5710    .text               mf_w.l(depilogue.o)
    0x0800077a   0x00000002   PAD
    0x0800077c   0x00000024   Code   RO         5712    .text               mc_w.l(init.o)
    0x080007a0   0x00000056   Code   RO         5722    .text               mc_w.l(__dczerorl2.o)
    0x080007f6   0x00000004   Code   RO         3942    i.BusFault_Handler  stm32f4xx_it.o
    0x080007fa   0x00000002   PAD
    0x080007fc   0x00000010   Code   RO         3943    i.CAN1_RX0_IRQHandler  stm32f4xx_it.o
    0x0800080c   0x00000010   Code   RO         3944    i.CAN1_TX_IRQHandler  stm32f4xx_it.o
    0x0800081c   0x00000010   Code   RO         3945    i.CAN2_RX0_IRQHandler  stm32f4xx_it.o
    0x0800082c   0x00000010   Code   RO         3946    i.CAN2_TX_IRQHandler  stm32f4xx_it.o
    0x0800083c   0x000001ac   Code   RO          700    i.CAN_Receive_IT    stm32f4xx_hal_can.o
    0x080009e8   0x00000074   Code   RO          701    i.CAN_Transmit_IT   stm32f4xx_hal_can.o
    0x08000a5c   0x0000001c   Code   RO         4133    i.CM_ctr            t_moto.o
    0x08000a78   0x00000010   Code   RO         4941    i.DMA2_Stream2_IRQHandler  dma.o
    0x08000a88   0x00000034   Code   RO         1109    i.DMA_CalcBaseAndBitshift  stm32f4xx_hal_dma.o
    0x08000abc   0x000000ba   Code   RO         1110    i.DMA_CheckFifoParam  stm32f4xx_hal_dma.o
    0x08000b76   0x0000002c   Code   RO         1111    i.DMA_SetConfig     stm32f4xx_hal_dma.o
    0x08000ba2   0x00000002   PAD
    0x08000ba4   0x00000120   Code   RO         4609    i.DataAnalysis      m_protocol.o
    0x08000cc4   0x00000002   Code   RO         3947    i.DebugMon_Handler  stm32f4xx_it.o
    0x08000cc6   0x0000000a   Code   RO         3948    i.EXTI1_IRQHandler  stm32f4xx_it.o
    0x08000cd0   0x00000004   Code   RO         3796    i.Error_Handler     main.o
    0x08000cd4   0x00000034   Code   RO         4610    i.Get_CRC16_Check_Sum  m_protocol.o
    0x08000d08   0x00000024   Code   RO         4611    i.Get_CRC8_Check_Sum  m_protocol.o
    0x08000d2c   0x00000048   Code   RO         4135    i.Gm6623_pitch_ang_ctr  t_moto.o
    0x08000d74   0x00000048   Code   RO         4136    i.Gm6623_yaw_ang_ctr  t_moto.o
    0x08000dbc   0x0000012c   Code   RO          702    i.HAL_CAN_ConfigFilter  stm32f4xx_hal_can.o
    0x08000ee8   0x00000002   Code   RO          704    i.HAL_CAN_ErrorCallback  stm32f4xx_hal_can.o
    0x08000eea   0x00000002   PAD
    0x08000eec   0x000001cc   Code   RO          707    i.HAL_CAN_IRQHandler  stm32f4xx_hal_can.o
    0x080010b8   0x000001c0   Code   RO          708    i.HAL_CAN_Init      stm32f4xx_hal_can.o
    0x08001278   0x00000134   Code   RO         4876    i.HAL_CAN_MspInit   can.o
    0x080013ac   0x000000ae   Code   RO          712    i.HAL_CAN_Receive_IT  stm32f4xx_hal_can.o
    0x0800145a   0x00000002   PAD
    0x0800145c   0x00000170   Code   RO         4800    i.HAL_CAN_RxCpltCallback  m_moto.o
    0x080015cc   0x00000260   Code   RO          715    i.HAL_CAN_Transmit  stm32f4xx_hal_can.o
    0x0800182c   0x00000002   Code   RO         4801    i.HAL_CAN_TxCpltCallback  m_moto.o
    0x0800182e   0x00000028   Code   RO         1113    i.HAL_DMA_Abort_IT  stm32f4xx_hal_dma.o
    0x08001856   0x00000062   Code   RO         1114    i.HAL_DMA_DeInit    stm32f4xx_hal_dma.o
    0x080018b8   0x00000248   Code   RO         1117    i.HAL_DMA_IRQHandler  stm32f4xx_hal_dma.o
    0x08001b00   0x000000e8   Code   RO         1118    i.HAL_DMA_Init      stm32f4xx_hal_dma.o
    0x08001be8   0x0000009e   Code   RO         1122    i.HAL_DMA_Start_IT  stm32f4xx_hal_dma.o
    0x08001c86   0x0000001a   Code   RO         2546    i.HAL_Delay         stm32f4xx_hal.o
    0x08001ca0   0x00000002   Code   RO         2079    i.HAL_GPIO_EXTI_Callback  stm32f4xx_hal_gpio.o
    0x08001ca2   0x00000002   PAD
    0x08001ca4   0x0000001c   Code   RO         2080    i.HAL_GPIO_EXTI_IRQHandler  stm32f4xx_hal_gpio.o
    0x08001cc0   0x0000021c   Code   RO         2081    i.HAL_GPIO_Init     stm32f4xx_hal_gpio.o
    0x08001edc   0x0000000c   Code   RO         2085    i.HAL_GPIO_WritePin  stm32f4xx_hal_gpio.o
    0x08001ee8   0x0000000c   Code   RO         2554    i.HAL_GetTick       stm32f4xx_hal.o
    0x08001ef4   0x00000010   Code   RO         2555    i.HAL_IncTick       stm32f4xx_hal.o
    0x08001f04   0x0000003c   Code   RO         2556    i.HAL_Init          stm32f4xx_hal.o
    0x08001f40   0x00000028   Code   RO         2557    i.HAL_InitTick      stm32f4xx_hal.o
    0x08001f68   0x00000056   Code   RO         5055    i.HAL_MspInit       stm32f4xx_hal_msp.o
    0x08001fbe   0x0000009a   Code   RO          450    i.HAL_MultiProcessor_Init  stm32f4xx_hal_uart.o
    0x08002058   0x0000001a   Code   RO         3137    i.HAL_NVIC_EnableIRQ  stm32f4xx_hal_cortex.o
    0x08002072   0x0000007c   Code   RO         3143    i.HAL_NVIC_SetPriority  stm32f4xx_hal_cortex.o
    0x080020ee   0x00000002   PAD
    0x080020f0   0x00000028   Code   RO         3144    i.HAL_NVIC_SetPriorityGrouping  stm32f4xx_hal_cortex.o
    0x08002118   0x0000000e   Code   RO         5379    i.HAL_PCD_ConnectCallback  usbd_conf.o
    0x08002126   0x00000020   Code   RO         5380    i.HAL_PCD_DataInStageCallback  usbd_conf.o
    0x08002146   0x00000020   Code   RO         5381    i.HAL_PCD_DataOutStageCallback  usbd_conf.o
    0x08002166   0x0000000e   Code   RO         5382    i.HAL_PCD_DisconnectCallback  usbd_conf.o
    0x08002174   0x00000068   Code   RO           23    i.HAL_PCD_EP_ClrStall  stm32f4xx_hal_pcd.o
    0x080021dc   0x0000008c   Code   RO           26    i.HAL_PCD_EP_Open   stm32f4xx_hal_pcd.o
    0x08002268   0x00000078   Code   RO           27    i.HAL_PCD_EP_Receive  stm32f4xx_hal_pcd.o
    0x080022e0   0x0000007a   Code   RO           28    i.HAL_PCD_EP_SetStall  stm32f4xx_hal_pcd.o
    0x0800235a   0x0000007a   Code   RO           29    i.HAL_PCD_EP_Transmit  stm32f4xx_hal_pcd.o
    0x080023d4   0x00000694   Code   RO           31    i.HAL_PCD_IRQHandler  stm32f4xx_hal_pcd.o
    0x08002a68   0x00000012   Code   RO         5383    i.HAL_PCD_ISOINIncompleteCallback  usbd_conf.o
    0x08002a7a   0x00000012   Code   RO         5384    i.HAL_PCD_ISOOUTIncompleteCallback  usbd_conf.o
    0x08002a8c   0x00000032   Code   RO         5387    i.HAL_PCD_ResetCallback  usbd_conf.o
    0x08002abe   0x0000000e   Code   RO         5388    i.HAL_PCD_ResumeCallback  usbd_conf.o
    0x08002acc   0x0000000e   Code   RO         5389    i.HAL_PCD_SOFCallback  usbd_conf.o
    0x08002ada   0x00000032   Code   RO           40    i.HAL_PCD_SetAddress  stm32f4xx_hal_pcd.o
    0x08002b0c   0x00000012   Code   RO         5390    i.HAL_PCD_SetupStageCallback  usbd_conf.o
    0x08002b1e   0x00000002   PAD
    0x08002b20   0x00000034   Code   RO         5391    i.HAL_PCD_SuspendCallback  usbd_conf.o
    0x08002b54   0x000001d0   Code   RO          339    i.HAL_RCC_ClockConfig  stm32f4xx_hal_rcc.o
    0x08002d24   0x0000000c   Code   RO          344    i.HAL_RCC_GetHCLKFreq  stm32f4xx_hal_rcc.o
    0x08002d30   0x0000002c   Code   RO          346    i.HAL_RCC_GetPCLK1Freq  stm32f4xx_hal_rcc.o
    0x08002d5c   0x0000002c   Code   RO          347    i.HAL_RCC_GetPCLK2Freq  stm32f4xx_hal_rcc.o
    0x08002d88   0x000000b4   Code   RO          348    i.HAL_RCC_GetSysClockFreq  stm32f4xx_hal_rcc.o
    0x08002e3c   0x0000039c   Code   RO          351    i.HAL_RCC_OscConfig  stm32f4xx_hal_rcc.o
    0x080031d8   0x0000008c   Code   RO          838    i.HAL_SPI_Init      stm32f4xx_hal_spi.o
    0x08003264   0x0000005c   Code   RO         5014    i.HAL_SPI_MspInit   spi.o
    0x080032c0   0x0000021e   Code   RO          847    i.HAL_SPI_TransmitReceive  stm32f4xx_hal_spi.o
    0x080034de   0x00000028   Code   RO         3146    i.HAL_SYSTICK_CLKSourceConfig  stm32f4xx_hal_cortex.o
    0x08003506   0x00000002   Code   RO         3147    i.HAL_SYSTICK_Callback  stm32f4xx_hal_cortex.o
    0x08003508   0x00000034   Code   RO         3148    i.HAL_SYSTICK_Config  stm32f4xx_hal_cortex.o
    0x0800353c   0x00000008   Code   RO         3149    i.HAL_SYSTICK_IRQHandler  stm32f4xx_hal_cortex.o
    0x08003544   0x00000002   Code   RO         2144    i.HAL_TIMEx_BreakCallback  stm32f4xx_hal_tim_ex.o
    0x08003546   0x00000002   Code   RO         2145    i.HAL_TIMEx_CommutationCallback  stm32f4xx_hal_tim_ex.o
    0x08003548   0x00000062   Code   RO         2161    i.HAL_TIMEx_MasterConfigSynchronization  stm32f4xx_hal_tim_ex.o
    0x080035aa   0x00000034   Code   RO         1289    i.HAL_TIM_Base_Init  stm32f4xx_hal_tim.o
    0x080035de   0x00000002   PAD
    0x080035e0   0x00000174   Code   RO         5080    i.HAL_TIM_Base_MspInit  tim.o
    0x08003754   0x0000001e   Code   RO         1294    i.HAL_TIM_Base_Start_IT  stm32f4xx_hal_tim.o
    0x08003772   0x00000132   Code   RO         1298    i.HAL_TIM_ConfigClockSource  stm32f4xx_hal_tim.o
    0x080038a4   0x00000002   Code   RO         1318    i.HAL_TIM_IC_CaptureCallback  stm32f4xx_hal_tim.o
    0x080038a6   0x00000196   Code   RO         1331    i.HAL_TIM_IRQHandler  stm32f4xx_hal_tim.o
    0x08003a3c   0x00000128   Code   RO         5081    i.HAL_TIM_MspPostInit  tim.o
    0x08003b64   0x00000002   Code   RO         1334    i.HAL_TIM_OC_DelayElapsedCallback  stm32f4xx_hal_tim.o
    0x08003b66   0x00000108   Code   RO         1355    i.HAL_TIM_PWM_ConfigChannel  stm32f4xx_hal_tim.o
    0x08003c6e   0x00000034   Code   RO         1358    i.HAL_TIM_PWM_Init  stm32f4xx_hal_tim.o
    0x08003ca2   0x00000002   PAD
    0x08003ca4   0x00000074   Code   RO         5082    i.HAL_TIM_PWM_MspInit  tim.o
    0x08003d18   0x00000002   Code   RO         1361    i.HAL_TIM_PWM_PulseFinishedCallback  stm32f4xx_hal_tim.o
    0x08003d1a   0x00000002   PAD
    0x08003d1c   0x0000004c   Code   RO         1362    i.HAL_TIM_PWM_Start  stm32f4xx_hal_tim.o
    0x08003d68   0x000001b0   Code   RO         4060    i.HAL_TIM_PeriodElapsedCallback  control.o
    0x08003f18   0x00000002   Code   RO         1372    i.HAL_TIM_TriggerCallback  stm32f4xx_hal_tim.o
    0x08003f1a   0x00000002   Code   RO          455    i.HAL_UART_ErrorCallback  stm32f4xx_hal_uart.o
    0x08003f1c   0x0000014c   Code   RO          458    i.HAL_UART_IRQHandler  stm32f4xx_hal_uart.o
    0x08004068   0x0000017c   Code   RO         5206    i.HAL_UART_MspInit  usart.o
    0x080041e4   0x000000a8   Code   RO          463    i.HAL_UART_Receive_DMA  stm32f4xx_hal_uart.o
    0x0800428c   0x00000064   Code   RO          464    i.HAL_UART_Receive_IT  stm32f4xx_hal_uart.o
    0x080042f0   0x00000068   Code   RO         4061    i.HAL_UART_RxCpltCallback  control.o
    0x08004358   0x00000002   Code   RO          466    i.HAL_UART_RxHalfCpltCallback  stm32f4xx_hal_uart.o
    0x0800435a   0x000000d6   Code   RO          467    i.HAL_UART_Transmit  stm32f4xx_hal_uart.o
    0x08004430   0x00000002   Code   RO          470    i.HAL_UART_TxCpltCallback  stm32f4xx_hal_uart.o
    0x08004432   0x00000004   Code   RO         3949    i.HardFault_Handler  stm32f4xx_it.o
    0x08004436   0x00000002   PAD
    0x08004438   0x0000010c   Code   RO         4705    i.IMU_Get_Data      m_imu.o
    0x08004544   0x00000054   Code   RO         4709    i.MPU6500_Init      m_imu.o
    0x08004598   0x00000054   Code   RO         4710    i.MPU6500_Read_Reg  m_imu.o
    0x080045ec   0x00000064   Code   RO         4711    i.MPU6500_Read_Regs  m_imu.o
    0x08004650   0x00000058   Code   RO         4714    i.MPU6500_Write_Reg  m_imu.o
    0x080046a8   0x00000044   Code   RO         4877    i.MX_CAN1_Init      can.o
    0x080046ec   0x000001b4   Code   RO         4989    i.MX_GPIO_Init      gpio.o
    0x080048a0   0x00000044   Code   RO         5015    i.MX_SPI5_Init      spi.o
    0x080048e4   0x000000bc   Code   RO         5084    i.MX_TIM2_Init      tim.o
    0x080049a0   0x00000040   Code   RO         5207    i.MX_USART1_UART_Init  usart.o
    0x080049e0   0x0000003c   Code   RO         5208    i.MX_USART2_UART_Init  usart.o
    0x08004a1c   0x0000003c   Code   RO         5209    i.MX_USART3_UART_Init  usart.o
    0x08004a58   0x0000003c   Code   RO         5210    i.MX_USART6_UART_Init  usart.o
    0x08004a94   0x000000c4   Code   RO         4943    i.MYDMA_Config      dma.o
    0x08004b58   0x00000004   Code   RO         3950    i.MemManage_Handler  stm32f4xx_it.o
    0x08004b5c   0x00000002   Code   RO         3951    i.NMI_Handler       stm32f4xx_it.o
    0x08004b5e   0x00000002   PAD
    0x08004b60   0x00000010   Code   RO         3150    i.NVIC_GetPriorityGrouping  stm32f4xx_hal_cortex.o
    0x08004b70   0x00000028   Code   RO         3151    i.NVIC_SetPriority  stm32f4xx_hal_cortex.o
    0x08004b98   0x00000010   Code   RO         3952    i.OTG_FS_IRQHandler  stm32f4xx_it.o
    0x08004ba8   0x000000a2   Code   RO           45    i.PCD_WriteEmptyTxFifo  stm32f4xx_hal_pcd.o
    0x08004c4a   0x00000020   Code   RO         4455    i.PIDT_struct_init  pid.o
    0x08004c6a   0x00000002   PAD
    0x08004c6c   0x00000050   Code   RO         4456    i.PID_struct_init   pid.o
    0x08004cbc   0x00000002   Code   RO         3953    i.PendSV_Handler    stm32f4xx_it.o
    0x08004cbe   0x00000002   PAD
    0x08004cc0   0x000000e0   Code   RO         4576    i.RemoteDataProcess  m_remote.o
    0x08004da0   0x00000028   Code   RO          860    i.SPI_CheckFlag_BSY  stm32f4xx_hal_spi.o
    0x08004dc8   0x000000aa   Code   RO          876    i.SPI_WaitFlagStateUntilTimeout  stm32f4xx_hal_spi.o
    0x08004e72   0x00000002   Code   RO         3954    i.SVC_Handler       stm32f4xx_it.o
    0x08004e74   0x00000060   Code   RO         4802    i.Set_3508_current  m_moto.o
    0x08004ed4   0x00000060   Code   RO         4803    i.Set_6623_current  m_moto.o
    0x08004f34   0x0000000c   Code   RO         3955    i.SysTick_Handler   stm32f4xx_it.o
    0x08004f40   0x000000c4   Code   RO         3797    i.SystemClock_Config  main.o
    0x08005004   0x00000064   Code   RO         3745    i.SystemInit        system_stm32f4xx.o
    0x08005068   0x00000084   Code   RO         5090    i.TIM12_PWM_Init    tim.o
    0x080050ec   0x00000010   Code   RO         5091    i.TIM3_IRQHandler   tim.o
    0x080050fc   0x0000002c   Code   RO         5092    i.TIM3_Init         tim.o
    0x08005128   0x00000010   Code   RO         5093    i.TIM5_IRQHandler   tim.o
    0x08005138   0x0000002c   Code   RO         5094    i.TIM5_Init         tim.o
    0x08005164   0x000000e4   Code   RO         1373    i.TIM_Base_SetConfig  stm32f4xx_hal_tim.o
    0x08005248   0x0000001c   Code   RO         1374    i.TIM_CCxChannelCmd  stm32f4xx_hal_tim.o
    0x08005264   0x00000018   Code   RO         1380    i.TIM_ETR_SetConfig  stm32f4xx_hal_tim.o
    0x0800527c   0x00000014   Code   RO         1381    i.TIM_ITRx_SetConfig  stm32f4xx_hal_tim.o
    0x08005290   0x00000070   Code   RO         1382    i.TIM_OC1_SetConfig  stm32f4xx_hal_tim.o
    0x08005300   0x00000078   Code   RO         1383    i.TIM_OC2_SetConfig  stm32f4xx_hal_tim.o
    0x08005378   0x00000078   Code   RO         1384    i.TIM_OC3_SetConfig  stm32f4xx_hal_tim.o
    0x080053f0   0x00000060   Code   RO         1385    i.TIM_OC4_SetConfig  stm32f4xx_hal_tim.o
    0x08005450   0x0000002a   Code   RO         1387    i.TIM_TI1_ConfigInputStage  stm32f4xx_hal_tim.o
    0x0800547a   0x0000002c   Code   RO         1389    i.TIM_TI2_ConfigInputStage  stm32f4xx_hal_tim.o
    0x080054a6   0x00000002   PAD
    0x080054a8   0x00000044   Code   RO         4408    i.Tk1DataProcess    t_tk1.o
    0x080054ec   0x00000128   Code   RO         4675    i.Toggler_ctr       m_toggle.o
    0x08005614   0x00000014   Code   RO          472    i.UART_DMAAbortOnError  stm32f4xx_hal_uart.o
    0x08005628   0x00000050   Code   RO          473    i.UART_DMAError     stm32f4xx_hal_uart.o
    0x08005678   0x00000046   Code   RO          474    i.UART_DMAReceiveCplt  stm32f4xx_hal_uart.o
    0x080056be   0x0000000e   Code   RO          475    i.UART_DMARxHalfCplt  stm32f4xx_hal_uart.o
    0x080056cc   0x00000020   Code   RO          478    i.UART_EndRxTransfer  stm32f4xx_hal_uart.o
    0x080056ec   0x00000020   Code   RO          479    i.UART_EndTransmit_IT  stm32f4xx_hal_uart.o
    0x0800570c   0x00000014   Code   RO          480    i.UART_EndTxTransfer  stm32f4xx_hal_uart.o
    0x08005720   0x0000009a   Code   RO          481    i.UART_Receive_IT   stm32f4xx_hal_uart.o
    0x080057ba   0x00000002   PAD
    0x080057bc   0x00000368   Code   RO          482    i.UART_SetConfig    stm32f4xx_hal_uart.o
    0x08005b24   0x00000068   Code   RO          483    i.UART_Transmit_IT  stm32f4xx_hal_uart.o
    0x08005b8c   0x0000006c   Code   RO          484    i.UART_WaitOnFlagUntilTimeout  stm32f4xx_hal_uart.o
    0x08005bf8   0x00000010   Code   RO         5211    i.USART1_IRQHandler  usart.o
    0x08005c08   0x00000010   Code   RO         5212    i.USART2_IRQHandler  usart.o
    0x08005c18   0x00000010   Code   RO         5213    i.USART3_IRQHandler  usart.o
    0x08005c28   0x00000010   Code   RO         3956    i.USART6_IRQHandler  stm32f4xx_it.o
    0x08005c38   0x00000016   Code   RO         3546    i.USBD_ClrClassConfig  usbd_core.o
    0x08005c4e   0x00000044   Code   RO         3451    i.USBD_ClrFeature   usbd_ctlreq.o
    0x08005c92   0x00000018   Code   RO         3684    i.USBD_CtlContinueRx  usbd_ioreq.o
    0x08005caa   0x00000018   Code   RO         3685    i.USBD_CtlContinueSendData  usbd_ioreq.o
    0x08005cc2   0x00000018   Code   RO         3452    i.USBD_CtlError     usbd_ctlreq.o
    0x08005cda   0x0000001a   Code   RO         3687    i.USBD_CtlReceiveStatus  usbd_ioreq.o
    0x08005cf4   0x00000022   Code   RO         3688    i.USBD_CtlSendData  usbd_ioreq.o
    0x08005d16   0x0000001a   Code   RO         3689    i.USBD_CtlSendStatus  usbd_ioreq.o
    0x08005d30   0x00000050   Code   RO         3453    i.USBD_GetConfig    usbd_ctlreq.o
    0x08005d80   0x00000148   Code   RO         3454    i.USBD_GetDescriptor  usbd_ctlreq.o
    0x08005ec8   0x00000044   Code   RO         3456    i.USBD_GetStatus    usbd_ctlreq.o
    0x08005f0c   0x00000014   Code   RO         5392    i.USBD_LL_ClearStallEP  usbd_conf.o
    0x08005f20   0x000000da   Code   RO         3549    i.USBD_LL_DataInStage  usbd_core.o
    0x08005ffa   0x00000086   Code   RO         3550    i.USBD_LL_DataOutStage  usbd_core.o
    0x08006080   0x00000006   Code   RO         3551    i.USBD_LL_DevConnected  usbd_core.o
    0x08006086   0x0000001a   Code   RO         3552    i.USBD_LL_DevDisconnected  usbd_core.o
    0x080060a0   0x00000038   Code   RO         5399    i.USBD_LL_IsStallEP  usbd_conf.o
    0x080060d8   0x00000006   Code   RO         3553    i.USBD_LL_IsoINIncomplete  usbd_core.o
    0x080060de   0x00000006   Code   RO         3554    i.USBD_LL_IsoOUTIncomplete  usbd_core.o
    0x080060e4   0x00000020   Code   RO         5400    i.USBD_LL_OpenEP    usbd_conf.o
    0x08006104   0x00000020   Code   RO         5401    i.USBD_LL_PrepareReceive  usbd_conf.o
    0x08006124   0x00000044   Code   RO         3555    i.USBD_LL_Reset     usbd_core.o
    0x08006168   0x0000000e   Code   RO         3556    i.USBD_LL_Resume    usbd_core.o
    0x08006176   0x00000022   Code   RO         3557    i.USBD_LL_SOF       usbd_core.o
    0x08006198   0x00000008   Code   RO         3558    i.USBD_LL_SetSpeed  usbd_core.o
    0x080061a0   0x00000014   Code   RO         5402    i.USBD_LL_SetUSBAddress  usbd_conf.o
    0x080061b4   0x0000006e   Code   RO         3559    i.USBD_LL_SetupStage  usbd_core.o
    0x08006222   0x00000014   Code   RO         5403    i.USBD_LL_StallEP   usbd_conf.o
    0x08006236   0x00000014   Code   RO         3560    i.USBD_LL_Suspend   usbd_core.o
    0x0800624a   0x00000020   Code   RO         5406    i.USBD_LL_Transmit  usbd_conf.o
    0x0800626a   0x00000028   Code   RO         3458    i.USBD_ParseSetupRequest  usbd_ctlreq.o
    0x08006292   0x00000006   Code   RO         3562    i.USBD_RunTestMode  usbd_core.o
    0x08006298   0x00000054   Code   RO         3459    i.USBD_SetAddress   usbd_ctlreq.o
    0x080062ec   0x00000022   Code   RO         3563    i.USBD_SetClassConfig  usbd_core.o
    0x0800630e   0x00000002   PAD
    0x08006310   0x000000e0   Code   RO         3460    i.USBD_SetConfig    usbd_ctlreq.o
    0x080063f0   0x00000024   Code   RO         3461    i.USBD_SetFeature   usbd_ctlreq.o
    0x08006414   0x00000072   Code   RO         3462    i.USBD_StdDevReq    usbd_ctlreq.o
    0x08006486   0x00000156   Code   RO         3463    i.USBD_StdEPReq     usbd_ctlreq.o
    0x080065dc   0x0000004a   Code   RO         3464    i.USBD_StdItfReq    usbd_ctlreq.o
    0x08006626   0x00000002   PAD
    0x08006628   0x000000c4   Code   RO         2817    i.USB_ActivateEndpoint  stm32f4xx_ll_usb.o
    0x080066ec   0x00000044   Code   RO         2818    i.USB_ActivateSetup  stm32f4xx_ll_usb.o
    0x08006730   0x000001b0   Code   RO         2830    i.USB_EP0StartXfer  stm32f4xx_ll_usb.o
    0x080068e0   0x00000044   Code   RO         2831    i.USB_EP0_OutStart  stm32f4xx_ll_usb.o
    0x08006924   0x00000088   Code   RO         2832    i.USB_EPClearStall  stm32f4xx_ll_usb.o
    0x080069ac   0x0000008c   Code   RO         2833    i.USB_EPSetStall    stm32f4xx_ll_usb.o
    0x08006a38   0x000002d0   Code   RO         2834    i.USB_EPStartXfer   stm32f4xx_ll_usb.o
    0x08006d08   0x00000030   Code   RO         2837    i.USB_FlushTxFifo   stm32f4xx_ll_usb.o
    0x08006d38   0x00000044   Code   RO         2839    i.USB_GetDevSpeed   stm32f4xx_ll_usb.o
    0x08006d7c   0x0000000a   Code   RO         2841    i.USB_GetMode       stm32f4xx_ll_usb.o
    0x08006d86   0x00000012   Code   RO         2848    i.USB_ReadDevAllInEpInterrupt  stm32f4xx_ll_usb.o
    0x08006d98   0x00000012   Code   RO         2849    i.USB_ReadDevAllOutEpInterrupt  stm32f4xx_ll_usb.o
    0x08006daa   0x0000002c   Code   RO         2850    i.USB_ReadDevInEPInterrupt  stm32f4xx_ll_usb.o
    0x08006dd6   0x00000016   Code   RO         2851    i.USB_ReadDevOutEPInterrupt  stm32f4xx_ll_usb.o
    0x08006dec   0x0000000c   Code   RO         2852    i.USB_ReadInterrupts  stm32f4xx_ll_usb.o
    0x08006df8   0x00000022   Code   RO         2853    i.USB_ReadPacket    stm32f4xx_ll_usb.o
    0x08006e1a   0x00000024   Code   RO         2856    i.USB_SetDevAddress  stm32f4xx_ll_usb.o
    0x08006e3e   0x00000030   Code   RO         2860    i.USB_WritePacket   stm32f4xx_ll_usb.o
    0x08006e6e   0x00000004   Code   RO         3957    i.UsageFault_Handler  stm32f4xx_it.o
    0x08006e72   0x00000002   PAD
    0x08006e74   0x00000040   Code   RO         4612    i.Verify_CRC16_Check_Sum  m_protocol.o
    0x08006eb4   0x0000002e   Code   RO         4613    i.Verify_CRC8_Check_Sum  m_protocol.o
    0x08006ee2   0x0000000e   Code   RO         5716    i.__scatterload_copy  mc_w.l(handlers.o)
    0x08006ef0   0x00000002   Code   RO         5717    i.__scatterload_null  mc_w.l(handlers.o)
    0x08006ef2   0x0000000e   Code   RO         5718    i.__scatterload_zeroinit  mc_w.l(handlers.o)
    0x08006f00   0x0000002e   Code   RO         4457    i.abs_limit         pid.o
    0x08006f2e   0x00000002   PAD
    0x08006f30   0x00000124   Code   RO         3798    i.all_bsp_init      main.o
    0x08007054   0x00000344   Code   RO         3799    i.all_pid_init      main.o
    0x08007398   0x00000104   Code   RO         4137    i.cm_follow         t_moto.o
    0x0800749c   0x00000050   Code   RO         4138    i.cm_spd_ctr        t_moto.o
    0x080074ec   0x0000003c   Code   RO         4140    i.cm_unfollow       t_moto.o
    0x08007528   0x0000017c   Code   RO         4235    i.ctrcmsqin         t_remote.o
    0x080076a4   0x0000008a   Code   RO         4805    i.get_moto_measure  m_moto.o
    0x0800772e   0x00000014   Code   RO         4806    i.get_moto_offset   m_moto.o
    0x08007742   0x00000002   PAD
    0x08007744   0x0000000c   Code   RO         4237    i.getinputmode      t_remote.o
    0x08007750   0x00000204   Code   RO         4141    i.km_au_pit_ctr     t_moto.o
    0x08007954   0x000001d4   Code   RO         4142    i.km_au_yaw_ctr     t_moto.o
    0x08007b28   0x000001b8   Code   RO         4143    i.km_nor_pit_ctr    t_moto.o
    0x08007ce0   0x00000224   Code   RO         4144    i.km_nor_yaw_ctr    t_moto.o
    0x08007f04   0x000000cc   Code   RO         3801    i.main              main.o
    0x08007fd0   0x0000015c   Code   RO         4241    i.mkallrun          t_remote.o
    0x0800812c   0x000000a0   Code   RO         4244    i.mkfollow          t_remote.o
    0x080081cc   0x00000018   Code   RO         4245    i.mknormal          t_remote.o
    0x080081e4   0x00000094   Code   RO         4247    i.mktotalrun        t_remote.o
    0x08008278   0x00000024   Code   RO         4249    i.mousekeycontrolprocess  t_remote.o
    0x0800829c   0x00000070   Code   RO         4880    i.my_can_filter_init_recv_all  can.o
    0x0800830c   0x00000214   Code   RO         4460    i.pid_calc          pid.o
    0x08008520   0x000000dc   Code   RO         4465    i.pid_follow_calc   pid.o
    0x080085fc   0x00000014   Code   RO         4466    i.pid_param_init    pid.o
    0x08008610   0x0000000e   Code   RO         4468    i.pid_reset         pid.o
    0x0800861e   0x00000002   PAD
    0x08008620   0x00000168   Code   RO         4250    i.readkey           t_remote.o
    0x08008788   0x0000002c   Code   RO         4253    i.setinputmode      t_remote.o
    0x080087b4   0x000000f8   Code   RO         4255    i.shoot             t_remote.o
    0x080088ac   0x0000013c   Code   RO         4256    i.spd_updown        t_remote.o
    0x080089e8   0x000001b8   Code   RO         4436    i.toggle_heat_ctr   t_toggle.o
    0x08008ba0   0x0000004c   Code   RO         3802    i.vcan_sendware     main.o
    0x08008bec   0x00000010   Data   RO          352    .constdata          stm32f4xx_hal_rcc.o
    0x08008bfc   0x00000008   Data   RO         1124    .constdata          stm32f4xx_hal_dma.o
    0x08008c04   0x00000008   Data   RO         4437    .constdata          t_toggle.o
    0x08008c0c   0x00000302   Data   RO         4615    .constdata          m_protocol.o
    0x08008f0e   0x00000002   PAD
    0x08008f10   0x00000014   Data   RO         4717    .constdata          m_imu.o
    0x08008f24   0x00000020   Data   RO         5714    Region$$Table       anon$$obj.o


    Execution Region RW_IRAM1 (Base: 0x20000000, Size: 0x00002690, Max: 0x00030000, ABSOLUTE, COMPRESSED[0x000000dc])

    Base Addr    Size         Type   Attr      Idx    E Section Name        Object

    0x20000000   0x00000004   Data   RW         2562    .data               stm32f4xx_hal.o
    0x20000004   0x00000001   Data   RW         3465    .data               usbd_ctlreq.o
    0x20000005   0x00000003   PAD
    0x20000008   0x00000004   Data   RW         3747    .data               system_stm32f4xx.o
    0x2000000c   0x00000020   Data   RW         3803    .data               main.o
    0x2000002c   0x00000018   Data   RW         4063    .data               control.o
    0x20000044   0x00000004   PAD
    0x20000048   0x0000011c   Data   RW         4146    .data               t_moto.o
    0x20000164   0x00000042   Data   RW         4258    .data               t_remote.o
    0x200001a6   0x0000000a   Data   RW         4410    .data               t_tk1.o
    0x200001b0   0x00000008   Data   RW         4438    .data               t_toggle.o
    0x200001b8   0x000000c0   Data   RW         4472    .data               pid.o
    0x20000278   0x00000008   Data   RW         4578    .data               m_remote.o
    0x20000280   0x00000008   Data   RW         4616    .data               m_protocol.o
    0x20000288   0x00000018   Data   RW         4676    .data               m_toggle.o
    0x200002a0   0x00000015   Data   RW         4718    .data               m_imu.o
    0x200002b5   0x00000003   PAD
    0x200002b8   0x00000008   Data   RW         4809    .data               m_moto.o
    0x200002c0   0x00000004   Data   RW         4882    .data               can.o
    0x200002c4   0x0000003e   Zero   RW         4062    .bss                control.o
    0x20000302   0x00000002   PAD
    0x20000304   0x00000090   Zero   RW         4145    .bss                t_moto.o
    0x20000394   0x00000010   Zero   RW         4257    .bss                t_remote.o
    0x200003a4   0x00000010   Zero   RW         4409    .bss                t_tk1.o
    0x200003b4   0x0000116c   Zero   RW         4471    .bss                pid.o
    0x20001520   0x00000038   Zero   RW         4577    .bss                m_remote.o
    0x20001558   0x0000001c   Zero   RW         4614    .bss                m_protocol.o
    0x20001574   0x00000004   PAD
    0x20001578   0x00000080   Zero   RW         4716    .bss                m_imu.o
    0x200015f8   0x00000270   Zero   RW         4808    .bss                m_moto.o
    0x20001868   0x00000180   Zero   RW         4881    .bss                can.o
    0x200019e8   0x00000180   Zero   RW         4945    .bss                dma.o
    0x20001b68   0x00000058   Zero   RW         5016    .bss                spi.o
    0x20001bc0   0x00000218   Zero   RW         5096    .bss                tim.o
    0x20001dd8   0x00000100   Zero   RW         5215    .bss                usart.o
    0x20001ed8   0x000003b8   Zero   RW         5407    .bss                usbd_conf.o
    0x20002290   0x00000400   Zero   RW            1    STACK               startup_stm32f427xx.o


==============================================================================

Image component sizes


      Code (inc. data)   RO Data    RW Data    ZI Data      Debug   Object Name

       488         58          0          4        384       3700   can.o
       536         80          0         24         62       2817   control.o
       212         24          0          0        384       2111   dma.o
       436         24          0          0          0       1371   gpio.o
       624         70         20         21        128       5067   m_imu.o
       720         28          0          8        624       6679   m_moto.o
       486         34        770          8         28       7095   m_protocol.o
       224          4          0          8         56       3030   m_remote.o
       296         48          0         24          0       1095   m_toggle.o
      1608        374          0         32          0      13642   main.o
       944         18          0        192       4460      11503   pid.o
       160         20          0          0         88       1905   spi.o
        36          8        428          0       1024        876   startup_stm32f427xx.o
       154         20          0          4          0       4651   stm32f4xx_hal.o
      2536         34          0          0          0       7495   stm32f4xx_hal_can.o
       348         22          0          0          0      33237   stm32f4xx_hal_cortex.o
      1394         20          8          0          0       7451   stm32f4xx_hal_dma.o
       582         58          0          0          0       3940   stm32f4xx_hal_gpio.o
        86          0          0          0          0        594   stm32f4xx_hal_msp.o
      2504         46          0          0          0     373799   stm32f4xx_hal_pcd.o
      1668         70         16          0          0       6191   stm32f4xx_hal_rcc.o
       892          0          0          0          0       4497   stm32f4xx_hal_spi.o
      2028         88          0          0          0      16650   stm32f4xx_hal_tim.o
       102          0          0          0          0       2594   stm32f4xx_hal_tim_ex.o
      2480         28          0          0          0      14934   stm32f4xx_hal_uart.o
       142         36          0          0          0       8727   stm32f4xx_it.o
      2118         20          0          0          0      14153   stm32f4xx_ll_usb.o
       100         18          0          4          0       1533   system_stm32f4xx.o
      2544        454          0        284        144      11491   t_moto.o
      2076        190          0         66         16       9972   t_remote.o
        68          8          0         10         16       1470   t_tk1.o
       440         40          8          8          0       1565   t_toggle.o
      1224        126          0          0        536       7336   tim.o
       672         92          0          0        256       5805   usart.o
         0          0          0          0          0       4440   usbd_cdc.o
       488          6          0          0        952      12807   usbd_conf.o
       712          0          0          0          0      11567   usbd_core.o
      1482         30          0          1          0      10119   usbd_ctlreq.o
       134          0          0          0          0       4240   usbd_ioreq.o

    ----------------------------------------------------------------------
     33788       2196       1284        708       9164     642149   Object Totals
         0          0         32          0          0          0   (incl. Generated)
        44          0          2         10          6          0   (incl. Padding)

    ----------------------------------------------------------------------

      Code (inc. data)   RO Data    RW Data    ZI Data      Debug   Library Member Name

        86          0          0          0          0          0   __dczerorl2.o
         0          0          0          0          0          0   entry.o
         0          0          0          0          0          0   entry10a.o
         0          0          0          0          0          0   entry11a.o
         8          4          0          0          0          0   entry2.o
         4          0          0          0          0          0   entry5.o
         0          0          0          0          0          0   entry7b.o
         0          0          0          0          0          0   entry8b.o
         8          4          0          0          0          0   entry9a.o
        30          0          0          0          0          0   handlers.o
        36          8          0          0          0         68   init.o
         0          0          0          0          0          0   iusefp.o
        30          0          0          0          0         68   llshl.o
        36          0          0          0          0         68   llsshr.o
        32          0          0          0          0         68   llushr.o
        36          0          0          0          0         68   memcpya.o
        56          0          0          0          0         88   d2f.o
       334          0          0          0          0        148   dadd.o
       222          0          0          0          0        100   ddiv.o
       186          0          0          0          0        176   depilogue.o
        62          0          0          0          0         80   dfixi.o
        34          0          0          0          0         76   dflti.o
        26          0          0          0          0         76   dfltui.o
       228          0          0          0          0         96   dmul.o
        38          0          0          0          0         68   f2d.o
       110          0          0          0          0        168   fepilogue.o

    ----------------------------------------------------------------------
      1604         16          0          0          0       1416   Library Totals
         2          0          0          0          0          0   (incl. Padding)

    ----------------------------------------------------------------------

      Code (inc. data)   RO Data    RW Data    ZI Data      Debug   Library Name

       306         16          0          0          0        340   mc_w.l
      1296          0          0          0          0       1076   mf_w.l

    ----------------------------------------------------------------------
      1604         16          0          0          0       1416   Library Totals

    ----------------------------------------------------------------------

==============================================================================


      Code (inc. data)   RO Data    RW Data    ZI Data      Debug   

     35392       2212       1284        708       9164     618425   Grand Totals
     35392       2212       1284        220       9164     618425   ELF Image Totals (compressed)
     35392       2212       1284        220          0          0   ROM Totals

==============================================================================

    Total RO  Size (Code + RO Data)                36676 (  35.82kB)
    Total RW  Size (RW Data + ZI Data)              9872 (   9.64kB)
    Total ROM Size (Code + RO Data + RW Data)      36896 (  36.03kB)

==============================================================================

