<html>
<body>
<pre>
<h1>µVision Build Log</h1>
<h2>Tool Versions:</h2>
IDE-Version: ¦ÌVision V5.15
Copyright (C) 2015 ARM Ltd and ARM Germany GmbH. All rights reserved.
License Information: szc szc, szc, LIC=JDAJJ-UFDGR-ATW3F-6Q0XK-UCXLK-EUJBD
 
Tool Versions:
Toolchain:       MDK-ARM Professional  Version: 5.15.0
Toolchain Path:  C:\Keil_v5\ARM\ARMCC\Bin
C Compiler:      Armcc.exe V5.05 update 2 (build 169)
Assembler:       Armasm.exe V5.05 update 2 (build 169)
Linker/Locator:  ArmLink.exe V5.05 update 2 (build 169)
Library Manager: ArmAr.exe V5.05 update 2 (build 169)
Hex Converter:   FromElf.exe V5.05 update 2 (build 169)
CPU DLL:         SARMCM3.DLL V5.15.0
Dialog DLL:      DCM.DLL V1.13.2.0
Target DLL:      Segger\JL2CM3.dll V2.99.15.0
Dialog DLL:      TCM.DLL V1.14.5.0
 
<h2>Project:</h2>
C:\Users\windows10\Desktop\Ó¢ÐÛ\Ó¢ÐÛ¸¨¿Ø\Ó¢ÐÛ¸¨¿Ø1.6Ë¿¸ÜËÙ¶È»· -\MDK-ARM\RMv3testDemo.uvprojx
Project File Date:  05/17/2018

<h2>Output:</h2>
*** Using Compiler 'V5.05 update 2 (build 169)', folder: 'C:\Keil_v5\ARM\ARMCC\Bin'
Build target 'RMv3testDemo'
compiling t_moto.c...
..\top\Src\t_moto.c(49): warning:  #1035-D: single-precision operand implicitly converted to double-precision
        error2=error2*0.8+Toggler_ang-(moto_chassis[2].total_angle)*0.2;
..\top\Src\t_moto.c(58): warning:  #1035-D: single-precision operand implicitly converted to double-precision
                if(((*g3508_angle_set)*19.0*8192.0/360.0)- moto_chassis[2].total_angle>Toggler_angle_one)
..\top\Src\t_moto.c(62): warning:  #1035-D: single-precision operand implicitly converted to double-precision
                testi=((*g3508_angle_set)*19.0*8192.0/360.0)- moto_chassis[2].total_angle;
..\top\Src\t_moto.c(64): warning:  #1035-D: single-precision operand implicitly converted to double-precision
        Toggler_ang=(*g3508_angle_set)*19.0*8192.0/360.0;
..\top\Src\t_moto.c: 4 warnings, 0 errors
linking...
Program Size: Code=23138 RO-data=478 RW-data=356 ZI-data=7676  
FromELF: creating hex file...
"RMv3testDemo\RMv3testDemo.axf" - 0 Error(s), 4 Warning(s).

<h2>Software Packages used:</h2>

Package Vendor: ARM
                http://www.keil.com/pack/ARM.CMSIS.4.3.0.pack
                ARM::CMSIS:CORE:4.1.0
                CMSIS (Cortex Microcontroller Software Interface Standard)
   * Component: CORE Version: 4.1.0

<h2>Collection of Component include folders:</h2>
  C:\Users\windows10\Desktop\Ó¢ÐÛ\Ó¢ÐÛ¸¨¿Ø\Ó¢ÐÛ¸¨¿Ø1.6Ë¿¸ÜËÙ¶È»· -\MDK-ARM\RTE
  C:\Keil_v5\ARM\PACK\ARM\CMSIS\4.3.0\CMSIS\Include
  C:\Keil_v5\ARM\PACK\Keil\STM32F4xx_DFP\2.5.0\Drivers\CMSIS\Device\ST\STM32F4xx\Include

<h2>Collection of Component Files used:</h2>

   * Component: ARM::CMSIS:CORE:4.1.0
</pre>
</body>
</html>
