Component: ARM Compiler 5.05 update 2 (build 169) Tool: armlink [4d0f33]

==============================================================================

Section Cross References

    startup_stm32f427xx.o(RESET) refers to startup_stm32f427xx.o(STACK) for __initial_sp
    startup_stm32f427xx.o(RESET) refers to startup_stm32f427xx.o(.text) for Reset_Handler
    startup_stm32f427xx.o(RESET) refers to stm32f4xx_it.o(i.NMI_Handler) for NMI_Handler
    startup_stm32f427xx.o(RESET) refers to stm32f4xx_it.o(i.HardFault_Handler) for HardFault_Handler
    startup_stm32f427xx.o(RESET) refers to stm32f4xx_it.o(i.MemManage_Handler) for MemManage_Handler
    startup_stm32f427xx.o(RESET) refers to stm32f4xx_it.o(i.BusFault_Handler) for BusFault_Handler
    startup_stm32f427xx.o(RESET) refers to stm32f4xx_it.o(i.UsageFault_Handler) for UsageFault_Handler
    startup_stm32f427xx.o(RESET) refers to stm32f4xx_it.o(i.SVC_Handler) for SVC_Handler
    startup_stm32f427xx.o(RESET) refers to stm32f4xx_it.o(i.DebugMon_Handler) for DebugMon_Handler
    startup_stm32f427xx.o(RESET) refers to stm32f4xx_it.o(i.PendSV_Handler) for PendSV_Handler
    startup_stm32f427xx.o(RESET) refers to stm32f4xx_it.o(i.SysTick_Handler) for SysTick_Handler
    startup_stm32f427xx.o(RESET) refers to stm32f4xx_it.o(i.EXTI1_IRQHandler) for EXTI1_IRQHandler
    startup_stm32f427xx.o(RESET) refers to stm32f4xx_it.o(i.CAN1_TX_IRQHandler) for CAN1_TX_IRQHandler
    startup_stm32f427xx.o(RESET) refers to stm32f4xx_it.o(i.CAN1_RX0_IRQHandler) for CAN1_RX0_IRQHandler
    startup_stm32f427xx.o(RESET) refers to tim.o(i.TIM3_IRQHandler) for TIM3_IRQHandler
    startup_stm32f427xx.o(RESET) refers to usart.o(i.USART1_IRQHandler) for USART1_IRQHandler
    startup_stm32f427xx.o(RESET) refers to usart.o(i.USART2_IRQHandler) for USART2_IRQHandler
    startup_stm32f427xx.o(RESET) refers to usart.o(i.USART3_IRQHandler) for USART3_IRQHandler
    startup_stm32f427xx.o(RESET) refers to tim.o(i.TIM5_IRQHandler) for TIM5_IRQHandler
    startup_stm32f427xx.o(RESET) refers to dma.o(i.DMA2_Stream2_IRQHandler) for DMA2_Stream2_IRQHandler
    startup_stm32f427xx.o(RESET) refers to stm32f4xx_it.o(i.CAN2_TX_IRQHandler) for CAN2_TX_IRQHandler
    startup_stm32f427xx.o(RESET) refers to stm32f4xx_it.o(i.CAN2_RX0_IRQHandler) for CAN2_RX0_IRQHandler
    startup_stm32f427xx.o(RESET) refers to stm32f4xx_it.o(i.OTG_FS_IRQHandler) for OTG_FS_IRQHandler
    startup_stm32f427xx.o(RESET) refers to stm32f4xx_it.o(i.USART6_IRQHandler) for USART6_IRQHandler
    startup_stm32f427xx.o(.text) refers to system_stm32f4xx.o(i.SystemInit) for SystemInit
    startup_stm32f427xx.o(.text) refers to entry.o(.ARM.Collect$$$$00000000) for __main
    stm32f4xx_hal_pcd.o(i.HAL_PCD_DeInit) refers to stm32f4xx_hal_pcd.o(i.HAL_PCD_Stop) for HAL_PCD_Stop
    stm32f4xx_hal_pcd.o(i.HAL_PCD_DeInit) refers to usbd_conf.o(i.HAL_PCD_MspDeInit) for HAL_PCD_MspDeInit
    stm32f4xx_hal_pcd.o(i.HAL_PCD_DevConnect) refers to stm32f4xx_ll_usb.o(i.USB_DevConnect) for USB_DevConnect
    stm32f4xx_hal_pcd.o(i.HAL_PCD_DevDisconnect) refers to stm32f4xx_ll_usb.o(i.USB_DevDisconnect) for USB_DevDisconnect
    stm32f4xx_hal_pcd.o(i.HAL_PCD_EP_Close) refers to stm32f4xx_ll_usb.o(i.USB_DeactivateEndpoint) for USB_DeactivateEndpoint
    stm32f4xx_hal_pcd.o(i.HAL_PCD_EP_ClrStall) refers to stm32f4xx_ll_usb.o(i.USB_EPClearStall) for USB_EPClearStall
    stm32f4xx_hal_pcd.o(i.HAL_PCD_EP_Flush) refers to stm32f4xx_ll_usb.o(i.USB_FlushTxFifo) for USB_FlushTxFifo
    stm32f4xx_hal_pcd.o(i.HAL_PCD_EP_Flush) refers to stm32f4xx_ll_usb.o(i.USB_FlushRxFifo) for USB_FlushRxFifo
    stm32f4xx_hal_pcd.o(i.HAL_PCD_EP_Open) refers to stm32f4xx_ll_usb.o(i.USB_ActivateEndpoint) for USB_ActivateEndpoint
    stm32f4xx_hal_pcd.o(i.HAL_PCD_EP_Receive) refers to stm32f4xx_ll_usb.o(i.USB_EP0StartXfer) for USB_EP0StartXfer
    stm32f4xx_hal_pcd.o(i.HAL_PCD_EP_Receive) refers to stm32f4xx_ll_usb.o(i.USB_EPStartXfer) for USB_EPStartXfer
    stm32f4xx_hal_pcd.o(i.HAL_PCD_EP_SetStall) refers to stm32f4xx_ll_usb.o(i.USB_EPSetStall) for USB_EPSetStall
    stm32f4xx_hal_pcd.o(i.HAL_PCD_EP_SetStall) refers to stm32f4xx_ll_usb.o(i.USB_EP0_OutStart) for USB_EP0_OutStart
    stm32f4xx_hal_pcd.o(i.HAL_PCD_EP_Transmit) refers to stm32f4xx_ll_usb.o(i.USB_EP0StartXfer) for USB_EP0StartXfer
    stm32f4xx_hal_pcd.o(i.HAL_PCD_EP_Transmit) refers to stm32f4xx_ll_usb.o(i.USB_EPStartXfer) for USB_EPStartXfer
    stm32f4xx_hal_pcd.o(i.HAL_PCD_IRQHandler) refers to stm32f4xx_ll_usb.o(i.USB_GetMode) for USB_GetMode
    stm32f4xx_hal_pcd.o(i.HAL_PCD_IRQHandler) refers to stm32f4xx_ll_usb.o(i.USB_ReadInterrupts) for USB_ReadInterrupts
    stm32f4xx_hal_pcd.o(i.HAL_PCD_IRQHandler) refers to stm32f4xx_ll_usb.o(i.USB_ReadDevAllOutEpInterrupt) for USB_ReadDevAllOutEpInterrupt
    stm32f4xx_hal_pcd.o(i.HAL_PCD_IRQHandler) refers to stm32f4xx_ll_usb.o(i.USB_ReadDevOutEPInterrupt) for USB_ReadDevOutEPInterrupt
[...]
    __ARM_use_no_argv                        0x00000000   Number         0  main.o ABSOLUTE
    __cpp_initialize__aeabi_                  - Undefined Weak Reference
    __cxa_finalize                            - Undefined Weak Reference
    _clock_init                               - Undefined Weak Reference
    _microlib_exit                            - Undefined Weak Reference
    __Vectors_Size                           0x000001ac   Number         0  startup_stm32f427xx.o ABSOLUTE
    __Vectors                                0x08000000   Data           4  startup_stm32f427xx.o(RESET)
    __Vectors_End                            0x080001ac   Data           0  startup_stm32f427xx.o(RESET)
    __main                                   0x080001ad   Thumb Code     0  entry.o(.ARM.Collect$$$$00000000)
    _main_stk                                0x080001ad   Thumb Code     0  entry2.o(.ARM.Collect$$$$00000001)
    _main_scatterload                        0x080001b1   Thumb Code     0  entry5.o(.ARM.Collect$$$$00000004)
    __main_after_scatterload                 0x080001b5   Thumb Code     0  entry5.o(.ARM.Collect$$$$00000004)
    _main_clock                              0x080001b5   Thumb Code     0  entry7b.o(.ARM.Collect$$$$00000008)
    _main_cpp_init                           0x080001b5   Thumb Code     0  entry8b.o(.ARM.Collect$$$$0000000A)
    _main_init                               0x080001b5   Thumb Code     0  entry9a.o(.ARM.Collect$$$$0000000B)
    __rt_final_cpp                           0x080001bd   Thumb Code     0  entry10a.o(.ARM.Collect$$$$0000000D)
    __rt_final_exit                          0x080001bd   Thumb Code     0  entry11a.o(.ARM.Collect$$$$0000000F)
    Reset_Handler                            0x080001c1   Thumb Code     8  startup_stm32f427xx.o(.text)
    ADC_IRQHandler                           0x080001db   Thumb Code     0  startup_stm32f427xx.o(.text)
    CAN1_RX1_IRQHandler                      0x080001db   Thumb Code     0  startup_stm32f427xx.o(.text)
    CAN1_SCE_IRQHandler                      0x080001db   Thumb Code     0  startup_stm32f427xx.o(.text)
    CAN2_RX1_IRQHandler                      0x080001db   Thumb Code     0  startup_stm32f427xx.o(.text)
    CAN2_SCE_IRQHandler                      0x080001db   Thumb Code     0  startup_stm32f427xx.o(.text)
    DCMI_IRQHandler                          0x080001db   Thumb Code     0  startup_stm32f427xx.o(.text)
    DMA1_Stream0_IRQHandler                  0x080001db   Thumb Code     0  startup_stm32f427xx.o(.text)
    DMA1_Stream1_IRQHandler                  0x080001db   Thumb Code     0  startup_stm32f427xx.o(.text)
    DMA1_Stream2_IRQHandler                  0x080001db   Thumb Code     0  startup_stm32f427xx.o(.text)
    DMA1_Stream3_IRQHandler                  0x080001db   Thumb Code     0  startup_stm32f427xx.o(.text)
    DMA1_Stream4_IRQHandler                  0x080001db   Thumb Code     0  startup_stm32f427xx.o(.text)
    DMA1_Stream5_IRQHandler                  0x080001db   Thumb Code     0  startup_stm32f427xx.o(.text)
    DMA1_Stream6_IRQHandler                  0x080001db   Thumb Code     0  startup_stm32f427xx.o(.text)
    DMA1_Stream7_IRQHandler                  0x080001db   Thumb Code     0  startup_stm32f427xx.o(.text)
    DMA2D_IRQHandler                         0x080001db   Thumb Code     0  startup_stm32f427xx.o(.text)
    DMA2_Stream0_IRQHandler                  0x080001db   Thumb Code     0  startup_stm32f427xx.o(.text)
    DMA2_Stream1_IRQHandler                  0x080001db   Thumb Code     0  startup_stm32f427xx.o(.text)
    DMA2_Stream3_IRQHandler                  0x080001db   Thumb Code     0  startup_stm32f427xx.o(.text)
    DMA2_Stream4_IRQHandler                  0x080001db   Thumb Code     0  startup_stm32f427xx.o(.text)
    DMA2_Stream5_IRQHandler                  0x080001db   Thumb Code     0  startup_stm32f427xx.o(.text)
    DMA2_Stream6_IRQHandler                  0x080001db   Thumb Code     0  startup_stm32f427xx.o(.text)
    DMA2_Stream7_IRQHandler                  0x080001db   Thumb Code     0  startup_stm32f427xx.o(.text)
    ETH_IRQHandler                           0x080001db   Thumb Code     0  startup_stm32f427xx.o(.text)
    ETH_WKUP_IRQHandler                      0x080001db   Thumb Code     0  startup_stm32f427xx.o(.text)
    EXTI0_IRQHandler                         0x080001db   Thumb Code     0  startup_stm32f427xx.o(.text)
    EXTI15_10_IRQHandler                     0x080001db   Thumb Code     0  startup_stm32f427xx.o(.text)
    EXTI2_IRQHandler                         0x080001db   Thumb Code     0  startup_stm32f427xx.o(.text)
    EXTI3_IRQHandler                         0x080001db   Thumb Code     0  startup_stm32f427xx.o(.text)
    EXTI4_IRQHandler                         0x080001db   Thumb Code     0  startup_stm32f427xx.o(.text)
    EXTI9_5_IRQHandler                       0x080001db   Thumb Code     0  startup_stm32f427xx.o(.text)
    FLASH_IRQHandler                         0x080001db   Thumb Code     0  startup_stm32f427xx.o(.text)
    FMC_IRQHandler                           0x080001db   Thumb Code     0  startup_stm32f427xx.o(.text)
    FPU_IRQHandler                           0x080001db   Thumb Code     0  startup_stm32f427xx.o(.text)
    HASH_RNG_IRQHandler                      0x080001db   Thumb Code     0  startup_stm32f427xx.o(.text)
    I2C1_ER_IRQHandler                       0x080001db   Thumb Code     0  startup_stm32f427xx.o(.text)
    I2C1_EV_IRQHandler                       0x080001db   Thumb Code     0  startup_stm32f427xx.o(.text)
    I2C2_ER_IRQHandler                       0x080001db   Thumb Code     0  startup_stm32f427xx.o(.text)
    I2C2_EV_IRQHandler                       0x080001db   Thumb Code     0  startup_stm32f427xx.o(.text)
    I2C3_ER_IRQHandler                       0x080001db   Thumb Code     0  startup_stm32f427xx.o(.text)
    I2C3_EV_IRQHandler                       0x080001db   Thumb Code     0  startup_stm32f427xx.o(.text)
    OTG_FS_WKUP_IRQHandler                   0x080001db   Thumb Code     0  startup_stm32f427xx.o(.text)
    OTG_HS_EP1_IN_IRQHandler                 0x080001db   Thumb Code     0  startup_stm32f427xx.o(.text)
    OTG_HS_EP1_OUT_IRQHandler                0x080001db   Thumb Code     0  startup_stm32f427xx.o(.text)
    OTG_HS_IRQHandler                        0x080001db   Thumb Code     0  startup_stm32f427xx.o(.text)
    OTG_HS_WKUP_IRQHandler                   0x080001db   Thumb Code     0  startup_stm32f427xx.o(.text)
    PVD_IRQHandler                           0x080001db   Thumb Code     0  startup_stm32f427xx.o(.text)
    RCC_IRQHandler                           0x080001db   Thumb Code     0  startup_stm32f427xx.o(.text)
    RTC_Alarm_IRQHandler                     0x080001db   Thumb Code     0  startup_stm32f427xx.o(.text)
    RTC_WKUP_IRQHandler                      0x080001db   Thumb Code     0  startup_stm32f427xx.o(.text)
    SAI1_IRQHandler                          0x080001db   Thumb Code     0  startup_stm32f427xx.o(.text)
    SDIO_IRQHandler                          0x080001db   Thumb Code     0  startup_stm32f427xx.o(.text)
    SPI1_IRQHandler                          0x080001db   Thumb Code     0  startup_stm32f427xx.o(.text)
    SPI2_IRQHandler                          0x080001db   Thumb Code     0  startup_stm32f427xx.o(.text)
    SPI3_IRQHandler                          0x080001db   Thumb Code     0  startup_stm32f427xx.o(.text)
    SPI4_IRQHandler                          0x080001db   Thumb Code     0  startup_stm32f427xx.o(.text)
    SPI5_IRQHandler                          0x080001db   Thumb Code     0  startup_stm32f427xx.o(.text)
    SPI6_IRQHandler                          0x080001db   Thumb Code     0  startup_stm32f427xx.o(.text)
    TAMP_STAMP_IRQHandler                    0x080001db   Thumb Code     0  startup_stm32f427xx.o(.text)
    TIM1_BRK_TIM9_IRQHandler                 0x080001db   Thumb Code     0  startup_stm32f427xx.o(.text)
    TIM1_CC_IRQHandler                       0x080001db   Thumb Code     0  startup_stm32f427xx.o(.text)
    TIM1_TRG_COM_TIM11_IRQHandler            0x080001db   Thumb Code     0  startup_stm32f427xx.o(.text)
    TIM1_UP_TIM10_IRQHandler                 0x080001db   Thumb Code     0  startup_stm32f427xx.o(.text)
    TIM2_IRQHandler                          0x080001db   Thumb Code     0  startup_stm32f427xx.o(.text)
    TIM4_IRQHandler                          0x080001db   Thumb Code     0  startup_stm32f427xx.o(.text)
    TIM6_DAC_IRQHandler                      0x080001db   Thumb Code     0  startup_stm32f427xx.o(.text)
    TIM7_IRQHandler                          0x080001db   Thumb Code     0  startup_stm32f427xx.o(.text)
    TIM8_BRK_TIM12_IRQHandler                0x080001db   Thumb Code     0  startup_stm32f427xx.o(.text)
    TIM8_CC_IRQHandler                       0x080001db   Thumb Code     0  startup_stm32f427xx.o(.text)
    TIM8_TRG_COM_TIM14_IRQHandler            0x080001db   Thumb Code     0  startup_stm32f427xx.o(.text)
    TIM8_UP_TIM13_IRQHandler                 0x080001db   Thumb Code     0  startup_stm32f427xx.o(.text)
    UART4_IRQHandler                         0x080001db   Thumb Code     0  startup_stm32f427xx.o(.text)
    UART5_IRQHandler                         0x080001db   Thumb Code     0  startup_stm32f427xx.o(.text)
    UART7_IRQHandler                         0x080001db   Thumb Code     0  startup_stm32f427xx.o(.text)
    UART8_IRQHandler                         0x080001db   Thumb Code     0  startup_stm32f427xx.o(.text)
    WWDG_IRQHandler                          0x080001db   Thumb Code     0  startup_stm32f427xx.o(.text)
    __aeabi_memcpy                           0x080001e5   Thumb Code    36  memcpya.o(.text)
    __aeabi_memcpy4                          0x080001e5   Thumb Code     0  memcpya.o(.text)
    __aeabi_memcpy8                          0x080001e5   Thumb Code     0  memcpya.o(.text)
    __aeabi_dadd                             0x08000209   Thumb Code   322  dadd.o(.text)
    __aeabi_dsub                             0x0800034b   Thumb Code     6  dadd.o(.text)
    __aeabi_drsub                            0x08000351   Thumb Code     6  dadd.o(.text)
    __aeabi_dmul                             0x08000357   Thumb Code   228  dmul.o(.text)
    __aeabi_ddiv                             0x0800043b   Thumb Code   222  ddiv.o(.text)
    __aeabi_i2d                              0x08000519   Thumb Code    34  dflti.o(.text)
    __aeabi_d2iz                             0x0800053b   Thumb Code    62  dfixi.o(.text)
    __aeabi_f2d                              0x08000579   Thumb Code    38  f2d.o(.text)
    __aeabi_cdcmpeq                          0x080005a1   Thumb Code     0  cdcmple.o(.text)
    __aeabi_cdcmple                          0x080005a1   Thumb Code    48  cdcmple.o(.text)
    __aeabi_cdrcmple                         0x080005d1   Thumb Code    48  cdrcmple.o(.text)
    __aeabi_d2f                              0x08000601   Thumb Code    56  d2f.o(.text)
    __aeabi_llsl                             0x08000639   Thumb Code    30  llshl.o(.text)
    _ll_shift_l                              0x08000639   Thumb Code     0  llshl.o(.text)
    __aeabi_llsr                             0x08000657   Thumb Code    32  llushr.o(.text)
    _ll_ushift_r                             0x08000657   Thumb Code     0  llushr.o(.text)
    __aeabi_lasr                             0x08000677   Thumb Code    36  llsshr.o(.text)
    _ll_sshift_r                             0x08000677   Thumb Code     0  llsshr.o(.text)
    __I$use$fp                               0x0800069b   Thumb Code     0  iusefp.o(.text)
    _float_round                             0x0800069b   Thumb Code    18  fepilogue.o(.text)
    _float_epilogue                          0x080006ad   Thumb Code    92  fepilogue.o(.text)
    _double_round                            0x08000709   Thumb Code    30  depilogue.o(.text)
    _double_epilogue                         0x08000727   Thumb Code   156  depilogue.o(.text)
    __scatterload                            0x080007c5   Thumb Code    28  init.o(.text)
    __scatterload_rt2                        0x080007c5   Thumb Code     0  init.o(.text)
    __decompress                             0x080007e9   Thumb Code     0  __dczerorl2.o(.text)
    __decompress1                            0x080007e9   Thumb Code    86  __dczerorl2.o(.text)
    BusFault_Handler                         0x0800083f   Thumb Code     4  stm32f4xx_it.o(i.BusFault_Handler)
    CAN1_RX0_IRQHandler                      0x08000845   Thumb Code    10  stm32f4xx_it.o(i.CAN1_RX0_IRQHandler)
    CAN1_TX_IRQHandler                       0x08000855   Thumb Code    10  stm32f4xx_it.o(i.CAN1_TX_IRQHandler)
    CAN2_RX0_IRQHandler                      0x08000865   Thumb Code    10  stm32f4xx_it.o(i.CAN2_RX0_IRQHandler)
    CAN2_TX_IRQHandler                       0x08000875   Thumb Code    10  stm32f4xx_it.o(i.CAN2_TX_IRQHandler)
    CM_ctr                                   0x08000aa5   Thumb Code    42  t_moto.o(i.CM_ctr)
    DMA2_Stream2_IRQHandler                  0x08000ad9   Thumb Code    10  dma.o(i.DMA2_Stream2_IRQHandler)
    DebugMon_Handler                         0x08000c03   Thumb Code     2  stm32f4xx_it.o(i.DebugMon_Handler)
    EXTI1_IRQHandler                         0x08000c05   Thumb Code    10  stm32f4xx_it.o(i.EXTI1_IRQHandler)
    Error_Handler                            0x08000c0f   Thumb Code     4  main.o(i.Error_Handler)
    Gm6623_pitch_ang_ctr                     0x08000c15   Thumb Code    66  t_moto.o(i.Gm6623_pitch_ang_ctr)
    Gm6623_yaw_ang_ctr                       0x08000c65   Thumb Code    64  t_moto.o(i.Gm6623_yaw_ang_ctr)
    HAL_CAN_ConfigFilter                     0x08000cb1   Thumb Code   294  stm32f4xx_hal_can.o(i.HAL_CAN_ConfigFilter)
    HAL_CAN_ErrorCallback                    0x08000ddd   Thumb Code     2  stm32f4xx_hal_can.o(i.HAL_CAN_ErrorCallback)
    HAL_CAN_IRQHandler                       0x08000de1   Thumb Code   446  stm32f4xx_hal_can.o(i.HAL_CAN_IRQHandler)
    HAL_CAN_Init                             0x08000fad   Thumb Code   448  stm32f4xx_hal_can.o(i.HAL_CAN_Init)
    HAL_CAN_MspInit                          0x0800116d   Thumb Code   282  can.o(i.HAL_CAN_MspInit)
    HAL_CAN_Receive_IT                       0x080012a1   Thumb Code   174  stm32f4xx_hal_can.o(i.HAL_CAN_Receive_IT)
    HAL_CAN_RxCpltCallback                   0x08001351   Thumb Code   308  m_moto.o(i.HAL_CAN_RxCpltCallback)
    HAL_CAN_Transmit                         0x08001499   Thumb Code   594  stm32f4xx_hal_can.o(i.HAL_CAN_Transmit)
    HAL_CAN_TxCpltCallback                   0x080016f9   Thumb Code     2  m_moto.o(i.HAL_CAN_TxCpltCallback)
    HAL_DMA_Abort_IT                         0x080016fb   Thumb Code    40  stm32f4xx_hal_dma.o(i.HAL_DMA_Abort_IT)
    HAL_DMA_DeInit                           0x08001723   Thumb Code    98  stm32f4xx_hal_dma.o(i.HAL_DMA_DeInit)
    HAL_DMA_IRQHandler                       0x08001785   Thumb Code   574  stm32f4xx_hal_dma.o(i.HAL_DMA_IRQHandler)
    HAL_DMA_Init                             0x080019cd   Thumb Code   228  stm32f4xx_hal_dma.o(i.HAL_DMA_Init)
    HAL_DMA_Start_IT                         0x08001ab5   Thumb Code   158  stm32f4xx_hal_dma.o(i.HAL_DMA_Start_IT)
    HAL_Delay                                0x08001b53   Thumb Code    26  stm32f4xx_hal.o(i.HAL_Delay)
    HAL_GPIO_EXTI_Callback                   0x08001b6d   Thumb Code     2  stm32f4xx_hal_gpio.o(i.HAL_GPIO_EXTI_Callback)
    HAL_GPIO_EXTI_IRQHandler                 0x08001b71   Thumb Code    24  stm32f4xx_hal_gpio.o(i.HAL_GPIO_EXTI_IRQHandler)
    HAL_GPIO_Init                            0x08001b8d   Thumb Code   486  stm32f4xx_hal_gpio.o(i.HAL_GPIO_Init)
    HAL_GPIO_WritePin                        0x08001da9   Thumb Code    12  stm32f4xx_hal_gpio.o(i.HAL_GPIO_WritePin)
    HAL_GetTick                              0x08001db5   Thumb Code     6  stm32f4xx_hal.o(i.HAL_GetTick)
    HAL_IncTick                              0x08001dc1   Thumb Code    12  stm32f4xx_hal.o(i.HAL_IncTick)
    HAL_Init                                 0x08001dd1   Thumb Code    54  stm32f4xx_hal.o(i.HAL_Init)
    HAL_InitTick                             0x08001e0d   Thumb Code    36  stm32f4xx_hal.o(i.HAL_InitTick)
    HAL_MspInit                              0x08001e35   Thumb Code    86  stm32f4xx_hal_msp.o(i.HAL_MspInit)
    HAL_MultiProcessor_Init                  0x08001e8b   Thumb Code   154  stm32f4xx_hal_uart.o(i.HAL_MultiProcessor_Init)
    HAL_NVIC_EnableIRQ                       0x08001f25   Thumb Code    26  stm32f4xx_hal_cortex.o(i.HAL_NVIC_EnableIRQ)
    HAL_NVIC_SetPriority                     0x08001f3f   Thumb Code   124  stm32f4xx_hal_cortex.o(i.HAL_NVIC_SetPriority)
    HAL_NVIC_SetPriorityGrouping             0x08001fbd   Thumb Code    32  stm32f4xx_hal_cortex.o(i.HAL_NVIC_SetPriorityGrouping)
    HAL_PCD_ConnectCallback                  0x08001fe5   Thumb Code    14  usbd_conf.o(i.HAL_PCD_ConnectCallback)
    HAL_PCD_DataInStageCallback              0x08001ff3   Thumb Code    32  usbd_conf.o(i.HAL_PCD_DataInStageCallback)
    HAL_PCD_DataOutStageCallback             0x08002013   Thumb Code    32  usbd_conf.o(i.HAL_PCD_DataOutStageCallback)
    HAL_PCD_DisconnectCallback               0x08002033   Thumb Code    14  usbd_conf.o(i.HAL_PCD_DisconnectCallback)
    HAL_PCD_EP_ClrStall                      0x08002041   Thumb Code   104  stm32f4xx_hal_pcd.o(i.HAL_PCD_EP_ClrStall)
    HAL_PCD_EP_Open                          0x080020a9   Thumb Code   140  stm32f4xx_hal_pcd.o(i.HAL_PCD_EP_Open)
    HAL_PCD_EP_Receive                       0x08002135   Thumb Code   120  stm32f4xx_hal_pcd.o(i.HAL_PCD_EP_Receive)
    HAL_PCD_EP_SetStall                      0x080021ad   Thumb Code   122  stm32f4xx_hal_pcd.o(i.HAL_PCD_EP_SetStall)
    HAL_PCD_EP_Transmit                      0x08002227   Thumb Code   122  stm32f4xx_hal_pcd.o(i.HAL_PCD_EP_Transmit)
    HAL_PCD_IRQHandler                       0x080022a1   Thumb Code  1642  stm32f4xx_hal_pcd.o(i.HAL_PCD_IRQHandler)
    HAL_PCD_ISOINIncompleteCallback          0x08002935   Thumb Code    18  usbd_conf.o(i.HAL_PCD_ISOINIncompleteCallback)
    HAL_PCD_ISOOUTIncompleteCallback         0x08002947   Thumb Code    18  usbd_conf.o(i.HAL_PCD_ISOOUTIncompleteCallback)
    HAL_PCD_ResetCallback                    0x08002959   Thumb Code    50  usbd_conf.o(i.HAL_PCD_ResetCallback)
    HAL_PCD_ResumeCallback                   0x0800298b   Thumb Code    14  usbd_conf.o(i.HAL_PCD_ResumeCallback)
    HAL_PCD_SOFCallback                      0x08002999   Thumb Code    14  usbd_conf.o(i.HAL_PCD_SOFCallback)
    HAL_PCD_SetAddress                       0x080029a7   Thumb Code    50  stm32f4xx_hal_pcd.o(i.HAL_PCD_SetAddress)
    HAL_PCD_SetupStageCallback               0x080029d9   Thumb Code    18  usbd_conf.o(i.HAL_PCD_SetupStageCallback)
    HAL_PCD_SuspendCallback                  0x080029ed   Thumb Code    46  usbd_conf.o(i.HAL_PCD_SuspendCallback)
    HAL_RCC_ClockConfig                      0x08002a21   Thumb Code   446  stm32f4xx_hal_rcc.o(i.HAL_RCC_ClockConfig)
    HAL_RCC_GetHCLKFreq                      0x08002bf1   Thumb Code     6  stm32f4xx_hal_rcc.o(i.HAL_RCC_GetHCLKFreq)
    HAL_RCC_GetPCLK1Freq                     0x08002bfd   Thumb Code    36  stm32f4xx_hal_rcc.o(i.HAL_RCC_GetPCLK1Freq)
    HAL_RCC_GetPCLK2Freq                     0x08002c29   Thumb Code    36  stm32f4xx_hal_rcc.o(i.HAL_RCC_GetPCLK2Freq)
    HAL_RCC_GetSysClockFreq                  0x08002c55   Thumb Code   168  stm32f4xx_hal_rcc.o(i.HAL_RCC_GetSysClockFreq)
    HAL_RCC_OscConfig                        0x08002d09   Thumb Code   906  stm32f4xx_hal_rcc.o(i.HAL_RCC_OscConfig)
    HAL_SPI_Init                             0x080030a5   Thumb Code   140  stm32f4xx_hal_spi.o(i.HAL_SPI_Init)
    HAL_SPI_MspInit                          0x08003131   Thumb Code    80  spi.o(i.HAL_SPI_MspInit)
    HAL_SPI_TransmitReceive                  0x0800318d   Thumb Code   542  stm32f4xx_hal_spi.o(i.HAL_SPI_TransmitReceive)
    HAL_SYSTICK_CLKSourceConfig              0x080033ab   Thumb Code    40  stm32f4xx_hal_cortex.o(i.HAL_SYSTICK_CLKSourceConfig)
    HAL_SYSTICK_Callback                     0x080033d3   Thumb Code     2  stm32f4xx_hal_cortex.o(i.HAL_SYSTICK_Callback)
    HAL_SYSTICK_Config                       0x080033d5   Thumb Code    52  stm32f4xx_hal_cortex.o(i.HAL_SYSTICK_Config)
    HAL_SYSTICK_IRQHandler                   0x08003409   Thumb Code     8  stm32f4xx_hal_cortex.o(i.HAL_SYSTICK_IRQHandler)
    HAL_TIMEx_BreakCallback                  0x08003411   Thumb Code     2  stm32f4xx_hal_tim_ex.o(i.HAL_TIMEx_BreakCallback)
    HAL_TIMEx_CommutationCallback            0x08003413   Thumb Code     2  stm32f4xx_hal_tim_ex.o(i.HAL_TIMEx_CommutationCallback)
    HAL_TIMEx_MasterConfigSynchronization    0x08003415   Thumb Code    98  stm32f4xx_hal_tim_ex.o(i.HAL_TIMEx_MasterConfigSynchronization)
    HAL_TIM_Base_Init                        0x08003477   Thumb Code    52  stm32f4xx_hal_tim.o(i.HAL_TIM_Base_Init)
    HAL_TIM_Base_MspInit                     0x080034ad   Thumb Code   344  tim.o(i.HAL_TIM_Base_MspInit)
    HAL_TIM_Base_Start_IT                    0x08003621   Thumb Code    30  stm32f4xx_hal_tim.o(i.HAL_TIM_Base_Start_IT)
    HAL_TIM_ConfigClockSource                0x0800363f   Thumb Code   306  stm32f4xx_hal_tim.o(i.HAL_TIM_ConfigClockSource)
    HAL_TIM_IC_CaptureCallback               0x08003771   Thumb Code     2  stm32f4xx_hal_tim.o(i.HAL_TIM_IC_CaptureCallback)
    HAL_TIM_IRQHandler                       0x08003773   Thumb Code   406  stm32f4xx_hal_tim.o(i.HAL_TIM_IRQHandler)
    HAL_TIM_MspPostInit                      0x08003909   Thumb Code   256  tim.o(i.HAL_TIM_MspPostInit)
    HAL_TIM_OC_DelayElapsedCallback          0x08003a31   Thumb Code     2  stm32f4xx_hal_tim.o(i.HAL_TIM_OC_DelayElapsedCallback)
    HAL_TIM_PWM_ConfigChannel                0x08003a33   Thumb Code   264  stm32f4xx_hal_tim.o(i.HAL_TIM_PWM_ConfigChannel)
    HAL_TIM_PWM_Init                         0x08003b3b   Thumb Code    52  stm32f4xx_hal_tim.o(i.HAL_TIM_PWM_Init)
    HAL_TIM_PWM_MspInit                      0x08003b71   Thumb Code   106  tim.o(i.HAL_TIM_PWM_MspInit)
    HAL_TIM_PWM_PulseFinishedCallback        0x08003be5   Thumb Code     2  stm32f4xx_hal_tim.o(i.HAL_TIM_PWM_PulseFinishedCallback)
    HAL_TIM_PWM_Start                        0x08003be9   Thumb Code    68  stm32f4xx_hal_tim.o(i.HAL_TIM_PWM_Start)
    HAL_TIM_PeriodElapsedCallback            0x08003c35   Thumb Code   404  control.o(i.HAL_TIM_PeriodElapsedCallback)
    HAL_TIM_TriggerCallback                  0x08003e01   Thumb Code     2  stm32f4xx_hal_tim.o(i.HAL_TIM_TriggerCallback)
    HAL_UART_ErrorCallback                   0x08003e03   Thumb Code     2  stm32f4xx_hal_uart.o(i.HAL_UART_ErrorCallback)
    HAL_UART_IRQHandler                      0x08003e05   Thumb Code   326  stm32f4xx_hal_uart.o(i.HAL_UART_IRQHandler)
    HAL_UART_MspInit                         0x08003f51   Thumb Code   348  usart.o(i.HAL_UART_MspInit)
    HAL_UART_Receive_DMA                     0x080040cd   Thumb Code   154  stm32f4xx_hal_uart.o(i.HAL_UART_Receive_DMA)
    HAL_UART_Receive_IT                      0x08004175   Thumb Code   100  stm32f4xx_hal_uart.o(i.HAL_UART_Receive_IT)
    HAL_UART_RxCpltCallback                  0x080041d9   Thumb Code    74  control.o(i.HAL_UART_RxCpltCallback)
    HAL_UART_RxHalfCpltCallback              0x08004241   Thumb Code     2  stm32f4xx_hal_uart.o(i.HAL_UART_RxHalfCpltCallback)
    HAL_UART_Transmit                        0x08004243   Thumb Code   214  stm32f4xx_hal_uart.o(i.HAL_UART_Transmit)
    HAL_UART_TxCpltCallback                  0x08004319   Thumb Code     2  stm32f4xx_hal_uart.o(i.HAL_UART_TxCpltCallback)
    HardFault_Handler                        0x0800431b   Thumb Code     4  stm32f4xx_it.o(i.HardFault_Handler)
    IMU_Get_Data                             0x08004321   Thumb Code   260  m_imu.o(i.IMU_Get_Data)
    MPU6500_Init                             0x0800442d   Thumb Code    74  m_imu.o(i.MPU6500_Init)
    MPU6500_Read_Reg                         0x08004481   Thumb Code    68  m_imu.o(i.MPU6500_Read_Reg)
    MPU6500_Read_Regs                        0x080044d5   Thumb Code    80  m_imu.o(i.MPU6500_Read_Regs)
    MPU6500_Write_Reg                        0x08004539   Thumb Code    72  m_imu.o(i.MPU6500_Write_Reg)
    MPUDataProcess                           0x08004591   Thumb Code   884  mpu6050.o(i.MPUDataProcess)
    MX_CAN1_Init                             0x08004949   Thumb Code    60  can.o(i.MX_CAN1_Init)
    MX_GPIO_Init                             0x0800498d   Thumb Code   412  gpio.o(i.MX_GPIO_Init)
    MX_SPI5_Init                             0x08004b41   Thumb Code    60  spi.o(i.MX_SPI5_Init)
    MX_TIM2_Init                             0x08004b85   Thumb Code   184  tim.o(i.MX_TIM2_Init)
    MX_USART1_UART_Init                      0x08004c41   Thumb Code    52  usart.o(i.MX_USART1_UART_Init)
    MX_USART2_UART_Init                      0x08004c81   Thumb Code    50  usart.o(i.MX_USART2_UART_Init)
    MX_USART3_UART_Init                      0x08004cbd   Thumb Code    50  usart.o(i.MX_USART3_UART_Init)
    MX_USART6_UART_Init                      0x08004cf9   Thumb Code    50  usart.o(i.MX_USART6_UART_Init)
    MYDMA_Config                             0x08004d35   Thumb Code   178  dma.o(i.MYDMA_Config)
    MemManage_Handler                        0x08004df9   Thumb Code     4  stm32f4xx_it.o(i.MemManage_Handler)
    NMI_Handler                              0x08004dfd   Thumb Code     2  stm32f4xx_it.o(i.NMI_Handler)
    OTG_FS_IRQHandler                        0x08004e39   Thumb Code    10  stm32f4xx_it.o(i.OTG_FS_IRQHandler)
    PID_struct_init                          0x08004eed   Thumb Code    70  pid.o(i.PID_struct_init)
    PendSV_Handler                           0x08004f3d   Thumb Code     2  stm32f4xx_it.o(i.PendSV_Handler)
    RemoteDataProcess                        0x08004f41   Thumb Code   186  m_remote.o(i.RemoteDataProcess)
    SVC_Handler                              0x080050d3   Thumb Code     2  stm32f4xx_it.o(i.SVC_Handler)
    Set_3508_current                         0x080050d5   Thumb Code    96  m_moto.o(i.Set_3508_current)
    Set_6623_current                         0x08005135   Thumb Code    96  m_moto.o(i.Set_6623_current)
    SysTick_Handler                          0x08005195   Thumb Code    12  stm32f4xx_it.o(i.SysTick_Handler)
    SystemClock_Config                       0x080051a1   Thumb Code   188  main.o(i.SystemClock_Config)
    SystemInit                               0x08005265   Thumb Code    82  system_stm32f4xx.o(i.SystemInit)
    TIM12_PWM_Init                           0x080052c9   Thumb Code   116  tim.o(i.TIM12_PWM_Init)
    TIM3_IRQHandler                          0x0800534d   Thumb Code    10  tim.o(i.TIM3_IRQHandler)
    TIM3_Init                                0x0800535d   Thumb Code    36  tim.o(i.TIM3_Init)
    TIM5_IRQHandler                          0x08005389   Thumb Code    10  tim.o(i.TIM5_IRQHandler)
    TIM5_Init                                0x08005399   Thumb Code    36  tim.o(i.TIM5_Init)
    TIM_Base_SetConfig                       0x080053c5   Thumb Code   184  stm32f4xx_hal_tim.o(i.TIM_Base_SetConfig)
    TIM_CCxChannelCmd                        0x080054a9   Thumb Code    28  stm32f4xx_hal_tim.o(i.TIM_CCxChannelCmd)
    TIM_OC2_SetConfig                        0x08005561   Thumb Code   112  stm32f4xx_hal_tim.o(i.TIM_OC2_SetConfig)
    Tk1DataProcess                           0x08005709   Thumb Code    60  t_tk1.o(i.Tk1DataProcess)
    Toggler_ctr                              0x0800574d   Thumb Code   386  m_toggle.o(i.Toggler_ctr)
    USART1_IRQHandler                        0x08005ef9   Thumb Code    10  usart.o(i.USART1_IRQHandler)
    USART2_IRQHandler                        0x08005f09   Thumb Code    10  usart.o(i.USART2_IRQHandler)
    USART3_IRQHandler                        0x08005f19   Thumb Code    10  usart.o(i.USART3_IRQHandler)
    USART6_IRQHandler                        0x08005f29   Thumb Code    10  stm32f4xx_it.o(i.USART6_IRQHandler)
    USBD_ClrClassConfig                      0x08005f39   Thumb Code    22  usbd_core.o(i.USBD_ClrClassConfig)
    USBD_CtlContinueRx                       0x08005f93   Thumb Code    24  usbd_ioreq.o(i.USBD_CtlContinueRx)
    USBD_CtlContinueSendData                 0x08005fab   Thumb Code    24  usbd_ioreq.o(i.USBD_CtlContinueSendData)
    USBD_CtlError                            0x08005fc3   Thumb Code    24  usbd_ctlreq.o(i.USBD_CtlError)
    USBD_CtlReceiveStatus                    0x08005fdb   Thumb Code    26  usbd_ioreq.o(i.USBD_CtlReceiveStatus)
    USBD_CtlSendData                         0x08005ff5   Thumb Code    34  usbd_ioreq.o(i.USBD_CtlSendData)
    USBD_CtlSendStatus                       0x08006017   Thumb Code    26  usbd_ioreq.o(i.USBD_CtlSendStatus)
    USBD_LL_ClearStallEP                     0x0800620d   Thumb Code    20  usbd_conf.o(i.USBD_LL_ClearStallEP)
    USBD_LL_DataInStage                      0x08006221   Thumb Code   218  usbd_core.o(i.USBD_LL_DataInStage)
    USBD_LL_DataOutStage                     0x080062fb   Thumb Code   134  usbd_core.o(i.USBD_LL_DataOutStage)
    USBD_LL_DevConnected                     0x08006381   Thumb Code     6  usbd_core.o(i.USBD_LL_DevConnected)
    USBD_LL_DevDisconnected                  0x08006387   Thumb Code    26  usbd_core.o(i.USBD_LL_DevDisconnected)
    USBD_LL_IsStallEP                        0x080063a1   Thumb Code    56  usbd_conf.o(i.USBD_LL_IsStallEP)
    USBD_LL_IsoINIncomplete                  0x080063d9   Thumb Code     6  usbd_core.o(i.USBD_LL_IsoINIncomplete)
    USBD_LL_IsoOUTIncomplete                 0x080063df   Thumb Code     6  usbd_core.o(i.USBD_LL_IsoOUTIncomplete)
    USBD_LL_OpenEP                           0x080063e5   Thumb Code    32  usbd_conf.o(i.USBD_LL_OpenEP)
    USBD_LL_PrepareReceive                   0x08006405   Thumb Code    32  usbd_conf.o(i.USBD_LL_PrepareReceive)
    USBD_LL_Reset                            0x08006425   Thumb Code    68  usbd_core.o(i.USBD_LL_Reset)
    USBD_LL_Resume                           0x08006469   Thumb Code    14  usbd_core.o(i.USBD_LL_Resume)
    USBD_LL_SOF                              0x08006477   Thumb Code    34  usbd_core.o(i.USBD_LL_SOF)
    USBD_LL_SetSpeed                         0x08006499   Thumb Code     8  usbd_core.o(i.USBD_LL_SetSpeed)
    USBD_LL_SetUSBAddress                    0x080064a1   Thumb Code    20  usbd_conf.o(i.USBD_LL_SetUSBAddress)
    USBD_LL_SetupStage                       0x080064b5   Thumb Code   110  usbd_core.o(i.USBD_LL_SetupStage)
    USBD_LL_StallEP                          0x08006523   Thumb Code    20  usbd_conf.o(i.USBD_LL_StallEP)
    USBD_LL_Suspend                          0x08006537   Thumb Code    20  usbd_core.o(i.USBD_LL_Suspend)
    USBD_LL_Transmit                         0x0800654b   Thumb Code    32  usbd_conf.o(i.USBD_LL_Transmit)
    USBD_ParseSetupRequest                   0x0800656b   Thumb Code    40  usbd_ctlreq.o(i.USBD_ParseSetupRequest)
    USBD_RunTestMode                         0x08006593   Thumb Code     6  usbd_core.o(i.USBD_RunTestMode)
    USBD_SetClassConfig                      0x080065ed   Thumb Code    34  usbd_core.o(i.USBD_SetClassConfig)
    USBD_StdDevReq                           0x08006715   Thumb Code   114  usbd_ctlreq.o(i.USBD_StdDevReq)
    USBD_StdEPReq                            0x08006787   Thumb Code   342  usbd_ctlreq.o(i.USBD_StdEPReq)
    USBD_StdItfReq                           0x080068dd   Thumb Code    74  usbd_ctlreq.o(i.USBD_StdItfReq)
    USB_ActivateEndpoint                     0x08006929   Thumb Code   192  stm32f4xx_ll_usb.o(i.USB_ActivateEndpoint)
    USB_ActivateSetup                        0x080069ed   Thumb Code    68  stm32f4xx_ll_usb.o(i.USB_ActivateSetup)
    USB_EP0StartXfer                         0x08006a31   Thumb Code   426  stm32f4xx_ll_usb.o(i.USB_EP0StartXfer)
    USB_EP0_OutStart                         0x08006be1   Thumb Code    68  stm32f4xx_ll_usb.o(i.USB_EP0_OutStart)
    USB_EPClearStall                         0x08006c25   Thumb Code   136  stm32f4xx_ll_usb.o(i.USB_EPClearStall)
    USB_EPSetStall                           0x08006cad   Thumb Code   140  stm32f4xx_ll_usb.o(i.USB_EPSetStall)
    USB_EPStartXfer                          0x08006d39   Thumb Code   714  stm32f4xx_ll_usb.o(i.USB_EPStartXfer)
    USB_FlushTxFifo                          0x08007009   Thumb Code    44  stm32f4xx_ll_usb.o(i.USB_FlushTxFifo)
    USB_GetDevSpeed                          0x08007039   Thumb Code    68  stm32f4xx_ll_usb.o(i.USB_GetDevSpeed)
    USB_GetMode                              0x0800707d   Thumb Code    10  stm32f4xx_ll_usb.o(i.USB_GetMode)
    USB_ReadDevAllInEpInterrupt              0x08007087   Thumb Code    18  stm32f4xx_ll_usb.o(i.USB_ReadDevAllInEpInterrupt)
    USB_ReadDevAllOutEpInterrupt             0x08007099   Thumb Code    18  stm32f4xx_ll_usb.o(i.USB_ReadDevAllOutEpInterrupt)
    USB_ReadDevInEPInterrupt                 0x080070ab   Thumb Code    44  stm32f4xx_ll_usb.o(i.USB_ReadDevInEPInterrupt)
    USB_ReadDevOutEPInterrupt                0x080070d7   Thumb Code    22  stm32f4xx_ll_usb.o(i.USB_ReadDevOutEPInterrupt)
    USB_ReadInterrupts                       0x080070ed   Thumb Code    12  stm32f4xx_ll_usb.o(i.USB_ReadInterrupts)
    USB_ReadPacket                           0x080070f9   Thumb Code    34  stm32f4xx_ll_usb.o(i.USB_ReadPacket)
    USB_SetDevAddress                        0x0800711b   Thumb Code    36  stm32f4xx_ll_usb.o(i.USB_SetDevAddress)
    USB_WritePacket                          0x0800713f   Thumb Code    48  stm32f4xx_ll_usb.o(i.USB_WritePacket)
    UsageFault_Handler                       0x0800716f   Thumb Code     4  stm32f4xx_it.o(i.UsageFault_Handler)
    __scatterload_copy                       0x08007173   Thumb Code    14  handlers.o(i.__scatterload_copy)
    __scatterload_null                       0x08007181   Thumb Code     2  handlers.o(i.__scatterload_null)
    __scatterload_zeroinit                   0x08007183   Thumb Code    14  handlers.o(i.__scatterload_zeroinit)
    abs_limit                                0x08007191   Thumb Code    46  pid.o(i.abs_limit)
    all_bsp_init                             0x080071c1   Thumb Code   242  main.o(i.all_bsp_init)
    all_pid_init                             0x080072e5   Thumb Code   458  main.o(i.all_pid_init)
    cm_follow                                0x08007575   Thumb Code   176  t_moto.o(i.cm_follow)
    cm_spd_ctr                               0x08007639   Thumb Code    68  t_moto.o(i.cm_spd_ctr)
    cm_spd_slop_ctr                          0x08007689   Thumb Code    74  t_moto.o(i.cm_spd_slop_ctr)
    cm_unfollow                              0x080076d9   Thumb Code    50  t_moto.o(i.cm_unfollow)
    ctrcmsqin                                0x08007715   Thumb Code   336  t_remote.o(i.ctrcmsqin)
    get_moto_measure                         0x0800788d   Thumb Code   116  m_moto.o(i.get_moto_measure)
    get_moto_offset                          0x08007901   Thumb Code    20  m_moto.o(i.get_moto_offset)
    km_au_pit_ctr                            0x08007915   Thumb Code   326  t_moto.o(i.km_au_pit_ctr)
    km_au_yaw_ctr                            0x08007aa5   Thumb Code   394  t_moto.o(i.km_au_yaw_ctr)
    km_egg_yaw_ctr                           0x08007c79   Thumb Code    66  t_moto.o(i.km_egg_yaw_ctr)
    km_nor_pit_ctr                           0x08007cd5   Thumb Code   368  t_moto.o(i.km_nor_pit_ctr)
    km_nor_yaw_ctr                           0x08007e8d   Thumb Code   436  t_moto.o(i.km_nor_yaw_ctr)
    main                                     0x08008091   Thumb Code    52  main.o(i.main)
    mcu_task                                 0x080080d5   Thumb Code    32  mcu_task.o(i.mcu_task)
    mkallrun                                 0x08008101   Thumb Code   324  t_remote.o(i.mkallrun)
    mkfollow                                 0x08008255   Thumb Code    86  t_remote.o(i.mkfollow)
    mknormal                                 0x080082c1   Thumb Code   142  t_remote.o(i.mknormal)
    mkseparate                               0x08008365   Thumb Code   106  t_remote.o(i.mkseparate)
    mktotalrun                               0x080083e5   Thumb Code   284  t_remote.o(i.mktotalrun)
    mousekeycontrolprocess                   0x08008515   Thumb Code    30  t_remote.o(i.mousekeycontrolprocess)
    my_can_filter_init_recv_all              0x08008539   Thumb Code    88  can.o(i.my_can_filter_init_recv_all)
    pid_calc                                 0x080085a9   Thumb Code   528  pid.o(i.pid_calc)
    pid_calc_pitch_angle                     0x080087bd   Thumb Code   614  pid.o(i.pid_calc_pitch_angle)
    pid_follow_calc                          0x08008a31   Thumb Code   216  pid.o(i.pid_follow_calc)
    pid_reset                                0x08008b21   Thumb Code    14  pid.o(i.pid_reset)
    readkey                                  0x08008b31   Thumb Code   354  t_remote.o(i.readkey)
    shoot                                    0x08008c99   Thumb Code   136  t_remote.o(i.shoot)
    toggle_heat_ctr                          0x08008d35   Thumb Code   158  t_toggle.o(i.toggle_heat_ctr)
    APBAHBPrescTable                         0x08008de4   Data          16  stm32f4xx_hal_rcc.o(.constdata)
    Region$$Table$$Base                      0x08008e10   Number         0  anon$$obj.o(Region$$Table)
    Region$$Table$$Limit                     0x08008e30   Number         0  anon$$obj.o(Region$$Table)
    uwTick                                   0x20000000   Data           4  stm32f4xx_hal.o(.data)
    SystemCoreClock                          0x20000008   Data           4  system_stm32f4xx.o(.data)
    uart2_rx_buff                            0x2000000c   Data           7  control.o(.data)
    timeof2312                               0x20000014   Data           2  control.o(.data)
    timeof_selfrun                           0x20000018   Data           4  control.o(.data)
    stateof_selfsun                          0x2000001c   Data           2  control.o(.data)
    en_flagof2312                            0x2000001e   Data           1  control.o(.data)
    offset_pitch                             0x20000020   Data           4  control.o(.data)
    Gm6623_pit_ang_set                       0x20000028   Data           4  t_moto.o(.data)
    Gm6623_pit_spd_set                       0x2000002c   Data           4  t_moto.o(.data)
    Gm6623_pit_ang_offset                    0x20000030   Data           4  t_moto.o(.data)
    Gm6623_yaw_ang_set                       0x20000034   Data           4  t_moto.o(.data)
    Gm6623_yaw_spd_set                       0x20000038   Data           4  t_moto.o(.data)
    Gm6623_yaw_ang_give                      0x2000003c   Data           4  t_moto.o(.data)
    yaw6623_AngleAdjust                      0x20000040   Data           4  t_moto.o(.data)
    yawimu_AngleAdjust                       0x20000044   Data           4  t_moto.o(.data)
    pitimu_AngleAdjust                       0x20000048   Data           4  t_moto.o(.data)
    autu_Gm6623_yaw_ang_set                  0x2000004c   Data           4  t_moto.o(.data)
    autu_yaw6623_AngleAdjust                 0x20000050   Data           4  t_moto.o(.data)
    autu_yawimu_AngleAdjust                  0x20000054   Data           4  t_moto.o(.data)
    autu_Gm6623_pit_ang_set                  0x20000058   Data           4  t_moto.o(.data)
    autu_pit6623_AngleAdjust                 0x2000005c   Data           4  t_moto.o(.data)
    autu_pitimu_AngleAdjust                  0x20000060   Data           4  t_moto.o(.data)
    err                                      0x20000064   Data           4  t_moto.o(.data)
    offset                                   0x20000068   Data           4  t_moto.o(.data)
    km_nor_yaw_temang                        0x20000070   Data           8  t_moto.o(.data)
    km_nor_yaw_ang_fb                        0x20000078   Data           8  t_moto.o(.data)
    km_nor_yaw_ang_set                       0x20000080   Data           8  t_moto.o(.data)
    km_nor_yaw_spd_fb                        0x20000088   Data           8  t_moto.o(.data)
    km_nor_pit_temang                        0x20000090   Data           8  t_moto.o(.data)
    km_nor_pit_ang_fb                        0x20000098   Data           8  t_moto.o(.data)
    km_nor_pit_ang_set                       0x200000a0   Data           8  t_moto.o(.data)
    km_nor_pit_spd_fb                        0x200000a8   Data           8  t_moto.o(.data)
    slop                                     0x200000b0   Data           4  t_moto.o(.data)
    NowAngle                                 0x200000b4   Data           4  t_moto.o(.data)
    C_Filter_speed_pitch                     0x200000b8   Data           4  t_moto.o(.data)
    C_Filter_angle_pitch                     0x200000bc   Data           4  t_moto.o(.data)
    SiQu_mouse_y                             0x200000c0   Data           2  t_moto.o(.data)
    k_mouse_y                                0x200000c4   Data           4  t_moto.o(.data)
    up                                       0x200000c8   Data           2  t_moto.o(.data)
    down                                     0x200000ca   Data           2  t_moto.o(.data)
    km_nor_pit_angle_set                     0x200000cc   Data           4  t_moto.o(.data)
    km_nor_pit_angle_set_temp                0x200000d0   Data           4  t_moto.o(.data)
    C_Filter_speed_yaw                       0x200000d4   Data           4  t_moto.o(.data)
    C_Filter_angle_yaw                       0x200000d8   Data           4  t_moto.o(.data)
    SiQu_mouse_x                             0x200000dc   Data           2  t_moto.o(.data)
    k_mouse_x                                0x200000e0   Data           4  t_moto.o(.data)
    inputmode                                0x20000100   Data           1  t_remote.o(.data)
    leftsidemode                             0x20000101   Data           1  t_remote.o(.data)
    mousekeymode                             0x20000102   Data           1  t_remote.o(.data)
    mousekeynormode                          0x20000103   Data           1  t_remote.o(.data)
    follow_flag                              0x20000104   Data           2  t_remote.o(.data)
    Rub2323_spd                              0x20000108   Data           4  t_remote.o(.data)
    yaw_tk1_angle                            0x2000010c   Data           4  t_remote.o(.data)
    mousekey_spd                             0x20000110   Data          24  t_remote.o(.data)
    shiftcount                               0x20000128   Data           2  t_remote.o(.data)
    press2count                              0x2000012a   Data           2  t_remote.o(.data)
    shootflag                                0x2000012c   Data           1  t_remote.o(.data)
    usetogger                                0x2000012d   Data           1  t_remote.o(.data)
    usedtogger                               0x2000012e   Data           1  t_remote.o(.data)
    rebackflag                               0x20000130   Data           2  t_remote.o(.data)
    angorspd                                 0x20000132   Data           2  t_remote.o(.data)
    autuaim_flag                             0x20000140   Data           1  t_tk1.o(.data)
    autuang_limit                            0x20000141   Data           1  t_tk1.o(.data)
    USART_RX_STA                             0x20000142   Data           2  t_tk1.o(.data)
    Tk1pointang                              0x20000144   Data           6  t_tk1.o(.data)
    shootnum                                 0x2000014c   Data           2  t_toggle.o(.data)
    mcu_data                                 0x20000154   Data           4  mcu_task.o(.data)
    eggflag                                  0x20000158   Data           1  mcu_task.o(.data)
    mpuT                                     0x2000015c   Data           4  mpu6050.o(.data)
    P_3508_ang                               0x20000160   Data           4  pid.o(.data)
    I_3508_ang                               0x20000164   Data           4  pid.o(.data)
    D_3508_ang                               0x20000168   Data           4  pid.o(.data)
    P_3508_spd                               0x2000016c   Data           4  pid.o(.data)
    I_3508_spd                               0x20000170   Data           4  pid.o(.data)
    D_3508_spd                               0x20000174   Data           4  pid.o(.data)
    P_Follow                                 0x20000178   Data           4  pid.o(.data)
    I_Follow                                 0x2000017c   Data           4  pid.o(.data)
    D_Follow                                 0x20000180   Data           4  pid.o(.data)
    P_6623_yaw_ang                           0x20000184   Data           4  pid.o(.data)
    I_6623_yaw_ang                           0x20000188   Data           4  pid.o(.data)
    D_6623_yaw_ang                           0x2000018c   Data           4  pid.o(.data)
    P_6623_yaw_spd                           0x20000190   Data           4  pid.o(.data)
    I_6623_yaw_spd                           0x20000194   Data           4  pid.o(.data)
    D_6623_yaw_spd                           0x20000198   Data           4  pid.o(.data)
    P_autu_6623_yaw_ang                      0x2000019c   Data           4  pid.o(.data)
    I_autu_6623_yaw_ang                      0x200001a0   Data           4  pid.o(.data)
    D_autu_6623_yaw_ang                      0x200001a4   Data           4  pid.o(.data)
    P_6623_pit_ang                           0x200001a8   Data           4  pid.o(.data)
    I_6623_pit_ang                           0x200001ac   Data           4  pid.o(.data)
    D_6623_pit_ang                           0x200001b0   Data           4  pid.o(.data)
    P_6623_pit_spd                           0x200001b4   Data           4  pid.o(.data)
    I_6623_pit_spd                           0x200001b8   Data           4  pid.o(.data)
    D_6623_pit_spd                           0x200001bc   Data           4  pid.o(.data)
    autu_P_6623_pit_ang                      0x200001c0   Data           4  pid.o(.data)
    autu_I_6623_pit_ang                      0x200001c4   Data           4  pid.o(.data)
    autu_D_6623_pit_ang                      0x200001c8   Data           4  pid.o(.data)
    P_tog_ang                                0x200001cc   Data           4  pid.o(.data)
    I_tog_ang                                0x200001d0   Data           4  pid.o(.data)
    D_tog_ang                                0x200001d4   Data           4  pid.o(.data)
    P_tog_spd                                0x200001d8   Data           4  pid.o(.data)
    I_tog_spd                                0x200001dc   Data           4  pid.o(.data)
    D_tog_spd                                0x200001e0   Data           4  pid.o(.data)
    modeswitch_flag                          0x200001e4   Data           6  m_remote.o(.data)
    setrunof2312                             0x200001ea   Data           2  m_remote.o(.data)
    Toggler_ang_set                          0x200001ec   Data           4  m_toggle.o(.data)
    speedtest                                0x200001f0   Data           4  m_toggle.o(.data)
    Toggler_working_time                     0x200001f4   Data           4  m_toggle.o(.data)
    Backangle                                0x200001f8   Data           4  m_toggle.o(.data)
    error1                                   0x200001fc   Data           4  m_toggle.o(.data)
    error2                                   0x20000200   Data           4  m_toggle.o(.data)
    TimeCount_shoot                          0x20000204   Data           2  m_toggle.o(.data)
    MPU_id                                   0x20000206   Data           1  m_imu.o(.data)
    i                                        0x2000021c   Data           1  m_moto.o(.data)
    ZGyroModuleAngle                         0x20000220   Data           4  m_moto.o(.data)
    uart1_rx_buff                            0x20000228   Data          18  control.o(.bss)
    uart6_rx_buff                            0x2000023a   Data          44  control.o(.bss)
    Cm3508_spd_get                           0x20000268   Data          16  t_moto.o(.bss)
    Cm3508_spd_xset                          0x20000278   Data          16  t_moto.o(.bss)
    Cm3508_spd_yset                          0x20000288   Data          16  t_moto.o(.bss)
    Cm3505_spd_sqin                          0x20000298   Data          16  t_moto.o(.bss)
    Cm3508_spd_set                           0x200002a8   Data          16  t_moto.o(.bss)
    Cm3508_total_set                         0x200002b8   Data          16  t_moto.o(.bss)
    Cm3508_ang_set                           0x200002c8   Data          16  t_moto.o(.bss)
    follow_6623yaw_imu_data                  0x200002d8   Data          24  t_moto.o(.bss)
    autu_6623yaw_imu_data                    0x200002f0   Data          24  t_moto.o(.bss)
    KeyBoard                                 0x20000308   Data          16  t_remote.o(.bss)
    uart2_rx_bytes                           0x20000318   Data          16  t_tk1.o(.bss)
    uart3_rx_buff                            0x20000328   Data          22  mpu6050.o(.bss)
    mpua                                     0x20000340   Data          12  mpu6050.o(.bss)
    mpuw                                     0x2000034c   Data          12  mpu6050.o(.bss)
    mpuang                                   0x20000358   Data          12  mpu6050.o(.bss)
    Power_pid                                0x20000364   Data         112  pid.o(.bss)
    Cmsqinspd                                0x200003d4   Data         112  pid.o(.bss)
    Cm3508_spd_pid                           0x20000444   Data         672  pid.o(.bss)
    Cm3508_ang_pid                           0x200006e4   Data         448  pid.o(.bss)
    Gm6623_pit_ang_pid                       0x200008a4   Data         112  pid.o(.bss)
    Gm6623_pit_spd_pid                       0x20000914   Data         112  pid.o(.bss)
    Gm6623_yaw_ang_pid                       0x20000984   Data         112  pid.o(.bss)
    Gm6623_yaw_spd_pid                       0x200009f4   Data         112  pid.o(.bss)
    autu_Gm6623_yaw_ang_pid                  0x20000a64   Data         112  pid.o(.bss)
    autu_Gm6623_pit_ang_pid                  0x20000ad4   Data         112  pid.o(.bss)
    autu_Gm6623_yaw_spd_pid                  0x20000b44   Data         112  pid.o(.bss)
    pid_Toggler_ang                          0x20000bb4   Data         112  pid.o(.bss)
    pid_Toggler_spd                          0x20000c24   Data         112  pid.o(.bss)
    Toggler_spd_pid                          0x20000c94   Data         112  pid.o(.bss)
    pid_yaw_Iner                             0x20000d04   Data         112  pid.o(.bss)
    pid_pit_Iner                             0x20000d74   Data         112  pid.o(.bss)
    Follw_3508_pid                           0x20000de4   Data         112  pid.o(.bss)
    Gm6623_yaw_ang_pid_slow                  0x20000e54   Data         112  pid.o(.bss)
    Gm6623_yaw_ang_pid_quick                 0x20000ec4   Data         112  pid.o(.bss)
    Gm6623_pit_ang_pid_slow                  0x20000f34   Data         112  pid.o(.bss)
    Gm6623_pit_ang_pid_quick                 0x20000fa4   Data         112  pid.o(.bss)
    pid_omg                                  0x20001014   Data         112  pid.o(.bss)
    pid_pos                                  0x20001084   Data         112  pid.o(.bss)
    pid_spd                                  0x200010f4   Data         448  pid.o(.bss)
    sbus_rx_buffer                           0x200012b4   Data          36  m_remote.o(.bss)
    RC_CtrlData                              0x200012d8   Data          20  m_remote.o(.bss)
    ReadData                                 0x200012ec   Data          28  m_protocol.o(.bss)
    imu_data                                 0x20001308   Data          64  m_imu.o(.bss)
    imu_data_offest                          0x20001348   Data          64  m_imu.o(.bss)
    moto_chassis                             0x20001388   Data         288  m_moto.o(.bss)
    moto_gym                                 0x200014a8   Data          96  m_moto.o(.bss)
    moto_toggle                              0x20001508   Data          48  m_moto.o(.bss)
    moto_3508_info                           0x20001538   Data          48  m_moto.o(.bss)
    moto_6623_info                           0x20001568   Data          48  m_moto.o(.bss)
    moto_info                                0x20001598   Data          48  m_moto.o(.bss)
    hcan1                                    0x200015c8   Data          64  can.o(.bss)
    hcan2                                    0x20001608   Data          64  can.o(.bss)
    hdma_usart1_rx                           0x20001748   Data          96  dma.o(.bss)
    hdma_usart2_rx                           0x200017a8   Data          96  dma.o(.bss)
    hdma_usart3_rx                           0x20001808   Data          96  dma.o(.bss)
    hdma_usart6_rx                           0x20001868   Data          96  dma.o(.bss)
    hspi5                                    0x200018c8   Data          88  spi.o(.bss)
    htim2                                    0x20001920   Data          60  tim.o(.bss)
    htim3                                    0x2000195c   Data          60  tim.o(.bss)
    htim4                                    0x20001998   Data          60  tim.o(.bss)
    htim5                                    0x200019d4   Data          60  tim.o(.bss)
    htim6                                    0x20001a10   Data          60  tim.o(.bss)
    htim8                                    0x20001a4c   Data          60  tim.o(.bss)
    htim12                                   0x20001a88   Data          60  tim.o(.bss)
    TIM12_Handler                            0x20001ac4   Data          60  tim.o(.bss)
    TIM12_CH1Handler                         0x20001b00   Data          28  tim.o(.bss)
    TIM12_CH2Handler                         0x20001b1c   Data          28  tim.o(.bss)
    huart1                                   0x20001b38   Data          64  usart.o(.bss)
    huart2                                   0x20001b78   Data          64  usart.o(.bss)
    huart3                                   0x20001bb8   Data          64  usart.o(.bss)
    huart6                                   0x20001bf8   Data          64  usart.o(.bss)
    hpcd_USB_OTG_FS                          0x20001c38   Data         952  usbd_conf.o(.bss)
    __initial_sp                             0x200023f0   Data           0  startup_stm32f427xx.o(STACK)



==============================================================================

Memory Map of the image

  Image Entry point : 0x080001ad

  Load Region LR_IROM1 (Base: 0x08000000, Size: 0x00009058, Max: 0x00200000, ABSOLUTE, COMPRESSED[0x00008eec])

    Execution Region ER_IROM1 (Base: 0x08000000, Size: 0x00008e30, Max: 0x00200000, ABSOLUTE)

    Base Addr    Size         Type   Attr      Idx    E Section Name        Object

    0x08000000   0x000001ac   Data   RO            3    RESET               startup_stm32f427xx.o
    0x080001ac   0x00000000   Code   RO         5706  * .ARM.Collect$$$$00000000  mc_w.l(entry.o)
    0x080001ac   0x00000004   Code   RO         5763    .ARM.Collect$$$$00000001  mc_w.l(entry2.o)
    0x080001b0   0x00000004   Code   RO         5766    .ARM.Collect$$$$00000004  mc_w.l(entry5.o)
    0x080001b4   0x00000000   Code   RO         5768    .ARM.Collect$$$$00000008  mc_w.l(entry7b.o)
    0x080001b4   0x00000000   Code   RO         5770    .ARM.Collect$$$$0000000A  mc_w.l(entry8b.o)
    0x080001b4   0x00000008   Code   RO         5771    .ARM.Collect$$$$0000000B  mc_w.l(entry9a.o)
    0x080001bc   0x00000000   Code   RO         5773    .ARM.Collect$$$$0000000D  mc_w.l(entry10a.o)
    0x080001bc   0x00000000   Code   RO         5775    .ARM.Collect$$$$0000000F  mc_w.l(entry11a.o)
    0x080001bc   0x00000004   Code   RO         5764    .ARM.Collect$$$$00002712  mc_w.l(entry2.o)
    0x080001c0   0x00000024   Code   RO            4    .text               startup_stm32f427xx.o
    0x080001e4   0x00000024   Code   RO         5709    .text               mc_w.l(memcpya.o)
    0x08000208   0x0000014e   Code   RO         5741    .text               mf_w.l(dadd.o)
    0x08000356   0x000000e4   Code   RO         5743    .text               mf_w.l(dmul.o)
    0x0800043a   0x000000de   Code   RO         5745    .text               mf_w.l(ddiv.o)
    0x08000518   0x00000022   Code   RO         5749    .text               mf_w.l(dflti.o)
    0x0800053a   0x0000003e   Code   RO         5753    .text               mf_w.l(dfixi.o)
    0x08000578   0x00000026   Code   RO         5755    .text               mf_w.l(f2d.o)
    0x0800059e   0x00000002   PAD
    0x080005a0   0x00000030   Code   RO         5757    .text               mf_w.l(cdcmple.o)
    0x080005d0   0x00000030   Code   RO         5759    .text               mf_w.l(cdrcmple.o)
    0x08000600   0x00000038   Code   RO         5761    .text               mf_w.l(d2f.o)
    0x08000638   0x0000001e   Code   RO         5777    .text               mc_w.l(llshl.o)
    0x08000656   0x00000020   Code   RO         5779    .text               mc_w.l(llushr.o)
    0x08000676   0x00000024   Code   RO         5781    .text               mc_w.l(llsshr.o)
    0x0800069a   0x00000000   Code   RO         5785    .text               mc_w.l(iusefp.o)
    0x0800069a   0x0000006e   Code   RO         5786    .text               mf_w.l(fepilogue.o)
    0x08000708   0x000000ba   Code   RO         5788    .text               mf_w.l(depilogue.o)
    0x080007c2   0x00000002   PAD
    0x080007c4   0x00000024   Code   RO         5790    .text               mc_w.l(init.o)
    0x080007e8   0x00000056   Code   RO         5800    .text               mc_w.l(__dczerorl2.o)
    0x0800083e   0x00000004   Code   RO         3953    i.BusFault_Handler  stm32f4xx_it.o
    0x08000842   0x00000002   PAD
    0x08000844   0x00000010   Code   RO         3954    i.CAN1_RX0_IRQHandler  stm32f4xx_it.o
    0x08000854   0x00000010   Code   RO         3955    i.CAN1_TX_IRQHandler  stm32f4xx_it.o
    0x08000864   0x00000010   Code   RO         3956    i.CAN2_RX0_IRQHandler  stm32f4xx_it.o
    0x08000874   0x00000010   Code   RO         3957    i.CAN2_TX_IRQHandler  stm32f4xx_it.o
    0x08000884   0x000001ac   Code   RO          700    i.CAN_Receive_IT    stm32f4xx_hal_can.o
    0x08000a30   0x00000074   Code   RO          701    i.CAN_Transmit_IT   stm32f4xx_hal_can.o
    0x08000aa4   0x00000034   Code   RO         4159    i.CM_ctr            t_moto.o
    0x08000ad8   0x00000010   Code   RO         5015    i.DMA2_Stream2_IRQHandler  dma.o
    0x08000ae8   0x00000034   Code   RO         1109    i.DMA_CalcBaseAndBitshift  stm32f4xx_hal_dma.o
    0x08000b1c   0x000000ba   Code   RO         1110    i.DMA_CheckFifoParam  stm32f4xx_hal_dma.o
    0x08000bd6   0x0000002c   Code   RO         1111    i.DMA_SetConfig     stm32f4xx_hal_dma.o
    0x08000c02   0x00000002   Code   RO         3958    i.DebugMon_Handler  stm32f4xx_it.o
    0x08000c04   0x0000000a   Code   RO         3959    i.EXTI1_IRQHandler  stm32f4xx_it.o
    0x08000c0e   0x00000004   Code   RO         3796    i.Error_Handler     main.o
    0x08000c12   0x00000002   PAD
    0x08000c14   0x00000050   Code   RO         4161    i.Gm6623_pitch_ang_ctr  t_moto.o
    0x08000c64   0x0000004c   Code   RO         4162    i.Gm6623_yaw_ang_ctr  t_moto.o
    0x08000cb0   0x0000012c   Code   RO          702    i.HAL_CAN_ConfigFilter  stm32f4xx_hal_can.o
    0x08000ddc   0x00000002   Code   RO          704    i.HAL_CAN_ErrorCallback  stm32f4xx_hal_can.o
    0x08000dde   0x00000002   PAD
    0x08000de0   0x000001cc   Code   RO          707    i.HAL_CAN_IRQHandler  stm32f4xx_hal_can.o
    0x08000fac   0x000001c0   Code   RO          708    i.HAL_CAN_Init      stm32f4xx_hal_can.o
    0x0800116c   0x00000134   Code   RO         4950    i.HAL_CAN_MspInit   can.o
    0x080012a0   0x000000ae   Code   RO          712    i.HAL_CAN_Receive_IT  stm32f4xx_hal_can.o
    0x0800134e   0x00000002   PAD
    0x08001350   0x00000148   Code   RO         4874    i.HAL_CAN_RxCpltCallback  m_moto.o
    0x08001498   0x00000260   Code   RO          715    i.HAL_CAN_Transmit  stm32f4xx_hal_can.o
    0x080016f8   0x00000002   Code   RO         4875    i.HAL_CAN_TxCpltCallback  m_moto.o
    0x080016fa   0x00000028   Code   RO         1113    i.HAL_DMA_Abort_IT  stm32f4xx_hal_dma.o
    0x08001722   0x00000062   Code   RO         1114    i.HAL_DMA_DeInit    stm32f4xx_hal_dma.o
    0x08001784   0x00000248   Code   RO         1117    i.HAL_DMA_IRQHandler  stm32f4xx_hal_dma.o
    0x080019cc   0x000000e8   Code   RO         1118    i.HAL_DMA_Init      stm32f4xx_hal_dma.o
    0x08001ab4   0x0000009e   Code   RO         1122    i.HAL_DMA_Start_IT  stm32f4xx_hal_dma.o
    0x08001b52   0x0000001a   Code   RO         2546    i.HAL_Delay         stm32f4xx_hal.o
    0x08001b6c   0x00000002   Code   RO         2079    i.HAL_GPIO_EXTI_Callback  stm32f4xx_hal_gpio.o
    0x08001b6e   0x00000002   PAD
    0x08001b70   0x0000001c   Code   RO         2080    i.HAL_GPIO_EXTI_IRQHandler  stm32f4xx_hal_gpio.o
    0x08001b8c   0x0000021c   Code   RO         2081    i.HAL_GPIO_Init     stm32f4xx_hal_gpio.o
    0x08001da8   0x0000000c   Code   RO         2085    i.HAL_GPIO_WritePin  stm32f4xx_hal_gpio.o
    0x08001db4   0x0000000c   Code   RO         2554    i.HAL_GetTick       stm32f4xx_hal.o
    0x08001dc0   0x00000010   Code   RO         2555    i.HAL_IncTick       stm32f4xx_hal.o
    0x08001dd0   0x0000003c   Code   RO         2556    i.HAL_Init          stm32f4xx_hal.o
    0x08001e0c   0x00000028   Code   RO         2557    i.HAL_InitTick      stm32f4xx_hal.o
    0x08001e34   0x00000056   Code   RO         5129    i.HAL_MspInit       stm32f4xx_hal_msp.o
    0x08001e8a   0x0000009a   Code   RO          450    i.HAL_MultiProcessor_Init  stm32f4xx_hal_uart.o
    0x08001f24   0x0000001a   Code   RO         3137    i.HAL_NVIC_EnableIRQ  stm32f4xx_hal_cortex.o
    0x08001f3e   0x0000007c   Code   RO         3143    i.HAL_NVIC_SetPriority  stm32f4xx_hal_cortex.o
    0x08001fba   0x00000002   PAD
    0x08001fbc   0x00000028   Code   RO         3144    i.HAL_NVIC_SetPriorityGrouping  stm32f4xx_hal_cortex.o
    0x08001fe4   0x0000000e   Code   RO         5453    i.HAL_PCD_ConnectCallback  usbd_conf.o
    0x08001ff2   0x00000020   Code   RO         5454    i.HAL_PCD_DataInStageCallback  usbd_conf.o
    0x08002012   0x00000020   Code   RO         5455    i.HAL_PCD_DataOutStageCallback  usbd_conf.o
    0x08002032   0x0000000e   Code   RO         5456    i.HAL_PCD_DisconnectCallback  usbd_conf.o
    0x08002040   0x00000068   Code   RO           23    i.HAL_PCD_EP_ClrStall  stm32f4xx_hal_pcd.o
    0x080020a8   0x0000008c   Code   RO           26    i.HAL_PCD_EP_Open   stm32f4xx_hal_pcd.o
    0x08002134   0x00000078   Code   RO           27    i.HAL_PCD_EP_Receive  stm32f4xx_hal_pcd.o
    0x080021ac   0x0000007a   Code   RO           28    i.HAL_PCD_EP_SetStall  stm32f4xx_hal_pcd.o
    0x08002226   0x0000007a   Code   RO           29    i.HAL_PCD_EP_Transmit  stm32f4xx_hal_pcd.o
    0x080022a0   0x00000694   Code   RO           31    i.HAL_PCD_IRQHandler  stm32f4xx_hal_pcd.o
    0x08002934   0x00000012   Code   RO         5457    i.HAL_PCD_ISOINIncompleteCallback  usbd_conf.o
    0x08002946   0x00000012   Code   RO         5458    i.HAL_PCD_ISOOUTIncompleteCallback  usbd_conf.o
    0x08002958   0x00000032   Code   RO         5461    i.HAL_PCD_ResetCallback  usbd_conf.o
    0x0800298a   0x0000000e   Code   RO         5462    i.HAL_PCD_ResumeCallback  usbd_conf.o
    0x08002998   0x0000000e   Code   RO         5463    i.HAL_PCD_SOFCallback  usbd_conf.o
    0x080029a6   0x00000032   Code   RO           40    i.HAL_PCD_SetAddress  stm32f4xx_hal_pcd.o
    0x080029d8   0x00000012   Code   RO         5464    i.HAL_PCD_SetupStageCallback  usbd_conf.o
    0x080029ea   0x00000002   PAD
    0x080029ec   0x00000034   Code   RO         5465    i.HAL_PCD_SuspendCallback  usbd_conf.o
    0x08002a20   0x000001d0   Code   RO          339    i.HAL_RCC_ClockConfig  stm32f4xx_hal_rcc.o
    0x08002bf0   0x0000000c   Code   RO          344    i.HAL_RCC_GetHCLKFreq  stm32f4xx_hal_rcc.o
    0x08002bfc   0x0000002c   Code   RO          346    i.HAL_RCC_GetPCLK1Freq  stm32f4xx_hal_rcc.o
    0x08002c28   0x0000002c   Code   RO          347    i.HAL_RCC_GetPCLK2Freq  stm32f4xx_hal_rcc.o
    0x08002c54   0x000000b4   Code   RO          348    i.HAL_RCC_GetSysClockFreq  stm32f4xx_hal_rcc.o
    0x08002d08   0x0000039c   Code   RO          351    i.HAL_RCC_OscConfig  stm32f4xx_hal_rcc.o
    0x080030a4   0x0000008c   Code   RO          838    i.HAL_SPI_Init      stm32f4xx_hal_spi.o
    0x08003130   0x0000005c   Code   RO         5088    i.HAL_SPI_MspInit   spi.o
    0x0800318c   0x0000021e   Code   RO          847    i.HAL_SPI_TransmitReceive  stm32f4xx_hal_spi.o
    0x080033aa   0x00000028   Code   RO         3146    i.HAL_SYSTICK_CLKSourceConfig  stm32f4xx_hal_cortex.o
    0x080033d2   0x00000002   Code   RO         3147    i.HAL_SYSTICK_Callback  stm32f4xx_hal_cortex.o
    0x080033d4   0x00000034   Code   RO         3148    i.HAL_SYSTICK_Config  stm32f4xx_hal_cortex.o
    0x08003408   0x00000008   Code   RO         3149    i.HAL_SYSTICK_IRQHandler  stm32f4xx_hal_cortex.o
    0x08003410   0x00000002   Code   RO         2144    i.HAL_TIMEx_BreakCallback  stm32f4xx_hal_tim_ex.o
    0x08003412   0x00000002   Code   RO         2145    i.HAL_TIMEx_CommutationCallback  stm32f4xx_hal_tim_ex.o
    0x08003414   0x00000062   Code   RO         2161    i.HAL_TIMEx_MasterConfigSynchronization  stm32f4xx_hal_tim_ex.o
    0x08003476   0x00000034   Code   RO         1289    i.HAL_TIM_Base_Init  stm32f4xx_hal_tim.o
    0x080034aa   0x00000002   PAD
    0x080034ac   0x00000174   Code   RO         5154    i.HAL_TIM_Base_MspInit  tim.o
    0x08003620   0x0000001e   Code   RO         1294    i.HAL_TIM_Base_Start_IT  stm32f4xx_hal_tim.o
    0x0800363e   0x00000132   Code   RO         1298    i.HAL_TIM_ConfigClockSource  stm32f4xx_hal_tim.o
    0x08003770   0x00000002   Code   RO         1318    i.HAL_TIM_IC_CaptureCallback  stm32f4xx_hal_tim.o
    0x08003772   0x00000196   Code   RO         1331    i.HAL_TIM_IRQHandler  stm32f4xx_hal_tim.o
    0x08003908   0x00000128   Code   RO         5155    i.HAL_TIM_MspPostInit  tim.o
    0x08003a30   0x00000002   Code   RO         1334    i.HAL_TIM_OC_DelayElapsedCallback  stm32f4xx_hal_tim.o
    0x08003a32   0x00000108   Code   RO         1355    i.HAL_TIM_PWM_ConfigChannel  stm32f4xx_hal_tim.o
    0x08003b3a   0x00000034   Code   RO         1358    i.HAL_TIM_PWM_Init  stm32f4xx_hal_tim.o
    0x08003b6e   0x00000002   PAD
    0x08003b70   0x00000074   Code   RO         5156    i.HAL_TIM_PWM_MspInit  tim.o
    0x08003be4   0x00000002   Code   RO         1361    i.HAL_TIM_PWM_PulseFinishedCallback  stm32f4xx_hal_tim.o
    0x08003be6   0x00000002   PAD
    0x08003be8   0x0000004c   Code   RO         1362    i.HAL_TIM_PWM_Start  stm32f4xx_hal_tim.o
    0x08003c34   0x000001cc   Code   RO         4113    i.HAL_TIM_PeriodElapsedCallback  control.o
    0x08003e00   0x00000002   Code   RO         1372    i.HAL_TIM_TriggerCallback  stm32f4xx_hal_tim.o
    0x08003e02   0x00000002   Code   RO          455    i.HAL_UART_ErrorCallback  stm32f4xx_hal_uart.o
    0x08003e04   0x0000014c   Code   RO          458    i.HAL_UART_IRQHandler  stm32f4xx_hal_uart.o
    0x08003f50   0x0000017c   Code   RO         5280    i.HAL_UART_MspInit  usart.o
    0x080040cc   0x000000a8   Code   RO          463    i.HAL_UART_Receive_DMA  stm32f4xx_hal_uart.o
    0x08004174   0x00000064   Code   RO          464    i.HAL_UART_Receive_IT  stm32f4xx_hal_uart.o
    0x080041d8   0x00000068   Code   RO         4114    i.HAL_UART_RxCpltCallback  control.o
    0x08004240   0x00000002   Code   RO          466    i.HAL_UART_RxHalfCpltCallback  stm32f4xx_hal_uart.o
    0x08004242   0x000000d6   Code   RO          467    i.HAL_UART_Transmit  stm32f4xx_hal_uart.o
    0x08004318   0x00000002   Code   RO          470    i.HAL_UART_TxCpltCallback  stm32f4xx_hal_uart.o
    0x0800431a   0x00000004   Code   RO         3960    i.HardFault_Handler  stm32f4xx_it.o
    0x0800431e   0x00000002   PAD
    0x08004320   0x0000010c   Code   RO         4779    i.IMU_Get_Data      m_imu.o
    0x0800442c   0x00000054   Code   RO         4783    i.MPU6500_Init      m_imu.o
    0x08004480   0x00000054   Code   RO         4784    i.MPU6500_Read_Reg  m_imu.o
    0x080044d4   0x00000064   Code   RO         4785    i.MPU6500_Read_Regs  m_imu.o
    0x08004538   0x00000058   Code   RO         4788    i.MPU6500_Write_Reg  m_imu.o
    0x08004590   0x000003b8   Code   RO         4513    i.MPUDataProcess    mpu6050.o
    0x08004948   0x00000044   Code   RO         4951    i.MX_CAN1_Init      can.o
    0x0800498c   0x000001b4   Code   RO         5063    i.MX_GPIO_Init      gpio.o
    0x08004b40   0x00000044   Code   RO         5089    i.MX_SPI5_Init      spi.o
    0x08004b84   0x000000bc   Code   RO         5158    i.MX_TIM2_Init      tim.o
    0x08004c40   0x00000040   Code   RO         5281    i.MX_USART1_UART_Init  usart.o
    0x08004c80   0x0000003c   Code   RO         5282    i.MX_USART2_UART_Init  usart.o
    0x08004cbc   0x0000003c   Code   RO         5283    i.MX_USART3_UART_Init  usart.o
    0x08004cf8   0x0000003c   Code   RO         5284    i.MX_USART6_UART_Init  usart.o
    0x08004d34   0x000000c4   Code   RO         5017    i.MYDMA_Config      dma.o
    0x08004df8   0x00000004   Code   RO         3961    i.MemManage_Handler  stm32f4xx_it.o
    0x08004dfc   0x00000002   Code   RO         3962    i.NMI_Handler       stm32f4xx_it.o
    0x08004dfe   0x00000002   PAD
    0x08004e00   0x00000010   Code   RO         3150    i.NVIC_GetPriorityGrouping  stm32f4xx_hal_cortex.o
    0x08004e10   0x00000028   Code   RO         3151    i.NVIC_SetPriority  stm32f4xx_hal_cortex.o
    0x08004e38   0x00000010   Code   RO         3963    i.OTG_FS_IRQHandler  stm32f4xx_it.o
    0x08004e48   0x000000a2   Code   RO           45    i.PCD_WriteEmptyTxFifo  stm32f4xx_hal_pcd.o
    0x08004eea   0x00000002   PAD
    0x08004eec   0x00000050   Code   RO         4535    i.PID_struct_init   pid.o
    0x08004f3c   0x00000002   Code   RO         3964    i.PendSV_Handler    stm32f4xx_it.o
    0x08004f3e   0x00000002   PAD
    0x08004f40   0x000000c0   Code   RO         4650    i.RemoteDataProcess  m_remote.o
    0x08005000   0x00000028   Code   RO          860    i.SPI_CheckFlag_BSY  stm32f4xx_hal_spi.o
    0x08005028   0x000000aa   Code   RO          876    i.SPI_WaitFlagStateUntilTimeout  stm32f4xx_hal_spi.o
    0x080050d2   0x00000002   Code   RO         3965    i.SVC_Handler       stm32f4xx_it.o
    0x080050d4   0x00000060   Code   RO         4876    i.Set_3508_current  m_moto.o
    0x08005134   0x00000060   Code   RO         4877    i.Set_6623_current  m_moto.o
    0x08005194   0x0000000c   Code   RO         3966    i.SysTick_Handler   stm32f4xx_it.o
    0x080051a0   0x000000c4   Code   RO         3797    i.SystemClock_Config  main.o
    0x08005264   0x00000064   Code   RO         3745    i.SystemInit        system_stm32f4xx.o
    0x080052c8   0x00000084   Code   RO         5164    i.TIM12_PWM_Init    tim.o
    0x0800534c   0x00000010   Code   RO         5165    i.TIM3_IRQHandler   tim.o
    0x0800535c   0x0000002c   Code   RO         5166    i.TIM3_Init         tim.o
    0x08005388   0x00000010   Code   RO         5167    i.TIM5_IRQHandler   tim.o
    0x08005398   0x0000002c   Code   RO         5168    i.TIM5_Init         tim.o
    0x080053c4   0x000000e4   Code   RO         1373    i.TIM_Base_SetConfig  stm32f4xx_hal_tim.o
    0x080054a8   0x0000001c   Code   RO         1374    i.TIM_CCxChannelCmd  stm32f4xx_hal_tim.o
    0x080054c4   0x00000018   Code   RO         1380    i.TIM_ETR_SetConfig  stm32f4xx_hal_tim.o
    0x080054dc   0x00000014   Code   RO         1381    i.TIM_ITRx_SetConfig  stm32f4xx_hal_tim.o
    0x080054f0   0x00000070   Code   RO         1382    i.TIM_OC1_SetConfig  stm32f4xx_hal_tim.o
    0x08005560   0x00000078   Code   RO         1383    i.TIM_OC2_SetConfig  stm32f4xx_hal_tim.o
    0x080055d8   0x00000078   Code   RO         1384    i.TIM_OC3_SetConfig  stm32f4xx_hal_tim.o
    0x08005650   0x00000060   Code   RO         1385    i.TIM_OC4_SetConfig  stm32f4xx_hal_tim.o
    0x080056b0   0x0000002a   Code   RO         1387    i.TIM_TI1_ConfigInputStage  stm32f4xx_hal_tim.o
    0x080056da   0x0000002c   Code   RO         1389    i.TIM_TI2_ConfigInputStage  stm32f4xx_hal_tim.o
    0x08005706   0x00000002   PAD
    0x08005708   0x00000044   Code   RO         4440    i.Tk1DataProcess    t_tk1.o
    0x0800574c   0x000001c8   Code   RO         4749    i.Toggler_ctr       m_toggle.o
    0x08005914   0x00000014   Code   RO          472    i.UART_DMAAbortOnError  stm32f4xx_hal_uart.o
    0x08005928   0x00000050   Code   RO          473    i.UART_DMAError     stm32f4xx_hal_uart.o
    0x08005978   0x00000046   Code   RO          474    i.UART_DMAReceiveCplt  stm32f4xx_hal_uart.o
    0x080059be   0x0000000e   Code   RO          475    i.UART_DMARxHalfCplt  stm32f4xx_hal_uart.o
    0x080059cc   0x00000020   Code   RO          478    i.UART_EndRxTransfer  stm32f4xx_hal_uart.o
    0x080059ec   0x00000020   Code   RO          479    i.UART_EndTransmit_IT  stm32f4xx_hal_uart.o
    0x08005a0c   0x00000014   Code   RO          480    i.UART_EndTxTransfer  stm32f4xx_hal_uart.o
    0x08005a20   0x0000009a   Code   RO          481    i.UART_Receive_IT   stm32f4xx_hal_uart.o
    0x08005aba   0x00000002   PAD
    0x08005abc   0x00000368   Code   RO          482    i.UART_SetConfig    stm32f4xx_hal_uart.o
    0x08005e24   0x00000068   Code   RO          483    i.UART_Transmit_IT  stm32f4xx_hal_uart.o
    0x08005e8c   0x0000006c   Code   RO          484    i.UART_WaitOnFlagUntilTimeout  stm32f4xx_hal_uart.o
    0x08005ef8   0x00000010   Code   RO         5285    i.USART1_IRQHandler  usart.o
    0x08005f08   0x00000010   Code   RO         5286    i.USART2_IRQHandler  usart.o
    0x08005f18   0x00000010   Code   RO         5287    i.USART3_IRQHandler  usart.o
    0x08005f28   0x00000010   Code   RO         3967    i.USART6_IRQHandler  stm32f4xx_it.o
    0x08005f38   0x00000016   Code   RO         3546    i.USBD_ClrClassConfig  usbd_core.o
    0x08005f4e   0x00000044   Code   RO         3451    i.USBD_ClrFeature   usbd_ctlreq.o
    0x08005f92   0x00000018   Code   RO         3684    i.USBD_CtlContinueRx  usbd_ioreq.o
    0x08005faa   0x00000018   Code   RO         3685    i.USBD_CtlContinueSendData  usbd_ioreq.o
    0x08005fc2   0x00000018   Code   RO         3452    i.USBD_CtlError     usbd_ctlreq.o
    0x08005fda   0x0000001a   Code   RO         3687    i.USBD_CtlReceiveStatus  usbd_ioreq.o
    0x08005ff4   0x00000022   Code   RO         3688    i.USBD_CtlSendData  usbd_ioreq.o
    0x08006016   0x0000001a   Code   RO         3689    i.USBD_CtlSendStatus  usbd_ioreq.o
    0x08006030   0x00000050   Code   RO         3453    i.USBD_GetConfig    usbd_ctlreq.o
    0x08006080   0x00000148   Code   RO         3454    i.USBD_GetDescriptor  usbd_ctlreq.o
    0x080061c8   0x00000044   Code   RO         3456    i.USBD_GetStatus    usbd_ctlreq.o
    0x0800620c   0x00000014   Code   RO         5466    i.USBD_LL_ClearStallEP  usbd_conf.o
    0x08006220   0x000000da   Code   RO         3549    i.USBD_LL_DataInStage  usbd_core.o
    0x080062fa   0x00000086   Code   RO         3550    i.USBD_LL_DataOutStage  usbd_core.o
    0x08006380   0x00000006   Code   RO         3551    i.USBD_LL_DevConnected  usbd_core.o
    0x08006386   0x0000001a   Code   RO         3552    i.USBD_LL_DevDisconnected  usbd_core.o
    0x080063a0   0x00000038   Code   RO         5473    i.USBD_LL_IsStallEP  usbd_conf.o
    0x080063d8   0x00000006   Code   RO         3553    i.USBD_LL_IsoINIncomplete  usbd_core.o
    0x080063de   0x00000006   Code   RO         3554    i.USBD_LL_IsoOUTIncomplete  usbd_core.o
    0x080063e4   0x00000020   Code   RO         5474    i.USBD_LL_OpenEP    usbd_conf.o
    0x08006404   0x00000020   Code   RO         5475    i.USBD_LL_PrepareReceive  usbd_conf.o
    0x08006424   0x00000044   Code   RO         3555    i.USBD_LL_Reset     usbd_core.o
    0x08006468   0x0000000e   Code   RO         3556    i.USBD_LL_Resume    usbd_core.o
    0x08006476   0x00000022   Code   RO         3557    i.USBD_LL_SOF       usbd_core.o
    0x08006498   0x00000008   Code   RO         3558    i.USBD_LL_SetSpeed  usbd_core.o
    0x080064a0   0x00000014   Code   RO         5476    i.USBD_LL_SetUSBAddress  usbd_conf.o
    0x080064b4   0x0000006e   Code   RO         3559    i.USBD_LL_SetupStage  usbd_core.o
    0x08006522   0x00000014   Code   RO         5477    i.USBD_LL_StallEP   usbd_conf.o
    0x08006536   0x00000014   Code   RO         3560    i.USBD_LL_Suspend   usbd_core.o
    0x0800654a   0x00000020   Code   RO         5480    i.USBD_LL_Transmit  usbd_conf.o
    0x0800656a   0x00000028   Code   RO         3458    i.USBD_ParseSetupRequest  usbd_ctlreq.o
    0x08006592   0x00000006   Code   RO         3562    i.USBD_RunTestMode  usbd_core.o
    0x08006598   0x00000054   Code   RO         3459    i.USBD_SetAddress   usbd_ctlreq.o
    0x080065ec   0x00000022   Code   RO         3563    i.USBD_SetClassConfig  usbd_core.o
    0x0800660e   0x00000002   PAD
    0x08006610   0x000000e0   Code   RO         3460    i.USBD_SetConfig    usbd_ctlreq.o
    0x080066f0   0x00000024   Code   RO         3461    i.USBD_SetFeature   usbd_ctlreq.o
    0x08006714   0x00000072   Code   RO         3462    i.USBD_StdDevReq    usbd_ctlreq.o
    0x08006786   0x00000156   Code   RO         3463    i.USBD_StdEPReq     usbd_ctlreq.o
    0x080068dc   0x0000004a   Code   RO         3464    i.USBD_StdItfReq    usbd_ctlreq.o
    0x08006926   0x00000002   PAD
    0x08006928   0x000000c4   Code   RO         2817    i.USB_ActivateEndpoint  stm32f4xx_ll_usb.o
    0x080069ec   0x00000044   Code   RO         2818    i.USB_ActivateSetup  stm32f4xx_ll_usb.o
    0x08006a30   0x000001b0   Code   RO         2830    i.USB_EP0StartXfer  stm32f4xx_ll_usb.o
    0x08006be0   0x00000044   Code   RO         2831    i.USB_EP0_OutStart  stm32f4xx_ll_usb.o
    0x08006c24   0x00000088   Code   RO         2832    i.USB_EPClearStall  stm32f4xx_ll_usb.o
    0x08006cac   0x0000008c   Code   RO         2833    i.USB_EPSetStall    stm32f4xx_ll_usb.o
    0x08006d38   0x000002d0   Code   RO         2834    i.USB_EPStartXfer   stm32f4xx_ll_usb.o
    0x08007008   0x00000030   Code   RO         2837    i.USB_FlushTxFifo   stm32f4xx_ll_usb.o
    0x08007038   0x00000044   Code   RO         2839    i.USB_GetDevSpeed   stm32f4xx_ll_usb.o
    0x0800707c   0x0000000a   Code   RO         2841    i.USB_GetMode       stm32f4xx_ll_usb.o
    0x08007086   0x00000012   Code   RO         2848    i.USB_ReadDevAllInEpInterrupt  stm32f4xx_ll_usb.o
    0x08007098   0x00000012   Code   RO         2849    i.USB_ReadDevAllOutEpInterrupt  stm32f4xx_ll_usb.o
    0x080070aa   0x0000002c   Code   RO         2850    i.USB_ReadDevInEPInterrupt  stm32f4xx_ll_usb.o
    0x080070d6   0x00000016   Code   RO         2851    i.USB_ReadDevOutEPInterrupt  stm32f4xx_ll_usb.o
    0x080070ec   0x0000000c   Code   RO         2852    i.USB_ReadInterrupts  stm32f4xx_ll_usb.o
    0x080070f8   0x00000022   Code   RO         2853    i.USB_ReadPacket    stm32f4xx_ll_usb.o
    0x0800711a   0x00000024   Code   RO         2856    i.USB_SetDevAddress  stm32f4xx_ll_usb.o
    0x0800713e   0x00000030   Code   RO         2860    i.USB_WritePacket   stm32f4xx_ll_usb.o
    0x0800716e   0x00000004   Code   RO         3968    i.UsageFault_Handler  stm32f4xx_it.o
    0x08007172   0x0000000e   Code   RO         5794    i.__scatterload_copy  mc_w.l(handlers.o)
    0x08007180   0x00000002   Code   RO         5795    i.__scatterload_null  mc_w.l(handlers.o)
    0x08007182   0x0000000e   Code   RO         5796    i.__scatterload_zeroinit  mc_w.l(handlers.o)
    0x08007190   0x0000002e   Code   RO         4536    i.abs_limit         pid.o
    0x080071be   0x00000002   PAD
    0x080071c0   0x00000124   Code   RO         3798    i.all_bsp_init      main.o
    0x080072e4   0x00000290   Code   RO         3799    i.all_pid_init      main.o
    0x08007574   0x000000c4   Code   RO         4164    i.cm_follow         t_moto.o
    0x08007638   0x00000050   Code   RO         4165    i.cm_spd_ctr        t_moto.o
    0x08007688   0x00000050   Code   RO         4166    i.cm_spd_slop_ctr   t_moto.o
    0x080076d8   0x0000003c   Code   RO         4167    i.cm_unfollow       t_moto.o
    0x08007714   0x00000178   Code   RO         4273    i.ctrcmsqin         t_remote.o
    0x0800788c   0x00000074   Code   RO         4879    i.get_moto_measure  m_moto.o
    0x08007900   0x00000014   Code   RO         4880    i.get_moto_offset   m_moto.o
    0x08007914   0x00000190   Code   RO         4168    i.km_au_pit_ctr     t_moto.o
    0x08007aa4   0x000001d4   Code   RO         4169    i.km_au_yaw_ctr     t_moto.o
    0x08007c78   0x0000005c   Code   RO         4170    i.km_egg_yaw_ctr    t_moto.o
    0x08007cd4   0x000001b8   Code   RO         4171    i.km_nor_pit_ctr    t_moto.o
    0x08007e8c   0x00000204   Code   RO         4172    i.km_nor_yaw_ctr    t_moto.o
    0x08008090   0x00000044   Code   RO         3801    i.main              main.o
    0x080080d4   0x0000002c   Code   RO         4486    i.mcu_task          mcu_task.o
    0x08008100   0x00000154   Code   RO         4279    i.mkallrun          t_remote.o
    0x08008254   0x0000006c   Code   RO         4282    i.mkfollow          t_remote.o
    0x080082c0   0x000000a4   Code   RO         4283    i.mknormal          t_remote.o
    0x08008364   0x00000080   Code   RO         4284    i.mkseparate        t_remote.o
    0x080083e4   0x00000130   Code   RO         4285    i.mktotalrun        t_remote.o
    0x08008514   0x00000024   Code   RO         4287    i.mousekeycontrolprocess  t_remote.o
    0x08008538   0x00000070   Code   RO         4954    i.my_can_filter_init_recv_all  can.o
    0x080085a8   0x00000214   Code   RO         4539    i.pid_calc          pid.o
    0x080087bc   0x00000274   Code   RO         4542    i.pid_calc_pitch_angle  pid.o
    0x08008a30   0x000000dc   Code   RO         4545    i.pid_follow_calc   pid.o
    0x08008b0c   0x00000014   Code   RO         4546    i.pid_param_init    pid.o
    0x08008b20   0x0000000e   Code   RO         4547    i.pid_reset         pid.o
    0x08008b2e   0x00000002   PAD
    0x08008b30   0x00000168   Code   RO         4288    i.readkey           t_remote.o
    0x08008c98   0x0000009c   Code   RO         4293    i.shoot             t_remote.o
    0x08008d34   0x000000b0   Code   RO         4468    i.toggle_heat_ctr   t_toggle.o
    0x08008de4   0x00000010   Data   RO          352    .constdata          stm32f4xx_hal_rcc.o
    0x08008df4   0x00000008   Data   RO         1124    .constdata          stm32f4xx_hal_dma.o
    0x08008dfc   0x00000014   Data   RO         4791    .constdata          m_imu.o
    0x08008e10   0x00000020   Data   RO         5792    Region$$Table       anon$$obj.o


    Execution Region RW_IRAM1 (Base: 0x20000000, Size: 0x000023f0, Max: 0x00030000, ABSOLUTE, COMPRESSED[0x000000bc])

    Base Addr    Size         Type   Attr      Idx    E Section Name        Object

    0x20000000   0x00000004   Data   RW         2562    .data               stm32f4xx_hal.o
    0x20000004   0x00000001   Data   RW         3465    .data               usbd_ctlreq.o
    0x20000005   0x00000003   PAD
    0x20000008   0x00000004   Data   RW         3747    .data               system_stm32f4xx.o
    0x2000000c   0x00000019   Data   RW         4116    .data               control.o
    0x20000025   0x00000003   PAD
    0x20000028   0x000000d8   Data   RW         4174    .data               t_moto.o
    0x20000100   0x00000040   Data   RW         4295    .data               t_remote.o
    0x20000140   0x0000000a   Data   RW         4442    .data               t_tk1.o
    0x2000014a   0x00000002   PAD
    0x2000014c   0x00000008   Data   RW         4469    .data               t_toggle.o
    0x20000154   0x00000005   Data   RW         4487    .data               mcu_task.o
    0x20000159   0x00000003   PAD
    0x2000015c   0x00000004   Data   RW         4515    .data               mpu6050.o
    0x20000160   0x00000084   Data   RW         4551    .data               pid.o
    0x200001e4   0x00000008   Data   RW         4652    .data               m_remote.o
    0x200001ec   0x0000001a   Data   RW         4750    .data               m_toggle.o
    0x20000206   0x00000015   Data   RW         4792    .data               m_imu.o
    0x2000021b   0x00000001   PAD
    0x2000021c   0x00000008   Data   RW         4883    .data               m_moto.o
    0x20000224   0x00000004   Data   RW         4956    .data               can.o
    0x20000228   0x0000003e   Zero   RW         4115    .bss                control.o
    0x20000266   0x00000002   PAD
    0x20000268   0x000000a0   Zero   RW         4173    .bss                t_moto.o
    0x20000308   0x00000010   Zero   RW         4294    .bss                t_remote.o
    0x20000318   0x00000010   Zero   RW         4441    .bss                t_tk1.o
    0x20000328   0x0000003c   Zero   RW         4514    .bss                mpu6050.o
    0x20000364   0x00000f50   Zero   RW         4550    .bss                pid.o
    0x200012b4   0x00000038   Zero   RW         4651    .bss                m_remote.o
    0x200012ec   0x0000001c   Zero   RW         4688    .bss                m_protocol.o
    0x20001308   0x00000080   Zero   RW         4790    .bss                m_imu.o
    0x20001388   0x00000240   Zero   RW         4882    .bss                m_moto.o
    0x200015c8   0x00000180   Zero   RW         4955    .bss                can.o
    0x20001748   0x00000180   Zero   RW         5019    .bss                dma.o
    0x200018c8   0x00000058   Zero   RW         5090    .bss                spi.o
    0x20001920   0x00000218   Zero   RW         5170    .bss                tim.o
    0x20001b38   0x00000100   Zero   RW         5289    .bss                usart.o
    0x20001c38   0x000003b8   Zero   RW         5481    .bss                usbd_conf.o
    0x20001ff0   0x00000400   Zero   RW            1    STACK               startup_stm32f427xx.o


==============================================================================

Image component sizes


      Code (inc. data)   RO Data    RW Data    ZI Data      Debug   Object Name

       488         58          0          4        384       3264   can.o
       564         86          0         25         62       2539   control.o
       212         24          0          0        384       1823   dma.o
       436         24          0          0          0       1219   gpio.o
       624         70         20         21        128       4471   m_imu.o
       658         28          0          8        576       6027   m_moto.o
         0          0          0          0         28       2908   m_protocol.o
       192          6          0          8         56       2714   m_remote.o
       456         70          0         26          0       1111   m_toggle.o
      1216        272          0          0          0      10715   main.o
        44         12          0          5          0       1002   mcu_task.o
       952         68          0          4         60       1391   mpu6050.o
      1540         32          0        132       3920       9588   pid.o
       160         20          0          0         88       1613   spi.o
        36          8        428          0       1024        824   startup_stm32f427xx.o
       154         20          0          4          0       4139   stm32f4xx_hal.o
      2536         34          0          0          0       6827   stm32f4xx_hal_can.o
       348         22          0          0          0      32497   stm32f4xx_hal_cortex.o
      1394         20          8          0          0       6783   stm32f4xx_hal_dma.o
       582         58          0          0          0       3564   stm32f4xx_hal_gpio.o
        86          0          0          0          0        518   stm32f4xx_hal_msp.o
      2504         46          0          0          0     372115   stm32f4xx_hal_pcd.o
      1668         70         16          0          0       5599   stm32f4xx_hal_rcc.o
       892          0          0          0          0       4129   stm32f4xx_hal_spi.o
      2028         88          0          0          0      15026   stm32f4xx_hal_tim.o
       102          0          0          0          0       2298   stm32f4xx_hal_tim_ex.o
      2480         28          0          0          0      13462   stm32f4xx_hal_uart.o
       142         36          0          0          0       7539   stm32f4xx_it.o
      2118         20          0          0          0      12733   stm32f4xx_ll_usb.o
       100         18          0          4          0       1317   system_stm32f4xx.o
      2540        410          0        216        160      11115   t_moto.o
      1972        174          0         64         16       8538   t_remote.o
        68          8          0         10         16       1238   t_tk1.o
       176         18          0          8          0       1145   t_toggle.o
      1224        126          0          0        536       6520   tim.o
       672         92          0          0        256       5065   usart.o
         0          0          0          0          0       4364   usbd_cdc.o
       488          6          0          0        952      11311   usbd_conf.o
       712          0          0          0          0      10391   usbd_core.o
      1482         30          0          1          0       9151   usbd_ctlreq.o
       134          0          0          0          0       3796   usbd_ioreq.o

    ----------------------------------------------------------------------
     34220       2102        504        552       8648     612389   Object Totals
         0          0         32          0          0          0   (incl. Generated)
        40          0          0         12          2          0   (incl. Padding)

    ----------------------------------------------------------------------

      Code (inc. data)   RO Data    RW Data    ZI Data      Debug   Library Member Name

        86          0          0          0          0          0   __dczerorl2.o
         0          0          0          0          0          0   entry.o
         0          0          0          0          0          0   entry10a.o
         0          0          0          0          0          0   entry11a.o
         8          4          0          0          0          0   entry2.o
         4          0          0          0          0          0   entry5.o
         0          0          0          0          0          0   entry7b.o
         0          0          0          0          0          0   entry8b.o
         8          4          0          0          0          0   entry9a.o
        30          0          0          0          0          0   handlers.o
        36          8          0          0          0         68   init.o
         0          0          0          0          0          0   iusefp.o
        30          0          0          0          0         68   llshl.o
        36          0          0          0          0         68   llsshr.o
        32          0          0          0          0         68   llushr.o
        36          0          0          0          0         68   memcpya.o
        48          0          0          0          0         68   cdcmple.o
        48          0          0          0          0         68   cdrcmple.o
        56          0          0          0          0         88   d2f.o
       334          0          0          0          0        148   dadd.o
       222          0          0          0          0        100   ddiv.o
       186          0          0          0          0        176   depilogue.o
        62          0          0          0          0         80   dfixi.o
        34          0          0          0          0         76   dflti.o
       228          0          0          0          0         96   dmul.o
        38          0          0          0          0         68   f2d.o
       110          0          0          0          0        168   fepilogue.o

    ----------------------------------------------------------------------
      1676         16          0          0          0       1476   Library Totals
         4          0          0          0          0          0   (incl. Padding)

    ----------------------------------------------------------------------

      Code (inc. data)   RO Data    RW Data    ZI Data      Debug   Library Name

       306         16          0          0          0        340   mc_w.l
      1366          0          0          0          0       1136   mf_w.l

    ----------------------------------------------------------------------
      1676         16          0          0          0       1476   Library Totals

    ----------------------------------------------------------------------

==============================================================================


      Code (inc. data)   RO Data    RW Data    ZI Data      Debug   

     35896       2118        504        552       8648     588973   Grand Totals
     35896       2118        504        188       8648     588973   ELF Image Totals (compressed)
     35896       2118        504        188          0          0   ROM Totals

==============================================================================

    Total RO  Size (Code + RO Data)                36400 (  35.55kB)
    Total RW  Size (RW Data + ZI Data)              9200 (   8.98kB)
    Total ROM Size (Code + RO Data + RW Data)      36588 (  35.73kB)

==============================================================================

